Component: ARM Compiler 5.06 update 7 (build 960) Tool: armlink [4d3601]

==============================================================================

Section Cross References

    n32h47x_48x_it.o(i.EXTI0_IRQHandler) refers to n32h47x_48x_exti.o(i.EXTI_GetITStatus) for EXTI_GetITStatus
    n32h47x_48x_it.o(i.EXTI0_IRQHandler) refers to n32h47x_48x_exti.o(i.EXTI_ClrITPendBit) for EXTI_ClrITPendBit
    n32h47x_48x_it.o(i.EXTI15_10_IRQHandler) refers to cbc.o(.data) for CBC_Element
    n32h47x_48x_it.o(i.EXTI15_10_IRQHandler) refers to system_monitor.o(.data) for System_OnOFF_Func
    n32h47x_48x_it.o(i.EXTI15_10_IRQHandler) refers to n32h47x_48x_exti.o(i.EXTI_GetITStatus) for EXTI_GetITStatus
    n32h47x_48x_it.o(i.EXTI15_10_IRQHandler) refers to n32h47x_48x_exti.o(i.EXTI_ClrITPendBit) for EXTI_ClrITPendBit
    n32h47x_48x_it.o(i.EXTI1_IRQHandler) refers to n32h47x_48x_exti.o(i.EXTI_GetITStatus) for EXTI_GetITStatus
    n32h47x_48x_it.o(i.EXTI1_IRQHandler) refers to n32h47x_48x_exti.o(i.EXTI_ClrITPendBit) for EXTI_ClrITPendBit
    n32h47x_48x_it.o(i.EXTI2_IRQHandler) refers to n32h47x_48x_exti.o(i.EXTI_GetITStatus) for EXTI_GetITStatus
    n32h47x_48x_it.o(i.EXTI2_IRQHandler) refers to n32h47x_48x_exti.o(i.EXTI_ClrITPendBit) for EXTI_ClrITPendBit
    n32h47x_48x_it.o(i.EXTI9_5_IRQHandler) refers to n32h47x_48x_exti.o(i.EXTI_GetITStatus) for EXTI_GetITStatus
    n32h47x_48x_it.o(i.EXTI9_5_IRQHandler) refers to n32h47x_48x_exti.o(i.EXTI_ClrITPendBit) for EXTI_ClrITPendBit
    n32h47x_48x_it.o(i.FDCAN3_INT0_IRQHandler) refers to can_com.o(.bss) for RxMessage
    n32h47x_48x_it.o(i.FDCAN3_INT0_IRQHandler) refers to can_com.o(.data) for Can_Status_Flag
    n32h47x_48x_it.o(i.FDCAN3_INT0_IRQHandler) refers to n32h47x_48x_fdcan.o(i.FDCAN_GetIntFlag) for FDCAN_GetIntFlag
    n32h47x_48x_it.o(i.FDCAN3_INT0_IRQHandler) refers to n32h47x_48x_fdcan.o(i.FDCAN_ClearFlag) for FDCAN_ClearFlag
    n32h47x_48x_it.o(i.FDCAN3_INT0_IRQHandler) refers to n32h47x_48x_fdcan.o(i.FDCAN_GetRxMsg) for FDCAN_GetRxMsg
    n32h47x_48x_it.o(i.UART5_IRQHandler) refers to uart_upper.o(.bss) for g_stCurrentMsgPtr_SCI3
    n32h47x_48x_it.o(i.UART5_IRQHandler) refers to n32h47x_48x_usart.o(i.USART_GetFlagStatus) for USART_GetFlagStatus
    n32h47x_48x_it.o(i.UART5_IRQHandler) refers to n32h47x_48x_usart.o(i.USART_GetIntStatus) for USART_GetIntStatus
    n32h47x_48x_it.o(i.UART5_IRQHandler) refers to uart_upper.o(i.Sci3_CommonUpper_FaultChk) for Sci3_CommonUpper_FaultChk
    n32h47x_48x_it.o(i.UART5_IRQHandler) refers to uart_upper.o(i.Sci3_CommonUpper_Rx_Deal) for Sci3_CommonUpper_Rx_Deal
    n32h47x_48x_it.o(i.UART7_IRQHandler) refers to uart_upper.o(.bss) for g_stCurrentMsgPtr_SCI2
    n32h47x_48x_it.o(i.UART7_IRQHandler) refers to n32h47x_48x_usart.o(i.USART_GetFlagStatus) for USART_GetFlagStatus
    n32h47x_48x_it.o(i.UART7_IRQHandler) refers to n32h47x_48x_usart.o(i.USART_GetIntStatus) for USART_GetIntStatus
    n32h47x_48x_it.o(i.UART7_IRQHandler) refers to uart_upper.o(i.Sci2_CommonUpper_FaultChk) for Sci2_CommonUpper_FaultChk
    n32h47x_48x_it.o(i.UART7_IRQHandler) refers to uart_upper.o(i.Sci2_CommonUpper_Rx_Deal) for Sci2_CommonUpper_Rx_Deal
    n32h47x_48x_it.o(i.USART1_IRQHandler) refers to uart_upper.o(.bss) for g_stCurrentMsgPtr_SCI3
    n32h47x_48x_it.o(i.USART1_IRQHandler) refers to n32h47x_48x_usart.o(i.USART_GetFlagStatus) for USART_GetFlagStatus
    n32h47x_48x_it.o(i.USART1_IRQHandler) refers to n32h47x_48x_usart.o(i.USART_GetIntStatus) for USART_GetIntStatus
    n32h47x_48x_it.o(i.USART1_IRQHandler) refers to uart_upper.o(i.Sci3_CommonUpper_FaultChk) for Sci3_CommonUpper_FaultChk
    n32h47x_48x_it.o(i.USART1_IRQHandler) refers to uart_upper.o(i.Sci3_CommonUpper_Rx_Deal) for Sci3_CommonUpper_Rx_Deal
    n32h47x_48x_it.o(i.USART3_IRQHandler) refers to uart_upper.o(.bss) for g_stCurrentMsgPtr_SCI3
    n32h47x_48x_it.o(i.USART3_IRQHandler) refers to n32h47x_48x_usart.o(i.USART_GetFlagStatus) for USART_GetFlagStatus
    n32h47x_48x_it.o(i.USART3_IRQHandler) refers to n32h47x_48x_usart.o(i.USART_GetIntStatus) for USART_GetIntStatus
    n32h47x_48x_it.o(i.USART3_IRQHandler) refers to uart_upper.o(i.Sci3_CommonUpper_FaultChk) for Sci3_CommonUpper_FaultChk
    n32h47x_48x_it.o(i.USART3_IRQHandler) refers to uart_upper.o(i.Sci3_CommonUpper_Rx_Deal) for Sci3_CommonUpper_Rx_Deal
    n32h47x_48x_it.o(i.USART4_IRQHandler) refers to uart_upper.o(.bss) for g_stCurrentMsgPtr_SCI1
    n32h47x_48x_it.o(i.USART4_IRQHandler) refers to n32h47x_48x_usart.o(i.USART_GetFlagStatus) for USART_GetFlagStatus
    n32h47x_48x_it.o(i.USART4_IRQHandler) refers to n32h47x_48x_usart.o(i.USART_GetIntStatus) for USART_GetIntStatus
    n32h47x_48x_it.o(i.USART4_IRQHandler) refers to uart_upper.o(i.Sci1_CommonUpper_FaultChk) for Sci1_CommonUpper_FaultChk
    n32h47x_48x_it.o(i.USART4_IRQHandler) refers to uart_upper.o(i.Sci1_CommonUpper_Rx_Deal) for Sci1_CommonUpper_Rx_Deal
[...]
    USART1_IRQHandler                        0x08015275   Thumb Code    64  n32h47x_48x_it.o(i.USART1_IRQHandler)
    USART3_IRQHandler                        0x080152b5   Thumb Code    64  n32h47x_48x_it.o(i.USART3_IRQHandler)
    USART4_IRQHandler                        0x080152f5   Thumb Code    64  n32h47x_48x_it.o(i.USART4_IRQHandler)
    USART_CfgDriverAssertTime                0x08015335   Thumb Code    18  n32h47x_48x_usart.o(i.USART_CfgDriverAssertTime)
    USART_CfgDriverdeassertTime              0x08015347   Thumb Code    18  n32h47x_48x_usart.o(i.USART_CfgDriverdeassertTime)
    USART_ConfigInt                          0x08015359   Thumb Code    46  n32h47x_48x_usart.o(i.USART_ConfigInt)
    USART_DriverModeSet                      0x08015387   Thumb Code    24  n32h47x_48x_usart.o(i.USART_DriverModeSet)
    USART_DriverPolaritySet                  0x0801539f   Thumb Code    24  n32h47x_48x_usart.o(i.USART_DriverPolaritySet)
    USART_Enable                             0x080153b7   Thumb Code    24  n32h47x_48x_usart.o(i.USART_Enable)
    USART_GetFlagStatus                      0x080153cf   Thumb Code    14  n32h47x_48x_usart.o(i.USART_GetFlagStatus)
    USART_GetIntStatus                       0x080153dd   Thumb Code    48  n32h47x_48x_usart.o(i.USART_GetIntStatus)
    USART_Init                               0x0801540d   Thumb Code   218  n32h47x_48x_usart.o(i.USART_Init)
    UV_Config                                0x080154e7   Thumb Code   130  protection.o(i.UV_Config)
    Uart_R_PC_LCD_ACK_0x03                   0x08015569   Thumb Code   736  uart_lcd.o(i.Uart_R_PC_LCD_ACK_0x03)
    UsageFault_Handler                       0x08015849   Thumb Code     2  n32h47x_48x_it.o(i.UsageFault_Handler)
    WriteEEPROM_Byte                         0x0801584b   Thumb Code   128  eeprom.o(i.WriteEEPROM_Byte)
    WriteEEPROM_Word_NoZone                  0x080158cb   Thumb Code    86  eeprom.o(i.WriteEEPROM_Word_NoZone)
    WriteEEPROM_Word_WithZone                0x08015921   Thumb Code    62  eeprom.o(i.WriteEEPROM_Word_WithZone)
    __delay_ms                               0x0801595f   Thumb Code    58  timer.o(i.__delay_ms)
    __delay_us                               0x08015999   Thumb Code    62  timer.o(i.__delay_us)
    __scatterload_copy                       0x080159d7   Thumb Code    14  handlers.o(i.__scatterload_copy)
    __scatterload_null                       0x080159e5   Thumb Code     2  handlers.o(i.__scatterload_null)
    __scatterload_zeroinit                   0x080159e7   Thumb Code    14  handlers.o(i.__scatterload_zeroinit)
    calc_crc8                                0x080159f5   Thumb Code    32  dvc11xx.o(i.calc_crc8)
    delay_ms                                 0x08015a15   Thumb Code     2  delay.o(i.delay_ms)
    delay_us                                 0x08015a17   Thumb Code     4  delay.o(i.delay_us)
    i2c_master_init                          0x08015a1b   Thumb Code   198  i2c.o(i.i2c_master_init)
    main                                     0x08015ae1   Thumb Code    82  main.o(i.main)
    runtimeSOC_Get_SocWord                   0x08015b33   Thumb Code   192  runtimedata_save_flash.o(i.runtimeSOC_Get_SocWord)
    runtimeSOC_PageErase                     0x08015bf3   Thumb Code    12  runtimedata_save_flash.o(i.runtimeSOC_PageErase)
    runtimeSOC_Read_UINT32                   0x08015bff   Thumb Code    36  runtimedata_save_flash.o(i.runtimeSOC_Read_UINT32)
    runtimeSOC_Write_2Word                   0x08015c23   Thumb Code    34  runtimedata_save_flash.o(i.runtimeSOC_Write_2Word)
    runtimeSOC_Write_SocWord                 0x08015c45   Thumb Code    72  runtimedata_save_flash.o(i.runtimeSOC_Write_SocWord)
    iSheldTemp_10K                           0x08015cd0   Data         112  adc_deal.o(.constdata)
    CRC8_LOOKUP_TABLE                        0x08015d40   Data         256  dvc11xx.o(.constdata)
    NCP18XH103_Temp                          0x08015e6c   Data         136  temperature.o(.constdata)
    NCP18XH103_Res                           0x08015ef4   Data         136  temperature.o(.constdata)
    SOC_Table_Default                        0x08016070   Data          84  soc_user.o(.constdata)
    SOC_Table_LiFePO                         0x080161b8   Data          84  lib_soc.o(.constdata)
    SocTable_TernaryLi                       0x0801620c   Data          84  lib_soc.o(.constdata)
    SocTable_LiFePO2                         0x08016260   Data          84  lib_soc.o(.constdata)
    Region$$Table$$Base                      0x080162f0   Number         0  anon$$obj.o(Region$$Table)
    Region$$Table$$Limit                     0x08016310   Number         0  anon$$obj.o(Region$$Table)
    g_u81msCnt                               0x20000000   Data           1  timer.o(.data)
    g_u810msClockCnt                         0x20000001   Data           1  timer.o(.data)
    g_u81msClockCnt                          0x20000002   Data           1  timer.o(.data)
    gu8_200msCnt                             0x20000003   Data           1  timer.o(.data)
    gu8_200msAccClock_Flag                   0x20000004   Data           1  timer.o(.data)
    gu32_2msClockCnt                         0x20000008   Data           4  timer.o(.data)
    CCR2_Val                                 0x2000000c   Data           2  pwm.o(.data)
    CCR3_Val                                 0x2000000e   Data           2  pwm.o(.data)
    tempAD_AD1                               0x20000012   Data           2  adc_deal.o(.data)
    tempAD_AD2                               0x20000014   Data           2  adc_deal.o(.data)
    tempAD_AD3                               0x20000016   Data           2  adc_deal.o(.data)
    tempAD_AD4                               0x20000018   Data           2  adc_deal.o(.data)
    gu16_Small_DsgCur                        0x2000001a   Data           2  adc_deal.o(.data)
    gu16_Small_DsgCur_Now                    0x2000001c   Data           2  adc_deal.o(.data)
    gu16_ADCValFilter1                       0x20000024   Data           8  adc_deal.o(.data)
    g_st_SysTimeFlag                         0x2000003c   Data           2  sys_timer.o(.data)
    IIC_SLAVE_ADDRESS                        0x20000046   Data           1  dvc11xx.o(.data)
    gu32_AFE_errorTcnt                       0x20000048   Data           4  i2c.o(.data)
    wakeup_flag                              0x2000004c   Data           1  jiche_app.o(.data)
    sleep_flag                               0x2000004d   Data           1  jiche_app.o(.data)
    INT_flag                                 0x2000004e   Data           1  jiche_app.o(.data)
    shutdown_flag                            0x2000004f   Data           1  jiche_app.o(.data)
    Rpu                                      0x20000060   Data           2  temperature.o(.data)
    gu8_AdressNum_temp                       0x20000074   Data           1  runtimedata_save_flash.o(.data)
    gu16_AdressNum_temp_LOG                  0x20000078   Data           2  runtimedata_save_flash.o(.data)
    runtimeError                             0x2000007c   Data           4  runtimedata_save_flash.o(.data)
    runtimeError_LOG                         0x20000080   Data           4  runtimedata_save_flash.o(.data)
    g_u32CS_Res_AFE                          0x20000084   Data           4  data_deal.o(.data)
    SeriesNum                                0x20000088   Data           1  data_deal.o(.data)
    gu8_TcellMaxPosition                     0x20000089   Data           1  data_deal.o(.data)
    gu8_TcellMinPosition                     0x2000008a   Data           1  data_deal.o(.data)
    tempAD_AD5                               0x20000092   Data           2  data_deal.o(.data)
    NOR_VALUE                                0x20000094   Data           1  main.o(.data)
    gu16_Rs_uO                               0x20000096   Data           2  main.o(.data)
    FaultPoint_First                         0x20000099   Data           1  fault.o(.data)
    FaultPoint_Second                        0x2000009a   Data           1  fault.o(.data)
    FaultPoint_Third                         0x2000009b   Data           1  fault.o(.data)
    FaultPoint_First2                        0x2000009c   Data           1  fault.o(.data)
    FaultPoint_Second2                       0x2000009d   Data           1  fault.o(.data)
    FaultPoint_Third2                        0x2000009e   Data           1  fault.o(.data)
    FaultCnt_StartUp_First                   0x200000a0   Data           2  fault.o(.data)
    FaultCnt_StartUp_Second                  0x200000a2   Data           2  fault.o(.data)
    FaultCnt_StartUp_Third                   0x200000a4   Data           2  fault.o(.data)
    Fault_Flag_Fisrt                         0x200000f4   Data           2  fault.o(.data)
    Fault_Flag_Second                        0x200000f6   Data           2  fault.o(.data)
    Fault_Flag_Third                         0x200000f8   Data           2  fault.o(.data)
    HeatCtrl_Command                         0x200000fa   Data           1  heat_cool.o(.data)
    CoolCtrl_Command                         0x200000fb   Data           1  heat_cool.o(.data)
    Heat_Cool_FaultFlag                      0x20000102   Data           2  heat_cool.o(.data)
    BMS_LOG_POINT                            0x20000104   Data           1  log_record.o(.data)
    gu8_Reset_EventRecord                    0x20000105   Data           1  log_record.o(.data)
    LogRecord_Flag                           0x20000108   Data           1  log_record.o(.data)
    RTC_ExtComCnt                            0x20000112   Data           1  sleep_user.o(.data)
    test_sleep                               0x20000116   Data           8  sleep_user.o(.data)
    System_OnOFF_Func                        0x20000134   Data           4  system_monitor.o(.data)
    System_OnOFF_Func_StartUpRec             0x20000138   Data           4  system_monitor.o(.data)
    SystemStatus                             0x2000013c   Data           4  system_monitor.o(.data)
    System_Func_StartUp                      0x20000140   Data           4  system_monitor.o(.data)
    CBC_Element                              0x20000150   Data           4  cbc.o(.data)
    ChargerLoad_Func                         0x20000158   Data           2  charger_loader_func.o(.data)
    u8E2P_SocTable_WriteFlag                 0x2000015c   Data           1  parameter_save.o(.data)
    u8E2P_CopperLoss_WriteFlag               0x2000015d   Data           1  parameter_save.o(.data)
    u8E2P_KB_WriteFlag                       0x2000015e   Data           1  parameter_save.o(.data)
    u8E2P_KB_WritePos                        0x2000015f   Data           1  parameter_save.o(.data)
    u32E2P_Pro_VolCur_WriteFlag              0x20000164   Data           4  parameter_save.o(.data)
    u32E2P_Pro_Temp_WriteFlag                0x20000168   Data           4  parameter_save.o(.data)
    u32E2P_Pro_Other_WriteFlag               0x2000016c   Data           4  parameter_save.o(.data)
    u32E2P_RTC_Element_WriteFlag             0x20000170   Data           4  parameter_save.o(.data)
    u32E2P_OtherElement1_WriteFlag           0x20000174   Data           4  parameter_save.o(.data)
    u32E2P_HeatCool_WriteFlag                0x20000178   Data           4  parameter_save.o(.data)
    Switch_OnOFF_Func                        0x2000018c   Data           4  drivers_ctrl.o(.data)
    gu8_TxEnable_SCI1                        0x20000190   Data           1  uart_upper.o(.data)
    gu8_TxFinishFlag_SCI1                    0x20000191   Data           1  uart_upper.o(.data)
    gu8_TxEnable_SCI2                        0x20000192   Data           1  uart_upper.o(.data)
    gu8_TxFinishFlag_SCI2                    0x20000193   Data           1  uart_upper.o(.data)
    gu8_TxEnable_SCI3                        0x20000194   Data           1  uart_upper.o(.data)
    gu8_TxFinishFlag_SCI3                    0x20000195   Data           1  uart_upper.o(.data)
    u8FlashUpdateFlag                        0x20000196   Data           1  uart_upper.o(.data)
    u8FlashUpdateE2PROM                      0x20000197   Data           1  uart_upper.o(.data)
    gu16_CommuErrCnt_SCI1                    0x20000198   Data           2  uart_upper.o(.data)
    gu16_CommuErrCnt_SCI2                    0x2000019a   Data           2  uart_upper.o(.data)
    gu16_CommuErrCnt_SCI3                    0x2000019c   Data           2  uart_upper.o(.data)
    LCD_Warning                              0x200001b0   Data           2  uart_lcd.o(.data)
    LCD_Protection                           0x200001b2   Data           2  uart_lcd.o(.data)
    LCD_SysFault                             0x200001b4   Data           2  uart_lcd.o(.data)
    LCD_SysStatus                            0x200001b6   Data           2  uart_lcd.o(.data)
    LCD_FunctionStatus                       0x200001b8   Data           2  uart_lcd.o(.data)
    LCD_Protect2                             0x200001ba   Data           2  uart_lcd.o(.data)
    LCD_Function2                            0x200001bc   Data           2  uart_lcd.o(.data)
    Can_Status_Flag                          0x200001c1   Data           1  can_com.o(.data)
    CanTxType_Flag                           0x200001c4   Data           4  can_com.o(.data)
    SOC_Cali_Flag                            0x200001c8   Data           1  lib_soc.o(.data)
    CapFull_Cali_Flag                        0x200001c9   Data           1  lib_soc.o(.data)
    ChgValue                                 0x200001ca   Data           2  lib_soc.o(.data)
    DsgValue                                 0x200001cc   Data           2  lib_soc.o(.data)
    Relay_Command_SameDoor_HavePreChg        0x20000228   Data           1  lib_iodrivers.o(.data)
    Relay_Command_DiffDoor_HavePreChg        0x20000229   Data           1  lib_iodrivers.o(.data)
    MosCtrl_Command_SameDoor_HavePreChg      0x2000022a   Data           1  lib_iodrivers.o(.data)
    MosCtrl_Command_BootStrap_Cir            0x2000022b   Data           1  lib_iodrivers.o(.data)
    Node1_ram                                0x2000033c   Data        1024  can.o(.bss)
    Node1_msg                                0x2000073c   Data          72  can.o(.bss)
    gu32_ADCValFilterNext1                   0x200007c4   Data          16  adc_deal.o(.bss)
    gi32_ADCResult1                          0x200007d4   Data          16  adc_deal.o(.bss)
    DMA_InitStructure                        0x200007e4   Data          56  adc_deal.o(.bss)
    ADC_InitStructure                        0x2000081c   Data          24  adc_deal.o(.bss)
    DMA_InitStructure2                       0x20000834   Data          56  adc_deal.o(.bss)
    ADC_InitStructure2                       0x2000086c   Data          24  adc_deal.o(.bss)
    g_AfeRegs                                0x20000884   Data         145  dvc11xx.o(.bss)
    AFE_Data_ALL                             0x20000a44   Data         172  jiche_app.o(.bss)
    SleepElement                             0x20000af0   Data          42  lib_sleepfunc.o(.bss)
    FlashPara_Manage                         0x20000b1a   Data          20  parameter_save_flash.o(.bss)
    g_u16CalibCoefK                          0x20000b2e   Data          94  data_deal.o(.bss)
    g_i16CalibCoefB                          0x20000b8c   Data          94  data_deal.o(.bss)
    CopperLoss                               0x20000bea   Data          32  data_deal.o(.bss)
    CopperLoss_Num                           0x20000c0a   Data          32  data_deal.o(.bss)
    OtherElement                             0x20000c2a   Data          64  data_deal.o(.bss)
    PRT_E2ROMParas                           0x20000c6a   Data         130  fault.o(.bss)
    Fault_record_First                       0x20000cec   Data          20  fault.o(.bss)
    Fault_record_Second                      0x20000d00   Data          20  fault.o(.bss)
    Fault_record_Third                       0x20000d14   Data          20  fault.o(.bss)
    RTC_Fault_record_Third                   0x20000d28   Data         120  fault.o(.bss)
    Fault_record_First2                      0x20000da0   Data          20  fault.o(.bss)
    Fault_record_Second2                     0x20000db4   Data          20  fault.o(.bss)
    Fault_record_Third2                      0x20000dc8   Data          20  fault.o(.bss)
    Heat_Cool_Element                        0x20000ddc   Data          48  heat_cool.o(.bss)
    BMS_LOG_RECORD                           0x20000e0c   Data        1600  log_record.o(.bss)
    ProductionInfor                          0x20001464   Data         120  productionid.o(.bss)
    SOC_Table_Set                            0x200014dc   Data          84  soc_user.o(.bss)
    System_ErrFlag                           0x20001530   Data          24  system_monitor.o(.bss)
    g_stCurrentMsgPtr_SCI1                   0x20001548   Data         266  uart_upper.o(.bss)
    g_stCurrentMsgPtr_SCI2                   0x20001652   Data         266  uart_upper.o(.bss)
    g_stCurrentMsgPtr_SCI3                   0x2000175c   Data         266  uart_upper.o(.bss)
    g_u8SCITxBuff                            0x20001866   Data         255  uart_upper.o(.bss)
    g_stCellInfoReport                       0x20001966   Data         128  uart_upper.o(.bss)
    TxMessage                                0x200019e8   Data          44  can_com.o(.bss)
    RxMessage                                0x20001a14   Data          48  can_com.o(.bss)
    SOC_Enhance_Element                      0x20001a44   Data         162  lib_soc.o(.bss)
    SOC_Calculate_Element                    0x20001ae8   Data          44  lib_soc.o(.bss)
    SOC_E2prom_Par                           0x20001b14   Data          32  lib_soc.o(.bss)
    SOC_E2prom_Adress                        0x20001b34   Data          32  lib_soc.o(.bss)
    Driver_Element                           0x20001b54   Data          24  lib_iodrivers.o(.bss)
    Driver_GPIO                              0x20001b6c   Data          32  lib_iodrivers.o(.bss)
    __initial_sp                             0x20002b90   Data           0  startup_n32h474.o(STACK)



==============================================================================

Memory Map of the image

  Image Entry point : 0x08006219

  Load Region LR_IROM1 (Base: 0x08006000, Size: 0x0001072c, Max: 0x00080000, ABSOLUTE, COMPRESSED[0x00010434])

    Execution Region ER_IROM1 (Exec base: 0x08006000, Load base: 0x08006000, Size: 0x000103fc, Max: 0x00080000, ABSOLUTE)

    Exec Addr    Load Addr    Size         Type   Attr      Idx    E Section Name        Object

    0x08006000   0x08006000   0x00000218   Data   RO          280    RESET               startup_n32h474.o
    0x08006218   0x08006218   0x00000000   Code   RO        14772  * .ARM.Collect$$$$00000000  mc_w.l(entry.o)
    0x08006218   0x08006218   0x00000004   Code   RO        14807    .ARM.Collect$$$$00000001  mc_w.l(entry2.o)
    0x0800621c   0x0800621c   0x00000004   Code   RO        14810    .ARM.Collect$$$$00000004  mc_w.l(entry5.o)
    0x08006220   0x08006220   0x00000000   Code   RO        14812    .ARM.Collect$$$$00000008  mc_w.l(entry7b.o)
    0x08006220   0x08006220   0x00000000   Code   RO        14814    .ARM.Collect$$$$0000000A  mc_w.l(entry8b.o)
    0x08006220   0x08006220   0x00000008   Code   RO        14815    .ARM.Collect$$$$0000000B  mc_w.l(entry9a.o)
    0x08006228   0x08006228   0x00000004   Code   RO        14822    .ARM.Collect$$$$0000000E  mc_w.l(entry12b.o)
    0x0800622c   0x0800622c   0x00000000   Code   RO        14817    .ARM.Collect$$$$0000000F  mc_w.l(entry10a.o)
    0x0800622c   0x0800622c   0x00000000   Code   RO        14819    .ARM.Collect$$$$00000011  mc_w.l(entry11a.o)
    0x0800622c   0x0800622c   0x00000004   Code   RO        14808    .ARM.Collect$$$$00002712  mc_w.l(entry2.o)
    0x08006230   0x08006230   0x00000024   Code   RO          281    .text               startup_n32h474.o
    0x08006254   0x08006254   0x00000062   Code   RO        14775    .text               mc_w.l(uldiv.o)
    0x080062b6   0x080062b6   0x0000001e   Code   RO        14777    .text               mc_w.l(llshl.o)
    0x080062d4   0x080062d4   0x00000020   Code   RO        14779    .text               mc_w.l(llushr.o)
    0x080062f4   0x080062f4   0x00000024   Code   RO        14781    .text               mc_w.l(memcpya.o)
    0x08006318   0x08006318   0x00000024   Code   RO        14783    .text               mc_w.l(memseta.o)
    0x0800633c   0x0800633c   0x0000014e   Code   RO        14789    .text               mf_w.l(dadd.o)
    0x0800648a   0x0800648a   0x000000e4   Code   RO        14791    .text               mf_w.l(dmul.o)
    0x0800656e   0x0800656e   0x000000de   Code   RO        14793    .text               mf_w.l(ddiv.o)
    0x0800664c   0x0800664c   0x00000022   Code   RO        14795    .text               mf_w.l(dflti.o)
    0x0800666e   0x0800666e   0x0000001a   Code   RO        14797    .text               mf_w.l(dfltui.o)
    0x08006688   0x08006688   0x00000026   Code   RO        14803    .text               mf_w.l(f2d.o)
    0x080066ae   0x080066ae   0x00000038   Code   RO        14805    .text               mf_w.l(d2f.o)
    0x080066e6   0x080066e6   0x00000024   Code   RO        14823    .text               mc_w.l(llsshr.o)
    0x0800670a   0x0800670a   0x00000000   Code   RO        14825    .text               mc_w.l(iusefp.o)
    0x0800670a   0x0800670a   0x0000006e   Code   RO        14826    .text               mf_w.l(fepilogue.o)
    0x08006778   0x08006778   0x000000ba   Code   RO        14828    .text               mf_w.l(depilogue.o)
    0x08006832   0x08006832   0x00000002   PAD
    0x08006834   0x08006834   0x00000024   Code   RO        14832    .text               mc_w.l(init.o)
    0x08006858   0x08006858   0x00000056   Code   RO        14842    .text               mc_w.l(__dczerorl2.o)
    0x080068ae   0x080068ae   0x00000020   Code   RO          339    i.ADC_CalibrationOperation  n32h47x_48x_adc.o
    0x080068ce   0x080068ce   0x00000010   Code   RO          359    i.ADC_ConfigInjectedSequencerLength  n32h47x_48x_adc.o
    0x080068de   0x080068de   0x00000018   Code   RO          360    i.ADC_ConfigInt     n32h47x_48x_adc.o
    0x080068f6   0x080068f6   0x00000088   Code   RO          362    i.ADC_ConfigRegularChannel  n32h47x_48x_adc.o
    0x0800697e   0x0800697e   0x00000018   Code   RO          365    i.ADC_Enable        n32h47x_48x_adc.o
    0x08006996   0x08006996   0x00000018   Code   RO          366    i.ADC_EnableAutoInjectedConv  n32h47x_48x_adc.o
    0x080069ae   0x080069ae   0x00000018   Code   RO          383    i.ADC_GetCalibrationStatus  n32h47x_48x_adc.o
    0x080069c6   0x080069c6   0x0000000e   Code   RO          387    i.ADC_GetFlagStatus  n32h47x_48x_adc.o
    0x080069d4   0x080069d4   0x0000006c   Code   RO          395    i.ADC_Init          n32h47x_48x_adc.o
    0x08006a40   0x08006a40   0x0000001a   Code   RO          405    i.ADC_SetDMATransferMode  n32h47x_48x_adc.o
    0x08006a5a   0x08006a5a   0x00000098   Code   RO        10165    i.ADC_SmallDsgCur   adc_deal.o
    0x08006af2   0x08006af2   0x00000064   Code   RO        10166    i.ADC_TTC           adc_deal.o
    0x08006b56   0x08006b56   0x00000058   Code   RO        10167    i.ADC_V3_3          adc_deal.o
    0x08006bae   0x08006bae   0x00000082   Code   RO        10675    i.AFE_MosInit       short_current.o
    0x08006c30   0x08006c30   0x00000088   Code   RO        10676    i.AFE_ProtectInit   short_current.o
    0x08006cb8   0x08006cb8   0x0000001a   Code   RO        11703    i.AFE_RST           reset.o
    0x08006cd2   0x08006cd2   0x00000002   Code   RO        13366    i.AllSeriesDeal_Charger_OFF  charger_loader_func.o
    0x08006cd4   0x08006cd4   0x00000086   Code   RO        13367    i.AllSeriesDeal_Charger_ON  charger_loader_func.o
    0x08006d5a   0x08006d5a   0x0000008e   Code   RO        13368    i.AllSeriesDeal_Sleep_Or_None  charger_loader_func.o
    0x08006de8   0x08006de8   0x00000028   Code   RO        10168    i.App_ADC           adc_deal.o
    0x08006e10   0x08006e10   0x000000c2   Code   RO        12288    i.App_AFE_DataDeal  data_deal.o
    0x08006ed2   0x08006ed2   0x00000078   Code   RO        10417    i.App_BalanceProcess  balance.o
    0x08006f4a   0x08006f4a   0x000000b2   Code   RO        12487    i.App_BatOvp_FirstCheck  fault.o
    0x08006ffc   0x08006ffc   0x000000b2   Code   RO        12488    i.App_BatOvp_SecondCheck  fault.o
    0x080070ae   0x080070ae   0x000000b2   Code   RO        12489    i.App_BatOvp_ThirdCheck  fault.o
    0x08007160   0x08007160   0x000000b4   Code   RO        12490    i.App_BatUvp_FirstCheck  fault.o
    0x08007214   0x08007214   0x000000b2   Code   RO        12491    i.App_BatUvp_SecondCheck  fault.o
    0x080072c6   0x080072c6   0x000000b2   Code   RO        12492    i.App_BatUvp_ThirdCheck  fault.o
    0x08007378   0x08007378   0x00000004   Code   RO        13288    i.App_CBC           cbc.o
    0x0800737c   0x0800737c   0x0000002c   Code   RO        14110    i.App_CanCom        can_com.o
    0x080073a8   0x080073a8   0x00000110   Code   RO        12493    i.App_CellChgOtp_FirstCheck  fault.o
    0x080074b8   0x080074b8   0x0000010c   Code   RO        12494    i.App_CellChgOtp_SecondCheck  fault.o
    0x080075c4   0x080075c4   0x0000010a   Code   RO        12495    i.App_CellChgOtp_ThirdCheck  fault.o
    0x080076ce   0x080076ce   0x00000110   Code   RO        12496    i.App_CellChgUtp_FirstCheck  fault.o
    0x080077de   0x080077de   0x0000010a   Code   RO        12497    i.App_CellChgUtp_SecondCheck  fault.o
    0x080078e8   0x080078e8   0x0000010a   Code   RO        12498    i.App_CellChgUtp_ThirdCheck  fault.o
    0x080079f2   0x080079f2   0x0000010c   Code   RO        12499    i.App_CellDisChgOtp_FirstCheck  fault.o
    0x08007afe   0x08007afe   0x00000108   Code   RO        12500    i.App_CellDisChgOtp_SecondCheck  fault.o
    0x08007c06   0x08007c06   0x00000108   Code   RO        12501    i.App_CellDisChgOtp_ThirdCheck  fault.o
    0x08007d0e   0x08007d0e   0x00000110   Code   RO        12502    i.App_CellDischgUtp_FirstCheck  fault.o
    0x08007e1e   0x08007e1e   0x0000010a   Code   RO        12503    i.App_CellDischgUtp_SecondCheck  fault.o
    0x08007f28   0x08007f28   0x0000010a   Code   RO        12504    i.App_CellDischgUtp_ThirdCheck  fault.o
    0x08008032   0x08008032   0x000000b2   Code   RO        12505    i.App_CellOvp_FirstCheck  fault.o
    0x080080e4   0x080080e4   0x000000b2   Code   RO        12506    i.App_CellOvp_SecondCheck  fault.o
    0x08008196   0x08008196   0x000000b2   Code   RO        12507    i.App_CellOvp_ThirdCheck  fault.o
    0x08008248   0x08008248   0x000000b2   Code   RO        12508    i.App_CellSocUp_FirstCheck  fault.o
    0x080082fa   0x080082fa   0x000000b2   Code   RO        12509    i.App_CellSocUp_SecondCheck  fault.o
    0x080083ac   0x080083ac   0x000000b2   Code   RO        12510    i.App_CellSocUp_ThirdCheck  fault.o
    0x0800845e   0x0800845e   0x000000b4   Code   RO        12511    i.App_CellUvp_FirstCheck  fault.o
    0x08008512   0x08008512   0x000000b2   Code   RO        12512    i.App_CellUvp_SecondCheck  fault.o
    0x080085c4   0x080085c4   0x000000b2   Code   RO        12513    i.App_CellUvp_ThirdCheck  fault.o
    0x08008676   0x08008676   0x00000022   Code   RO        13369    i.App_ChargerLoad_Det  charger_loader_func.o
    0x08008698   0x08008698   0x0000002a   Code   RO        13708    i.App_CommonUpper   uart_upper.o
    0x080086c2   0x080086c2   0x000000fe   Code   RO        13709    i.App_CommonUpperSCI1  uart_upper.o
    0x080087c0   0x080087c0   0x000000fe   Code   RO        13710    i.App_CommonUpperSCI2  uart_upper.o
    0x080088be   0x080088be   0x0000010a   Code   RO        13711    i.App_CommonUpperSCI3  uart_upper.o
    0x080089c8   0x080089c8   0x00000002   Code   RO        13525    i.App_DI1_Switch    drivers_ctrl.o
    0x080089ca   0x080089ca   0x0000000e   Code   RO        12776    i.App_Heat_Cool_Ctrl  heat_cool.o
    0x080089d8   0x080089d8   0x000000b6   Code   RO        12514    i.App_IchgOcp_FirstCheck  fault.o
    0x08008a8e   0x08008a8e   0x000000b6   Code   RO        12515    i.App_IchgOcp_SecondCheck  fault.o
    0x08008b44   0x08008b44   0x000000b6   Code   RO        12516    i.App_IchgOcp_ThirdCheck  fault.o
    0x08008bfa   0x08008bfa   0x000000ba   Code   RO        12517    i.App_IdischgOcp_FirstCheck  fault.o
    0x08008cb4   0x08008cb4   0x000000b8   Code   RO        12518    i.App_IdischgOcp_SecondCheck  fault.o
    0x08008d6c   0x08008d6c   0x000000b6   Code   RO        12519    i.App_IdischgOcp_ThirdCheck  fault.o
    0x08008e22   0x08008e22   0x0000004e   Code   RO        13526    i.App_MOS_Relay_Ctrl  drivers_ctrl.o
    0x08008e70   0x08008e70   0x000000b2   Code   RO        12520    i.App_MosOtp_FirstCheck  fault.o
    0x08008f22   0x08008f22   0x000000b2   Code   RO        12521    i.App_MosOtp_SecondCheck  fault.o
    0x08008fd4   0x08008fd4   0x000000b2   Code   RO        12522    i.App_MosOtp_ThirdCheck  fault.o
    0x08009086   0x08009086   0x0000010e   Code   RO        12066    i.App_ParaSave_Flash  parameter_save_flash.o
    0x08009194   0x08009194   0x0000007e   Code   RO        10737    i.App_PubOPUPChk    pub_func.o
    0x08009212   0x08009212   0x0000004e   Code   RO        13187    i.App_SOC           soc_user.o
    0x08009260   0x08009260   0x00000004   Code   RO        13673    i.App_Sci           sci_com.o
    0x08009264   0x08009264   0x0000009a   Code   RO        10677    i.App_ShortCurDeal_AFE  short_current.o
    0x080092fe   0x080092fe   0x00000044   Code   RO        10859    i.App_SysPower      sys_pwr.o
    0x08009342   0x08009342   0x00000200   Code   RO        10801    i.App_SysTime       sys_timer.o
    0x08009542   0x08009542   0x00000040   Code   RO        10860    i.App_Sys_FlashUpdate  sys_pwr.o
    0x08009582   0x08009582   0x000000b6   Code   RO        12523    i.App_VdeltaOp_FirstCheck  fault.o
    0x08009638   0x08009638   0x000000b6   Code   RO        12524    i.App_VdeltaOp_SecondCheck  fault.o
    0x080096ee   0x080096ee   0x000000bc   Code   RO        12525    i.App_VdeltaOp_ThirdCheck  fault.o
    0x080097aa   0x080097aa   0x000000ae   Code   RO        12526    i.App_WarnCtrl      fault.o
    0x08009858   0x08009858   0x00000070   Code   RO         9752    i.BTIM1_IRQHandler  timer.o
    0x080098c8   0x080098c8   0x00000024   Code   RO        10962    i.Balance_Contrl    cellbalance.o
    0x080098ec   0x080098ec   0x00000004   Code   RO        10076    i.BkpRam_WriteUINT16  sys_cfg.o
    0x080098f0   0x080098f0   0x00000002   Code   RO            4    i.BusFault_Handler  n32h47x_48x_it.o
    0x080098f2   0x080098f2   0x00000090   Code   RO        14112    i.CAN_TX_0x00       can_com.o
    0x08009982   0x08009982   0x0000005c   Code   RO        14113    i.CAN_TX_0x01       can_com.o
    0x080099de   0x080099de   0x0000005c   Code   RO        14114    i.CAN_TX_0x02       can_com.o
    0x08009a3a   0x08009a3a   0x0000005c   Code   RO        14115    i.CAN_TX_0x03       can_com.o
    0x08009a96   0x08009a96   0x0000007c   Code   RO        14116    i.CAN_TX_0x04       can_com.o
    0x08009b12   0x08009b12   0x00000056   Code   RO        14117    i.CAN_TX_0x05       can_com.o
    0x08009b68   0x08009b68   0x00000048   Code   RO        14118    i.CAN_TX_0x06       can_com.o
    0x08009bb0   0x08009bb0   0x0000005c   Code   RO        14119    i.CAN_TX_0x07       can_com.o
    0x08009c0c   0x08009c0c   0x0000005c   Code   RO        14120    i.CAN_TX_0x08       can_com.o
    0x08009c68   0x08009c68   0x0000005c   Code   RO        14121    i.CAN_TX_0x09       can_com.o
    0x08009cc4   0x08009cc4   0x0000005c   Code   RO        14122    i.CAN_TX_0x0A       can_com.o
    0x08009d20   0x08009d20   0x0000005c   Code   RO        14123    i.CAN_TX_0x0B       can_com.o
    0x08009d7c   0x08009d7c   0x0000005c   Code   RO        14124    i.CAN_TX_0x0C       can_com.o
    0x08009dd8   0x08009dd8   0x0000005c   Code   RO        14125    i.CAN_TX_0x0D       can_com.o
    0x08009e34   0x08009e34   0x0000005c   Code   RO        14126    i.CAN_TX_0x0E       can_com.o
    0x08009e90   0x08009e90   0x0000005c   Code   RO        14127    i.CAN_TX_0x0F       can_com.o
    0x08009eec   0x08009eec   0x0000005c   Code   RO        14128    i.CAN_TX_0x10       can_com.o
    0x08009f48   0x08009f48   0x00000058   Code   RO        14129    i.CAN_TX_0x11       can_com.o
    0x08009fa0   0x08009fa0   0x00000076   Code   RO        14130    i.CAN_TX_0x1F0      can_com.o
    0x0800a016   0x0800a016   0x00000040   Code   RO        14131    i.CAN_TX_Test       can_com.o
    0x0800a056   0x0800a056   0x00000008   Code   RO        14132    i.CAN_Tx_Data       can_com.o
    0x0800a05e   0x0800a05e   0x00000048   Code   RO        13289    i.CBC_CtrlMOS       cbc.o
    0x0800a0a6   0x0800a0a6   0x0000003e   Code   RO        13291    i.CBC_MOS           cbc.o
    0x0800a0e4   0x0800a0e4   0x00000040   Code   RO        13292    i.CBC_Recovery      cbc.o
    0x0800a124   0x0800a124   0x0000002a   Code   RO        11171    i.CHG_FETControl    fetcontrol.o
    0x0800a14e   0x0800a14e   0x00000002   PAD
    0x0800a150   0x0800a150   0x00000030   Code   RO        14529    i.CHG_MOS_BootStrap_Cir  lib_IODrivers.lib(lib_iodrivers.o)
    0x0800a180   0x0800a180   0x00000030   Code   RO        14530    i.CHG_MOS_SameDoor_HavePreChg  lib_IODrivers.lib(lib_iodrivers.o)
    0x0800a1b0   0x0800a1b0   0x00000010   Code   RO        10678    i.CHG_OnOFF         short_current.o
    0x0800a1c0   0x0800a1c0   0x00000030   Code   RO        14531    i.CHG_Relay_DiffDoor_HavePreChg  lib_IODrivers.lib(lib_iodrivers.o)
    0x0800a1f0   0x0800a1f0   0x00000018   Code   RO        10932    i.COW_enable        brokenlinedetect.o
    0x0800a208   0x0800a208   0x00000038   Code   RO        13712    i.CRC_verify        uart_upper.o
    0x0800a240   0x0800a240   0x00000060   Code   RO        14324    i.CalcuSOC_StartUp  lib_SOC.lib(lib_soc.o)
    0x0800a2a0   0x0800a2a0   0x00000026   Code   RO        10000    i.CanSendMsg        can.o
    0x0800a2c6   0x0800a2c6   0x00000002   Code   RO        14133    i.Can_BusOFF_FaultChk  can_com.o
    0x0800a2c8   0x0800a2c8   0x00000002   Code   RO        14134    i.Can_BusOFF_FaultTimeCtrl  can_com.o
    0x0800a2ca   0x0800a2ca   0x00000012   Code   RO        14135    i.Can_BusOFF_Monitor  can_com.o
    0x0800a2dc   0x0800a2dc   0x00000002   Code   RO        14136    i.Can_BusOFF_Recover  can_com.o
    0x0800a2de   0x0800a2de   0x00000102   Code   RO        14137    i.Can_ReceiveDeal   can_com.o
    0x0800a3e0   0x0800a3e0   0x0000001e   Code   RO        14138    i.Can_TransmiT_0x1F0  can_com.o
    0x0800a3fe   0x0800a3fe   0x00000162   Code   RO        14139    i.Can_TransmitDeal  can_com.o
    0x0800a560   0x0800a560   0x0000004c   Code   RO        11822    i.CellVolSecondaryCalibrate  voltage.o
    0x0800a5ac   0x0800a5ac   0x0000001c   Code   RO        11370    i.CleanError        jiche_app.o
    0x0800a5c8   0x0800a5c8   0x0000006e   Code   RO        12777    i.Cool_Control      heat_cool.o
    0x0800a636   0x0800a636   0x00000052   Code   RO        12778    i.Cool_OnOFF_CONT   heat_cool.o
    0x0800a688   0x0800a688   0x00000002   Code   RO        12779    i.Cool_OnOFF_Det_Err  heat_cool.o
    0x0800a68a   0x0800a68a   0x00000038   Code   RO        12780    i.Cool_OnOFF_Det_Normal  heat_cool.o
    0x0800a6c2   0x0800a6c2   0x00000002   Code   RO        12781    i.Cool_OnOFF_Err_RecoverDeal  heat_cool.o
    0x0800a6c4   0x0800a6c4   0x0000002e   Code   RO        12782    i.Cool_StartUp_SelfCheck  heat_cool.o
    0x0800a6f2   0x0800a6f2   0x00000002   PAD
    0x0800a6f4   0x0800a6f4   0x0000028c   Code   RO        14325    i.CorrectionTerminal_CC  lib_SOC.lib(lib_soc.o)
    0x0800a980   0x0800a980   0x0000034c   Code   RO        14326    i.CorrectionTerminal_CV  lib_SOC.lib(lib_soc.o)
    0x0800accc   0x0800accc   0x0000000c   Code   RO        14327    i.Correction_CapacityFull  lib_SOC.lib(lib_soc.o)
    0x0800acd8   0x0800acd8   0x000001b0   Code   RO        14328    i.Correction_CapacityFull_ChgDeal  lib_SOC.lib(lib_soc.o)
    0x0800ae88   0x0800ae88   0x000000e0   Code   RO        14329    i.Correction_CapacityFull_CycleCnt  lib_SOC.lib(lib_soc.o)
    0x0800af68   0x0800af68   0x00000060   Code   RO        14330    i.Correction_Terminal  lib_SOC.lib(lib_soc.o)
    0x0800afc8   0x0800afc8   0x0000002a   Code   RO         9753    i.DBG_SysTick_Config  timer.o
    0x0800aff2   0x0800aff2   0x00000178   Code   RO         1433    i.DMA_DeInit        n32h47x_48x_dma.o
    0x0800b16a   0x0800b16a   0x00000018   Code   RO         1434    i.DMA_EnableChannel  n32h47x_48x_dma.o
    0x0800b182   0x0800b182   0x00000068   Code   RO         1438    i.DMA_Init          n32h47x_48x_dma.o
    0x0800b1ea   0x0800b1ea   0x0000000e   Code   RO         1439    i.DMA_RequestRemap  n32h47x_48x_dma.o
    0x0800b1f8   0x0800b1f8   0x00000020   Code   RO        11173    i.DPC_Config        fetcontrol.o
    0x0800b218   0x0800b218   0x00000018   Code   RO        11174    i.DSGM_Control      fetcontrol.o
    0x0800b230   0x0800b230   0x0000002a   Code   RO        11175    i.DSG_FETControl    fetcontrol.o
    0x0800b25a   0x0800b25a   0x00000002   PAD
    0x0800b25c   0x0800b25c   0x0000003c   Code   RO        14532    i.DSG_MOS_BootStrap_Cir  lib_IODrivers.lib(lib_iodrivers.o)
    0x0800b298   0x0800b298   0x0000003c   Code   RO        14533    i.DSG_MOS_SameDoor_HavePreChg  lib_IODrivers.lib(lib_iodrivers.o)
    0x0800b2d4   0x0800b2d4   0x00000010   Code   RO        10679    i.DSG_OnOFF         short_current.o
    0x0800b2e4   0x0800b2e4   0x0000003c   Code   RO        14534    i.DSG_Relay_DiffDoor_HavePreChg  lib_IODrivers.lib(lib_iodrivers.o)
    0x0800b320   0x0800b320   0x0000010c   Code   RO        11775    i.DVC11XX_Calc_BatTemp  temperature.o
    0x0800b42c   0x0800b42c   0x00000068   Code   RO        11776    i.DVC11XX_Calc_ChipTemp  temperature.o
    0x0800b494   0x0800b494   0x00000028   Code   RO        11031    i.DVC11XX_Calc_CurrentWithCC1  current.o
    0x0800b4bc   0x0800b4bc   0x00000094   Code   RO        11032    i.DVC11XX_Calc_CurrentWithCC2  current.o
    0x0800b550   0x0800b550   0x00000056   Code   RO        11823    i.DVC11XX_Calc_V1P8  voltage.o
    0x0800b5a6   0x0800b5a6   0x00000050   Code   RO        11824    i.DVC11XX_Calc_VBAT  voltage.o
    0x0800b5f6   0x0800b5f6   0x000000ae   Code   RO        11825    i.DVC11XX_Calc_VCell  voltage.o
    0x0800b6a4   0x0800b6a4   0x00000050   Code   RO        11826    i.DVC11XX_Calc_VLOAD  voltage.o
    0x0800b6f4   0x0800b6f4   0x00000050   Code   RO        11827    i.DVC11XX_Calc_VPACK  voltage.o
    0x0800b744   0x0800b744   0x00000024   Code   RO        11371    i.DVC11XX_InitRegs  jiche_app.o
    0x0800b768   0x0800b768   0x00000022   Code   RO        11102    i.DVC11XX_ReadRegs  dvc11xx.o
    0x0800b78a   0x0800b78a   0x00000022   Code   RO        11103    i.DVC11XX_WriteRegs  dvc11xx.o
    0x0800b7ac   0x0800b7ac   0x00000144   Code   RO        12289    i.DataLoad_CellVolt  data_deal.o
    0x0800b8f0   0x0800b8f0   0x0000009c   Code   RO        12290    i.DataLoad_CellVoltMaxMinFind  data_deal.o
    0x0800b98c   0x0800b98c   0x000000ba   Code   RO        12291    i.DataLoad_Current  data_deal.o
    0x0800ba46   0x0800ba46   0x0000004c   Code   RO        12293    i.DataLoad_TemperatureMaxMinFind  data_deal.o
    0x0800ba92   0x0800ba92   0x0000006a   Code   RO        12294    i.DataLoad_Test     data_deal.o
    0x0800bafc   0x0800bafc   0x00000002   Code   RO            5    i.DebugMon_Handler  n32h47x_48x_it.o
    0x0800bafe   0x0800bafe   0x00000002   PAD
    0x0800bb00   0x0800bb00   0x000000c8   Code   RO        14535    i.DriversOnOFF      lib_IODrivers.lib(lib_iodrivers.o)
    0x0800bbc8   0x0800bbc8   0x0000005c   Code   RO        14536    i.Drivers_Ctrl      lib_IODrivers.lib(lib_iodrivers.o)
    0x0800bc24   0x0800bc24   0x00000272   Code   RO        13528    i.Drivers_External_Ctrl  drivers_ctrl.o
    0x0800be96   0x0800be96   0x00000046   Code   RO        13529    i.Drivers_PreCHG    drivers_ctrl.o
    0x0800bedc   0x0800bedc   0x00000016   Code   RO            6    i.EXTI0_IRQHandler  n32h47x_48x_it.o
    0x0800bef2   0x0800bef2   0x00000066   Code   RO            7    i.EXTI15_10_IRQHandler  n32h47x_48x_it.o
    0x0800bf58   0x0800bf58   0x00000018   Code   RO            8    i.EXTI1_IRQHandler  n32h47x_48x_it.o
    0x0800bf70   0x0800bf70   0x00000018   Code   RO            9    i.EXTI2_IRQHandler  n32h47x_48x_it.o
    0x0800bf88   0x0800bf88   0x0000002c   Code   RO           10    i.EXTI9_5_IRQHandler  n32h47x_48x_it.o
    0x0800bfb4   0x0800bfb4   0x0000000c   Code   RO         1783    i.EXTI_ClrITPendBit  n32h47x_48x_exti.o
    0x0800bfc0   0x0800bfc0   0x0000002a   Code   RO         1786    i.EXTI_GetITStatus  n32h47x_48x_exti.o
    0x0800bfea   0x0800bfea   0x0000008c   Code   RO         1788    i.EXTI_InitPeripheral  n32h47x_48x_exti.o
    0x0800c076   0x0800c076   0x00000074   Code   RO           11    i.FDCAN3_INT0_IRQHandler  n32h47x_48x_it.o
    0x0800c0ea   0x0800c0ea   0x0000005a   Code   RO         1856    i.FDCAN_ActivateInt  n32h47x_48x_fdcan.o
    0x0800c144   0x0800c144   0x00000052   Code   RO         1858    i.FDCAN_AddMsgToTxFifoQ  n32h47x_48x_fdcan.o
    0x0800c196   0x0800c196   0x00000004   Code   RO         1864    i.FDCAN_ClearFlag   n32h47x_48x_fdcan.o
    0x0800c19a   0x0800c19a   0x0000007a   Code   RO         1868    i.FDCAN_ConfigFilter  n32h47x_48x_fdcan.o
    0x0800c214   0x0800c214   0x00000010   Code   RO         1869    i.FDCAN_ConfigGlobalFilter  n32h47x_48x_fdcan.o
    0x0800c224   0x0800c224   0x00000014   Code   RO         1870    i.FDCAN_ConfigIntLine  n32h47x_48x_fdcan.o
    0x0800c238   0x0800c238   0x0000000c   Code   RO         1874    i.FDCAN_ConfigTSPrescaler  n32h47x_48x_fdcan.o
    0x0800c244   0x0800c244   0x0000000c   Code   RO         1877    i.FDCAN_Config_TS   n32h47x_48x_fdcan.o
    0x0800c250   0x0800c250   0x0000007a   Code   RO         1878    i.FDCAN_CopyMsgToRAM  n32h47x_48x_fdcan.o
    0x0800c2ca   0x0800c2ca   0x00000008   Code   RO         1889    i.FDCAN_EnableInt   n32h47x_48x_fdcan.o
    0x0800c2d2   0x0800c2d2   0x0000001a   Code   RO         1899    i.FDCAN_GetIntFlag  n32h47x_48x_fdcan.o
    0x0800c2ec   0x0800c2ec   0x00000180   Code   RO         1903    i.FDCAN_GetRxMsg    n32h47x_48x_fdcan.o
    0x0800c46c   0x0800c46c   0x00000166   Code   RO         1908    i.FDCAN_Init        n32h47x_48x_fdcan.o
    0x0800c5d2   0x0800c5d2   0x00000154   Code   RO         1909    i.FDCAN_InitMsgRam  n32h47x_48x_fdcan.o
    0x0800c726   0x0800c726   0x0000000a   Code   RO         1912    i.FDCAN_Start       n32h47x_48x_fdcan.o
    0x0800c730   0x0800c730   0x0000001c   Code   RO        11242    i.FET_Open          gpn.o
    0x0800c74c   0x0800c74c   0x0000000c   Code   RO         2356    i.FLASH_ClearFlag   n32h47x_48x_flash.o
    0x0800c758   0x0800c758   0x00000046   Code   RO         2359    i.FLASH_EraseOnePage  n32h47x_48x_flash.o
    0x0800c79e   0x0800c79e   0x00000048   Code   RO         2367    i.FLASH_GetSTS      n32h47x_48x_flash.o
    0x0800c7e6   0x0800c7e6   0x00000012   Code   RO         2372    i.FLASH_Lock        n32h47x_48x_flash.o
    0x0800c7f8   0x0800c7f8   0x00000050   Code   RO         2378    i.FLASH_ProgramdoubleWord  n32h47x_48x_flash.o
    0x0800c848   0x0800c848   0x0000001e   Code   RO         2385    i.FLASH_Unlock      n32h47x_48x_flash.o
    0x0800c866   0x0800c866   0x00000020   Code   RO         2386    i.FLASH_WaitForLastOpt  n32h47x_48x_flash.o
    0x0800c886   0x0800c886   0x00000088   Code   RO        12527    i.FaultWarnRecord   fault.o
    0x0800c90e   0x0800c90e   0x0000006c   Code   RO        12528    i.FaultWarnRecord2  fault.o
    0x0800c97a   0x0800c97a   0x0000000c   Code   RO        12067    i.FlashErase_AllRegion  parameter_save_flash.o
    0x0800c986   0x0800c986   0x00000028   Code   RO         9888    i.FlashErase_OnePage  flash.o
    0x0800c9ae   0x0800c9ae   0x00000004   Code   RO         9889    i.FlashRead_OneHalfWord  flash.o
    0x0800c9b2   0x0800c9b2   0x00000004   Code   RO         9890    i.FlashRead_OneWord  flash.o
    0x0800c9b6   0x0800c9b6   0x00000004   Code   RO        12068    i.FlashRead_u16Array  parameter_save_flash.o
    0x0800c9ba   0x0800c9ba   0x00000004   Code   RO        12069    i.FlashWrite_2Word_NoErase  parameter_save_flash.o
    0x0800c9be   0x0800c9be   0x0000002e   Code   RO         9892    i.FlashWrite_DoubleWord_NoErase  flash.o
    0x0800c9ec   0x0800c9ec   0x0000008c   Code   RO        12070    i.FlashWrite_u16Array_NoErase  parameter_save_flash.o
    0x0800ca78   0x0800ca78   0x0000001e   Code   RO        11243    i.GP1_ModeConfig    gpn.o
    0x0800ca96   0x0800ca96   0x00000026   Code   RO        11244    i.GP2_ModeConfig    gpn.o
    0x0800cabc   0x0800cabc   0x00000026   Code   RO        11245    i.GP3_ModeConfig    gpn.o
    0x0800cae2   0x0800cae2   0x0000001e   Code   RO        11246    i.GP4_ModeConfig    gpn.o
    0x0800cb00   0x0800cb00   0x00000026   Code   RO        11247    i.GP5_ModeConfig    gpn.o
    0x0800cb26   0x0800cb26   0x00000026   Code   RO        11248    i.GP6_ModeConfig    gpn.o
    0x0800cb4c   0x0800cb4c   0x0000002a   Code   RO         2840    i.GPIO_ConfigEXTILine  n32h47x_48x_gpio.o
    0x0800cb76   0x0800cb76   0x00000044   Code   RO         2842    i.GPIO_ConfigPinRemap  n32h47x_48x_gpio.o
    0x0800cbba   0x0800cbba   0x000000a8   Code   RO         2845    i.GPIO_InitPeripheral  n32h47x_48x_gpio.o
    0x0800cc62   0x0800cc62   0x00000012   Code   RO         2846    i.GPIO_InitStruct   n32h47x_48x_gpio.o
    0x0800cc74   0x0800cc74   0x0000000e   Code   RO         2850    i.GPIO_ReadOutputDataBit  n32h47x_48x_gpio.o
    0x0800cc82   0x0800cc82   0x00000004   Code   RO         2851    i.GPIO_ResetBits    n32h47x_48x_gpio.o
    0x0800cc86   0x0800cc86   0x00000004   Code   RO         2852    i.GPIO_SetBits      n32h47x_48x_gpio.o
    0x0800cc8a   0x0800cc8a   0x00000066   Code   RO        11374    i.GPn_ModeConfig    jiche_app.o
    0x0800ccf0   0x0800ccf0   0x00000022   Code   RO        13530    i.GetData_Drivers   drivers_ctrl.o
    0x0800cd12   0x0800cd12   0x00000058   Code   RO        13188    i.GetData_SOC       soc_user.o
    0x0800cd6a   0x0800cd6a   0x000000d2   Code   RO        10740    i.GetEndValue       pub_func.o
    0x0800ce3c   0x0800ce3c   0x0000010a   Code   RO        14331    i.GetEndValuee      lib_SOC.lib(lib_soc.o)
    0x0800cf46   0x0800cf46   0x00000002   PAD
    0x0800cf48   0x0800cf48   0x00000088   Code   RO        14332    i.Get_OpenCircuit_Value  lib_SOC.lib(lib_soc.o)
    0x0800cfd0   0x0800cfd0   0x00000018   Code   RO        11176    i.HSFM_Control      fetcontrol.o
    0x0800cfe8   0x0800cfe8   0x00000002   Code   RO           12    i.HardFault_Handler  n32h47x_48x_it.o
    0x0800cfea   0x0800cfea   0x0000006c   Code   RO        12783    i.Heat_Control      heat_cool.o
    0x0800d056   0x0800d056   0x00000068   Code   RO        12784    i.Heat_OnOFF_CONT   heat_cool.o
    0x0800d0be   0x0800d0be   0x00000042   Code   RO        12785    i.Heat_OnOFF_Det_Err  heat_cool.o
    0x0800d100   0x0800d100   0x00000064   Code   RO        12786    i.Heat_OnOFF_Det_Normal  heat_cool.o
    0x0800d164   0x0800d164   0x0000000e   Code   RO        12787    i.Heat_OnOFF_Err_RecoverDeal  heat_cool.o
    0x0800d172   0x0800d172   0x0000002e   Code   RO        12788    i.Heat_StartUp_SelfCheck  heat_cool.o
    0x0800d1a0   0x0800d1a0   0x00000018   Code   RO         3064    i.I2C_CheckEvent    n32h47x_48x_i2c.o
    0x0800d1b8   0x0800d1b8   0x0000001a   Code   RO         3070    i.I2C_ConfigAck     n32h47x_48x_i2c.o
    0x0800d1d2   0x0800d1d2   0x00000046   Code   RO        11320    i.I2C_Configure     i2c.o
    0x0800d218   0x0800d218   0x00000046   Code   RO         3077    i.I2C_DeInit        n32h47x_48x_i2c.o
    0x0800d25e   0x0800d25e   0x0000001a   Code   RO         3078    i.I2C_Enable        n32h47x_48x_i2c.o
    0x0800d278   0x0800d278   0x0000001a   Code   RO         3093    i.I2C_GenerateStart  n32h47x_48x_i2c.o
    0x0800d292   0x0800d292   0x0000001a   Code   RO         3094    i.I2C_GenerateStop  n32h47x_48x_i2c.o
    0x0800d2ac   0x0800d2ac   0x00000032   Code   RO         3097    i.I2C_GetFlag       n32h47x_48x_i2c.o
    0x0800d2de   0x0800d2de   0x000000f8   Code   RO         3103    i.I2C_Init          n32h47x_48x_i2c.o
    0x0800d3d6   0x0800d3d6   0x00000018   Code   RO         3104    i.I2C_InitStruct    n32h47x_48x_i2c.o
    0x0800d3ee   0x0800d3ee   0x00000006   Code   RO         3105    i.I2C_RecvData      n32h47x_48x_i2c.o
    0x0800d3f4   0x0800d3f4   0x00000012   Code   RO         3106    i.I2C_SendAddr7bit  n32h47x_48x_i2c.o
    0x0800d406   0x0800d406   0x00000004   Code   RO         3107    i.I2C_SendData      n32h47x_48x_i2c.o
    0x0800d40a   0x0800d40a   0x0000004c   Code   RO        10294    i.IIC_Ack_SEE       eeprom.o
    0x0800d456   0x0800d456   0x00000004   Code   RO        11321    i.IIC_Init          i2c.o
    0x0800d45a   0x0800d45a   0x0000004c   Code   RO        10295    i.IIC_NAck_SEE      eeprom.o
    0x0800d4a6   0x0800d4a6   0x000000b8   Code   RO        11105    i.IIC_ReadDataWithCRC  dvc11xx.o
    0x0800d55e   0x0800d55e   0x00000070   Code   RO        10296    i.IIC_Read_Byte_SEE  eeprom.o
    0x0800d5ce   0x0800d5ce   0x00000074   Code   RO        10297    i.IIC_Send_Byte_SEE  eeprom.o
    0x0800d642   0x0800d642   0x0000004c   Code   RO        10298    i.IIC_Start_SEE     eeprom.o
    0x0800d68e   0x0800d68e   0x00000054   Code   RO        10299    i.IIC_Stop_SEE      eeprom.o
    0x0800d6e2   0x0800d6e2   0x000001bc   Code   RO        11322    i.IIC_TransferDataRaw  i2c.o
    0x0800d89e   0x0800d89e   0x0000005a   Code   RO        10300    i.IIC_Wait_Ack_SEE  eeprom.o
    0x0800d8f8   0x0800d8f8   0x0000006c   Code   RO        11106    i.IIC_WriteDataWithCRC  dvc11xx.o
    0x0800d964   0x0800d964   0x00000010   Code   RO         3413    i.IWDG_ReloadKey    n32h47x_48x_iwdg.o
    0x0800d974   0x0800d974   0x0000000e   Code   RO        10169    i.InitADC           adc_deal.o
    0x0800d982   0x0800d982   0x00000040   Code   RO        10170    i.InitADC1          adc_deal.o
    0x0800d9c2   0x0800d9c2   0x0000006e   Code   RO        10171    i.InitADC1_DMA      adc_deal.o
    0x0800da30   0x0800da30   0x00000024   Code   RO        10172    i.InitADC1_GPIO     adc_deal.o
    0x0800da54   0x0800da54   0x0000006c   Code   RO        10173    i.InitADC1_TIMER    adc_deal.o
    0x0800dac0   0x0800dac0   0x00000016   Code   RO        10174    i.InitADC2          adc_deal.o
    0x0800dad6   0x0800dad6   0x00000070   Code   RO        10175    i.InitADC2_DMA      adc_deal.o
    0x0800db46   0x0800db46   0x00000046   Code   RO        10176    i.InitADC2_GPIO     adc_deal.o
    0x0800db8c   0x0800db8c   0x0000006c   Code   RO        10177    i.InitADC2_TIMER    adc_deal.o
    0x0800dbf8   0x0800dbf8   0x00000094   Code   RO        10178    i.InitADC_ADC1      adc_deal.o
    0x0800dc8c   0x0800dc8c   0x000000ac   Code   RO        10179    i.InitADC_ADC2      adc_deal.o
    0x0800dd38   0x0800dd38   0x00000062   Code   RO        13295    i.InitCBC           cbc.o
    0x0800dd9a   0x0800dd9a   0x0000000e   Code   RO        10001    i.InitCan           can.o
    0x0800dda8   0x0800dda8   0x00000002   Code   RO        10418    i.InitData_Balance  balance.o
    0x0800ddaa   0x0800ddaa   0x00000012   Code   RO        13713    i.InitData_CommonUpper  uart_upper.o
    0x0800ddbc   0x0800ddbc   0x00000026   Code   RO        13531    i.InitData_Drivers  drivers_ctrl.o
    0x0800dde2   0x0800dde2   0x0000006a   Code   RO        13189    i.InitData_SOC      soc_user.o
    0x0800de4c   0x0800de4c   0x00000040   Code   RO        13035    i.InitData_SleepFunc  sleep_user.o
    0x0800de8c   0x0800de8c   0x0000000c   Code   RO        13714    i.InitData_Upper    uart_upper.o
    0x0800de98   0x0800de98   0x0000000c   Code   RO        13715    i.InitData_Upper2   uart_upper.o
    0x0800dea4   0x0800dea4   0x0000000c   Code   RO        13716    i.InitData_Upper3   uart_upper.o
    0x0800deb0   0x0800deb0   0x0000003e   Code   RO        12411    i.InitDevice        main.o
    0x0800deee   0x0800deee   0x00000002   PAD
    0x0800def0   0x0800def0   0x00000154   Code   RO        14537    i.InitDrivers_GPIO  lib_IODrivers.lib(lib_iodrivers.o)
    0x0800e044   0x0800e044   0x00000002   Code   RO        12789    i.InitHeat_Cool     heat_cool.o
    0x0800e046   0x0800e046   0x000001b4   Code   RO         9713    i.InitIO            io_ctrl.o
    0x0800e1fa   0x0800e1fa   0x0000004a   Code   RO        13532    i.InitMosRelay_DOx  drivers_ctrl.o
    0x0800e244   0x0800e244   0x0000005a   Code   RO        10002    i.InitNode1         can.o
    0x0800e29e   0x0800e29e   0x0000002a   Code   RO        10003    i.InitNode1_Filter  can.o
    0x0800e2c8   0x0800e2c8   0x00000048   Code   RO        10004    i.InitNode1_GPIO    can.o
    0x0800e310   0x0800e310   0x00000088   Code   RO        10005    i.InitNode1_Mode    can.o
    0x0800e398   0x0800e398   0x00000020   Code   RO        10006    i.InitNode1_NVIC    can.o
    0x0800e3b8   0x0800e3b8   0x00000002   Code   RO        10007    i.InitNode2         can.o
    0x0800e3ba   0x0800e3ba   0x0000000e   Code   RO        10114    i.InitPWM           pwm.o
    0x0800e3c8   0x0800e3c8   0x00000002   Code   RO        10115    i.InitPWM_IN        pwm.o
    0x0800e3ca   0x0800e3ca   0x000000e8   Code   RO        10117    i.InitPWM_OUT       pwm.o
    0x0800e4b2   0x0800e4b2   0x000000b2   Code   RO        12071    i.InitPara_Flash    parameter_save_flash.o
    0x0800e564   0x0800e564   0x00000080   Code   RO        14333    i.InitSOC_IntEnhance  lib_SOC.lib(lib_soc.o)
    0x0800e5e4   0x0800e5e4   0x00000016   Code   RO        13674    i.InitSci           sci_com.o
    0x0800e5fa   0x0800e5fa   0x0000000e   Code   RO        10680    i.InitShortCur      short_current.o
    0x0800e608   0x0800e608   0x00000022   Code   RO        10861    i.InitSys_Power     sys_pwr.o
    0x0800e62a   0x0800e62a   0x00000136   Code   RO        13240    i.InitSystemMonitorData_EEPROM  system_monitor.o
    0x0800e760   0x0800e760   0x00000062   Code   RO         9754    i.InitTimer         timer.o
    0x0800e7c2   0x0800e7c2   0x000000b4   Code   RO         9809    i.InitUART_CommonUpper1  uart.o
    0x0800e876   0x0800e876   0x000000a0   Code   RO         9810    i.InitUART_CommonUpper2  uart.o
    0x0800e916   0x0800e916   0x000000a0   Code   RO         9811    i.InitUART_CommonUpper3  uart.o
    0x0800e9b6   0x0800e9b6   0x0000002e   Code   RO        12413    i.InitVar           main.o
    0x0800e9e4   0x0800e9e4   0x00000022   Code   RO        14140    i.Init_CanCom       can_com.o
    0x0800ea06   0x0800ea06   0x0000000e   Code   RO        13371    i.Init_ChargerLoad_Det  charger_loader_func.o
    0x0800ea14   0x0800ea14   0x0000000c   Code   RO        11375    i.JiCheChangeMainStep  jiche_app.o
    0x0800ea20   0x0800ea20   0x0000000c   Code   RO        11376    i.JiCheChangeRunStep  jiche_app.o
    0x0800ea2c   0x0800ea2c   0x0000006a   Code   RO        11377    i.JiChe_FaultDispose  jiche_app.o
    0x0800ea96   0x0800ea96   0x00000002   PAD
    0x0800ea98   0x0800ea98   0x00000054   Code   RO        14538    i.MainDsgMOS_OPEN_MODE_BootStrap_Cir  lib_IODrivers.lib(lib_iodrivers.o)
    0x0800eaec   0x0800eaec   0x00000054   Code   RO        14539    i.MainDsgMOS_OPEN_MODE_SameDoor_HavePreChg  lib_IODrivers.lib(lib_iodrivers.o)
    0x0800eb40   0x0800eb40   0x00000054   Code   RO        14540    i.MainRelay_OPEN_MODE_DiffDoor_HavePreChg  lib_IODrivers.lib(lib_iodrivers.o)
    0x0800eb94   0x0800eb94   0x00000054   Code   RO        14541    i.MainRelay_OPEN_MODE_SameDoor_HavePreChg  lib_IODrivers.lib(lib_iodrivers.o)
    0x0800ebe8   0x0800ebe8   0x0000003c   Code   RO        14542    i.Main_Relay_SameDoor_HavePreChg  lib_IODrivers.lib(lib_iodrivers.o)
    0x0800ec24   0x0800ec24   0x00000002   Code   RO           13    i.MemManage_Handler  n32h47x_48x_it.o
    0x0800ec26   0x0800ec26   0x0000000e   Code   RO        14336    i.ModulusSubb       lib_SOC.lib(lib_soc.o)
    0x0800ec34   0x0800ec34   0x00000170   Code   RO        14543    i.MosCtrl_BootStrap_Cir  lib_IODrivers.lib(lib_iodrivers.o)
    0x0800eda4   0x0800eda4   0x00000134   Code   RO        14544    i.MosCtrl_SameDoor_HavePreChg  lib_IODrivers.lib(lib_iodrivers.o)
    0x0800eed8   0x0800eed8   0x000003b8   Code   RO        14545    i.MosCtrl_SameDoor_NoPreChg  lib_IODrivers.lib(lib_iodrivers.o)
    0x0800f290   0x0800f290   0x00000458   Code   RO        14546    i.MosOnOFF_Det_BootStrap_Cir  lib_IODrivers.lib(lib_iodrivers.o)
    0x0800f6e8   0x0800f6e8   0x00000378   Code   RO        14547    i.MosOnOFF_Det_SameDoor_HavePreChg  lib_IODrivers.lib(lib_iodrivers.o)
    0x0800fa60   0x0800fa60   0x00000002   Code   RO           14    i.NMI_Handler       n32h47x_48x_it.o
    0x0800fa62   0x0800fa62   0x0000006a   Code   RO          288    i.NVIC_Init         misc.o
    0x0800facc   0x0800facc   0x00000014   Code   RO          289    i.NVIC_PriorityGroupConfig  misc.o
    0x0800fae0   0x0800fae0   0x00000060   Code   RO        11643    i.OCC1_Config       protection.o
    0x0800fb40   0x0800fb40   0x00000064   Code   RO        11644    i.OCC2_Config       protection.o
    0x0800fba4   0x0800fba4   0x00000060   Code   RO        11645    i.OCD1_Config       protection.o
    0x0800fc04   0x0800fc04   0x00000066   Code   RO        11646    i.OCD2_Config       protection.o
    0x0800fc6a   0x0800fc6a   0x00000084   Code   RO        11647    i.OV_Config         protection.o
    0x0800fcee   0x0800fcee   0x00000054   Code   RO        11378    i.OnJiChe_AlertInterruptMask  jiche_app.o
    0x0800fd42   0x0800fd42   0x00000080   Code   RO        11379    i.OnJiChe_BrokenLineDetect  jiche_app.o
    0x0800fdc2   0x0800fdc2   0x00000030   Code   RO        11380    i.OnJiChe_CellBalance  jiche_app.o
    0x0800fdf2   0x0800fdf2   0x00000028   Code   RO        11381    i.OnJiChe_ChargerDetect  jiche_app.o
    0x0800fe1a   0x0800fe1a   0x0000004c   Code   RO        11382    i.OnJiChe_Current   jiche_app.o
    0x0800fe66   0x0800fe66   0x0000003c   Code   RO        11383    i.OnJiChe_FETControl  jiche_app.o
    0x0800fea2   0x0800fea2   0x000000ca   Code   RO        11390    i.OnJiChe_Temperature  jiche_app.o
    0x0800ff6c   0x0800ff6c   0x00000046   Code   RO        11392    i.OnJiChe_Voltage_Vcell  jiche_app.o
    0x0800ffb2   0x0800ffb2   0x00000044   Code   RO        11393    i.OnJiChe_Voltage_other  jiche_app.o
    0x0800fff6   0x0800fff6   0x00000002   Code   RO           15    i.SVC_Handler       n32h47x_48x_it.o
    0x0800fff8   0x0800fff8   0x00000004   Code   RO        13731    i.Sci_ACK_0x03_R_PC_LCD  uart_upper.o
    0x0800fffc   0x0800fffc   0x00000002   Code   RO        13747    i.Sci_WrReg_0x06_SwitchOFF  uart_upper.o
    0x0800fffe   0x0800fffe   0x00000002   Code   RO        13748    i.Sci_WrReg_0x06_SwitchON  uart_upper.o
    0x08010000   0x08010000   0x00000004   Data   RO         9893    .ARM.__AT_0x08010000  flash.o
    0x08010004   0x08010004   0x00000010   Code   RO        10681    i.PCHG_OnOFF        short_current.o
    0x08010014   0x08010014   0x00000018   Code   RO        11178    i.PDSG_FETControl   fetcontrol.o
    0x0801002c   0x0801002c   0x000001ae   Code   RO        12072    i.Para_GetAll_StoreData  parameter_save_flash.o
    0x080101da   0x080101da   0x00000190   Code   RO        12073    i.Para_ResetData_AllToDefault  parameter_save_flash.o
    0x0801036a   0x0801036a   0x0000013c   Code   RO        12074    i.Para_WriteAllCycle  parameter_save_flash.o
    0x080104a6   0x080104a6   0x00000012   Code   RO        12075    i.Para_WriteAll_DataDefault  parameter_save_flash.o
    0x080104b8   0x080104b8   0x0000001c   Code   RO        12076    i.Para_WriteAll_DataRefresh  parameter_save_flash.o
    0x080104d4   0x080104d4   0x00000134   Code   RO        14548    i.PreChg_Ctrl       lib_IODrivers.lib(lib_iodrivers.o)
    0x08010608   0x08010608   0x0000009c   Code   RO        14549    i.PreDsgMOS_OPEN_MODE_BootStrap_Cir  lib_IODrivers.lib(lib_iodrivers.o)
    0x080106a4   0x080106a4   0x00000094   Code   RO        14550    i.PreDsgMOS_OPEN_MODE_SameDoor_HavePreChg  lib_IODrivers.lib(lib_iodrivers.o)
    0x08010738   0x08010738   0x00000054   Code   RO        14551    i.PreRelay_OPEN_MODE_DiffDoor_HavePreChg  lib_IODrivers.lib(lib_iodrivers.o)
    0x0801078c   0x0801078c   0x00000054   Code   RO        14552    i.PreRelay_OPEN_MODE_SameDoor_HavePreChg  lib_IODrivers.lib(lib_iodrivers.o)
    0x080107e0   0x080107e0   0x00000068   Code   RO        11394    i.Protection_Config  jiche_app.o
    0x08010848   0x08010848   0x00000014   Code   RO         4075    i.RCC_ConfigFDCANClksrc  n32h47x_48x_rcc.o
    0x0801085c   0x0801085c   0x00000014   Code   RO         4076    i.RCC_ConfigFDCANPllClk  n32h47x_48x_rcc.o
    0x08010870   0x08010870   0x0000001c   Code   RO         4105    i.RCC_EnableAHB1PeriphClk  n32h47x_48x_rcc.o
    0x0801088c   0x0801088c   0x0000001c   Code   RO         4106    i.RCC_EnableAHBPeriphClk  n32h47x_48x_rcc.o
    0x080108a8   0x080108a8   0x0000001c   Code   RO         4108    i.RCC_EnableAPB1PeriphClk  n32h47x_48x_rcc.o
    0x080108c4   0x080108c4   0x00000016   Code   RO         4109    i.RCC_EnableAPB1PeriphReset  n32h47x_48x_rcc.o
    0x080108da   0x080108da   0x0000001c   Code   RO         4110    i.RCC_EnableAPB2PeriphClk  n32h47x_48x_rcc.o
    0x080108f6   0x080108f6   0x00000196   Code   RO         4128    i.RCC_GetClocksFreqValue  n32h47x_48x_rcc.o
    0x08010a8c   0x08010a8c   0x00000276   Code   RO        14070    i.R_LCD_FillData    uart_lcd.o
    0x08010d02   0x08010d02   0x00000084   Code   RO        10302    i.ReadEEPROM_Byte   eeprom.o
    0x08010d86   0x08010d86   0x00000030   Code   RO        11778    i.Read_NFRT         temperature.o
    0x08010db6   0x08010db6   0x0000016c   Code   RO        13534    i.RefreshData_Drivers  drivers_ctrl.o
    0x08010f22   0x08010f22   0x00000022   Code   RO        13190    i.RefreshData_SOC   soc_user.o
    0x08010f44   0x08010f44   0x00000134   Code   RO        14553    i.RelayCtrl_DiffDoor_HavePreChg  lib_IODrivers.lib(lib_iodrivers.o)
    0x08011078   0x08011078   0x00000384   Code   RO        14554    i.RelayCtrl_DiffDoor_NoPreChg  lib_IODrivers.lib(lib_iodrivers.o)
    0x080113fc   0x080113fc   0x000000e8   Code   RO        14555    i.RelayCtrl_SameDoor_HavePreChg  lib_IODrivers.lib(lib_iodrivers.o)
    0x080114e4   0x080114e4   0x000004b4   Code   RO        14556    i.RelayCtrl_SameDoor_NoPreChg  lib_IODrivers.lib(lib_iodrivers.o)
    0x08011998   0x08011998   0x00000340   Code   RO        14557    i.RelayOnOFF_Det_DiffDoor_HavePreChg  lib_IODrivers.lib(lib_iodrivers.o)
    0x08011cd8   0x08011cd8   0x000004d4   Code   RO        14558    i.RelayOnOFF_Det_SameDoor_HavePreChg  lib_IODrivers.lib(lib_iodrivers.o)
    0x080121ac   0x080121ac   0x00000078   Code   RO        11648    i.SCD_Config        protection.o
    0x08012224   0x08012224   0x0000011c   Code   RO        14337    i.SOC_Cont_AH_Int_CHG  lib_SOC.lib(lib_soc.o)
    0x08012340   0x08012340   0x0000012c   Code   RO        14338    i.SOC_Cont_AH_Int_DSG  lib_SOC.lib(lib_soc.o)
    0x0801246c   0x0801246c   0x00000098   Code   RO        14340    i.SOC_Data_Filter   lib_SOC.lib(lib_soc.o)
    0x08012504   0x08012504   0x000000fc   Code   RO        14341    i.SOC_DealEEPROM_Data  lib_SOC.lib(lib_soc.o)
    0x08012600   0x08012600   0x000000f0   Code   RO        14342    i.SOC_EEPROM_Deal_Monitor  lib_SOC.lib(lib_soc.o)
    0x080126f0   0x080126f0   0x00000060   Code   RO        14343    i.SOC_IntEnhance_Ctrl  lib_SOC.lib(lib_soc.o)
    0x08012750   0x08012750   0x00000062   Code   RO        13191    i.SOC_OCV_Fix       soc_user.o
    0x080127b2   0x080127b2   0x00000002   PAD
    0x080127b4   0x080127b4   0x0000006c   Code   RO        14345    i.SOC_RefreshData_Monitor  lib_SOC.lib(lib_soc.o)
    0x08012820   0x08012820   0x000000ac   Code   RO        14346    i.SOC_Result_Pass   lib_SOC.lib(lib_soc.o)
    0x080128cc   0x080128cc   0x000000c0   Code   RO        14347    i.SOC_State_Transfer  lib_SOC.lib(lib_soc.o)
    0x0801298c   0x0801298c   0x00000178   Code   RO        14348    i.SOC_Update_StartUp  lib_SOC.lib(lib_soc.o)
    0x08012b04   0x08012b04   0x00000050   Code   RO        13717    i.Sci1_CommonUpper_FaultChk  uart_upper.o
    0x08012b54   0x08012b54   0x000000da   Code   RO        13718    i.Sci1_CommonUpper_Rx_Deal  uart_upper.o
    0x08012c2e   0x08012c2e   0x00000076   Code   RO        13719    i.Sci1_CommonUpper_Tx_Deal  uart_upper.o
    0x08012ca4   0x08012ca4   0x00000050   Code   RO        13720    i.Sci2_CommonUpper_FaultChk  uart_upper.o
    0x08012cf4   0x08012cf4   0x000000da   Code   RO        13721    i.Sci2_CommonUpper_Rx_Deal  uart_upper.o
    0x08012dce   0x08012dce   0x00000076   Code   RO        13722    i.Sci2_CommonUpper_Tx_Deal  uart_upper.o
    0x08012e44   0x08012e44   0x00000050   Code   RO        13723    i.Sci3_CommonUpper_FaultChk  uart_upper.o
    0x08012e94   0x08012e94   0x000000da   Code   RO        13724    i.Sci3_CommonUpper_Rx_Deal  uart_upper.o
    0x08012f6e   0x08012f6e   0x00000086   Code   RO        13725    i.Sci3_CommonUpper_Tx_Deal  uart_upper.o
    0x08012ff4   0x08012ff4   0x00000114   Code   RO        13726    i.Sci_ACK_0x03      uart_upper.o
    0x08013108   0x08013108   0x00000044   Code   RO        13727    i.Sci_ACK_0x03_RW_Data_Cali  uart_upper.o
    0x0801314c   0x0801314c   0x000000d6   Code   RO        13728    i.Sci_ACK_0x03_RW_Data_Other  uart_upper.o
    0x08013222   0x08013222   0x0000004e   Code   RO        13729    i.Sci_ACK_0x03_RW_Data_OtherCanAdd  uart_upper.o
    0x08013270   0x08013270   0x0000002a   Code   RO        13730    i.Sci_ACK_0x03_RW_Data_Pro  uart_upper.o
    0x0801329a   0x0801329a   0x000002a0   Code   RO        13732    i.Sci_ACK_0x03_ReadRegs_Data  uart_upper.o
    0x0801353a   0x0801353a   0x00000044   Code   RO        12896    i.Sci_ACK_0x03_ReadRegs_EventRecord  log_record.o
    0x0801357e   0x0801357e   0x00000158   Code   RO        13733    i.Sci_ACK_0x03_ReadRegs_LCD  uart_upper.o
    0x080136d6   0x080136d6   0x00000046   Code   RO        13734    i.Sci_ACK_0x06_0x10  uart_upper.o
    0x0801371c   0x0801371c   0x00000030   Code   RO        10744    i.Sci_CRC16RTU      pub_func.o
    0x0801374c   0x0801374c   0x00000030   Code   RO        13735    i.Sci_DataInit      uart_upper.o
    0x0801377c   0x0801377c   0x0000009c   Code   RO        13736    i.Sci_Deal_ReadRegs_0x03  uart_upper.o
    0x08013818   0x08013818   0x00000078   Code   RO        13737    i.Sci_Deal_WrReg_0x06  uart_upper.o
    0x08013890   0x08013890   0x00000140   Code   RO        13738    i.Sci_Deal_WrRegs_0x10  uart_upper.o
    0x080139d0   0x080139d0   0x0000002c   Code   RO        13739    i.Sci_WrReg_0x06_BMS_FunctionOFF  uart_upper.o
    0x080139fc   0x080139fc   0x000000e8   Code   RO        13740    i.Sci_WrReg_0x06_BMS_FunctionON  uart_upper.o
    0x08013ae4   0x08013ae4   0x0000014c   Code   RO        13741    i.Sci_WrReg_0x06_Reset_CalibCoef  uart_upper.o
    0x08013c30   0x08013c30   0x00000026   Code   RO        12897    i.Sci_WrReg_0x06_Reset_EventRecord  log_record.o
    0x08013c56   0x08013c56   0x0000005c   Code   RO        13742    i.Sci_WrReg_0x06_Reset_HeatCool  uart_upper.o
    0x08013cb2   0x08013cb2   0x000000a4   Code   RO        13743    i.Sci_WrReg_0x06_Reset_OtherCanAdd  uart_upper.o
    0x08013d56   0x08013d56   0x00000078   Code   RO        13744    i.Sci_WrReg_0x06_Reset_ProtectElement  uart_upper.o
    0x08013dce   0x08013dce   0x00000088   Code   RO        13745    i.Sci_WrReg_0x06_Reset_ProtectRecord  uart_upper.o
    0x08013e56   0x08013e56   0x00000026   Code   RO        13746    i.Sci_WrReg_0x06_SetSocOnce  uart_upper.o
    0x08013e7c   0x08013e7c   0x00000070   Code   RO        13749    i.Sci_WrRegs_0x10_Balance  uart_upper.o
    0x08013eec   0x08013eec   0x0000009e   Code   RO        13750    i.Sci_WrRegs_0x10_CalibCoef  uart_upper.o
    0x08013f8a   0x08013f8a   0x00000066   Code   RO        13751    i.Sci_WrRegs_0x10_CopperLoss  uart_upper.o
    0x08013ff0   0x08013ff0   0x00000034   Code   RO        13752    i.Sci_WrRegs_0x10_FlashConnect  uart_upper.o
    0x08014024   0x08014024   0x0000004e   Code   RO        13753    i.Sci_WrRegs_0x10_HeatCoolElement  uart_upper.o
    0x08014072   0x08014072   0x0000008c   Code   RO        13754    i.Sci_WrRegs_0x10_Protect  uart_upper.o
    0x080140fe   0x080140fe   0x00000002   Code   RO        13755    i.Sci_WrRegs_0x10_RTC  uart_upper.o
    0x08014100   0x08014100   0x000000aa   Code   RO        13756    i.Sci_WrRegs_0x10_SN_Version  uart_upper.o
    0x080141aa   0x080141aa   0x00000072   Code   RO        13757    i.Sci_WrRegs_0x10_SleepElement  uart_upper.o
    0x0801421c   0x0801421c   0x0000006e   Code   RO        13758    i.Sci_WrRegs_0x10_SocElement  uart_upper.o
    0x0801428a   0x0801428a   0x00000050   Code   RO        13759    i.Sci_WrRegs_0x10_SocTable  uart_upper.o
    0x080142da   0x080142da   0x0000005c   Code   RO        13760    i.Sci_WrRegs_0x10_SysOther  uart_upper.o
    0x08014336   0x08014336   0x00000090   Code   RO        13761    i.Sci_WrRegs_0x10_SystemElement  uart_upper.o
    0x080143c6   0x080143c6   0x00000072   Code   RO          234    i.SetStartupVolt    system_n32h47x_48x.o
    0x08014438   0x08014438   0x0000008c   Code   RO          235    i.SetSysClock       system_n32h47x_48x.o
    0x080144c4   0x080144c4   0x00000002   Code   RO           16    i.SysTick_Handler   n32h47x_48x_it.o
    0x080144c6   0x080144c6   0x0000001c   Code   RO        13241    i.Sys_FindProtectFilterMax  system_monitor.o
    0x080144e2   0x080144e2   0x0000008a   Code   RO          237    i.SystemInit        system_n32h47x_48x.o
    0x0801456c   0x0801456c   0x0000019e   Code   RO        13243    i.System_ERROR_UserCallback  system_monitor.o
    0x0801470a   0x0801470a   0x0000017e   Code   RO        13244    i.System_FUNC_StartUp  system_monitor.o
    0x08014888   0x08014888   0x0000007c   Code   RO        11398    i.TASK_JiChe_APP    jiche_app.o
    0x08014904   0x08014904   0x00000002   Code   RO        11399    i.TASK_JiChe_ERRFun  jiche_app.o
    0x08014906   0x08014906   0x00000058   Code   RO        11400    i.TASK_JiChe_InitFun  jiche_app.o
    0x0801495e   0x0801495e   0x00000082   Code   RO        11401    i.TASK_JiChe_MainFun  jiche_app.o
    0x080149e0   0x080149e0   0x000000c2   Code   RO         8160    i.TIM_ClrIntPendingBit  n32h47x_48x_tim.o
    0x08014aa2   0x08014aa2   0x00000018   Code   RO         8168    i.TIM_ConfigArPreload  n32h47x_48x_tim.o
    0x08014aba   0x08014aba   0x00000014   Code   RO         8183    i.TIM_ConfigInt     n32h47x_48x_tim.o
    0x08014ace   0x08014ace   0x0000000e   Code   RO         8193    i.TIM_ConfigOc2Preload  n32h47x_48x_tim.o
    0x08014adc   0x08014adc   0x0000000c   Code   RO         8197    i.TIM_ConfigOc3Preload  n32h47x_48x_tim.o
    0x08014ae8   0x08014ae8   0x0000000e   Code   RO         8201    i.TIM_ConfigOc4Preload  n32h47x_48x_tim.o
    0x08014af6   0x08014af6   0x00000018   Code   RO         8215    i.TIM_Enable        n32h47x_48x_tim.o
    0x08014b0e   0x08014b0e   0x000000ea   Code   RO         8241    i.TIM_GetIntStatus  n32h47x_48x_tim.o
    0x08014bf8   0x08014bf8   0x000000d6   Code   RO         8255    i.TIM_InitOc2       n32h47x_48x_tim.o
    0x08014cce   0x08014cce   0x000000aa   Code   RO         8256    i.TIM_InitOc3       n32h47x_48x_tim.o
    0x08014d78   0x08014d78   0x000000d6   Code   RO         8257    i.TIM_InitOc4       n32h47x_48x_tim.o
    0x08014e4e   0x08014e4e   0x00000014   Code   RO         8260    i.TIM_InitOcStruct  n32h47x_48x_tim.o
    0x08014e62   0x08014e62   0x0000001c   Code   RO         8261    i.TIM_InitTimBaseStruct  n32h47x_48x_tim.o
    0x08014e7e   0x08014e7e   0x00000376   Code   RO         8262    i.TIM_InitTimeBase  n32h47x_48x_tim.o
    0x080151f4   0x080151f4   0x00000040   Code   RO           18    i.UART5_IRQHandler  n32h47x_48x_it.o
    0x08015234   0x08015234   0x00000040   Code   RO           19    i.UART7_IRQHandler  n32h47x_48x_it.o
    0x08015274   0x08015274   0x00000040   Code   RO           20    i.USART1_IRQHandler  n32h47x_48x_it.o
    0x080152b4   0x080152b4   0x00000040   Code   RO           21    i.USART3_IRQHandler  n32h47x_48x_it.o
    0x080152f4   0x080152f4   0x00000040   Code   RO           22    i.USART4_IRQHandler  n32h47x_48x_it.o
    0x08015334   0x08015334   0x00000012   Code   RO         9074    i.USART_CfgDriverAssertTime  n32h47x_48x_usart.o
    0x08015346   0x08015346   0x00000012   Code   RO         9075    i.USART_CfgDriverdeassertTime  n32h47x_48x_usart.o
    0x08015358   0x08015358   0x0000002e   Code   RO         9084    i.USART_ConfigInt   n32h47x_48x_usart.o
    0x08015386   0x08015386   0x00000018   Code   RO         9089    i.USART_DriverModeSet  n32h47x_48x_usart.o
    0x0801539e   0x0801539e   0x00000018   Code   RO         9090    i.USART_DriverPolaritySet  n32h47x_48x_usart.o
    0x080153b6   0x080153b6   0x00000018   Code   RO         9091    i.USART_Enable      n32h47x_48x_usart.o
    0x080153ce   0x080153ce   0x0000000e   Code   RO         9100    i.USART_GetFlagStatus  n32h47x_48x_usart.o
    0x080153dc   0x080153dc   0x00000030   Code   RO         9101    i.USART_GetIntStatus  n32h47x_48x_usart.o
    0x0801540c   0x0801540c   0x000000da   Code   RO         9106    i.USART_Init        n32h47x_48x_usart.o
    0x080154e6   0x080154e6   0x00000082   Code   RO        11649    i.UV_Config         protection.o
    0x08015568   0x08015568   0x000002e0   Code   RO        14071    i.Uart_R_PC_LCD_ACK_0x03  uart_lcd.o
    0x08015848   0x08015848   0x00000002   Code   RO           23    i.UsageFault_Handler  n32h47x_48x_it.o
    0x0801584a   0x0801584a   0x00000080   Code   RO        10308    i.WriteEEPROM_Byte  eeprom.o
    0x080158ca   0x080158ca   0x00000056   Code   RO        10309    i.WriteEEPROM_Word_NoZone  eeprom.o
    0x08015920   0x08015920   0x0000003e   Code   RO        10310    i.WriteEEPROM_Word_WithZone  eeprom.o
    0x0801595e   0x0801595e   0x0000003a   Code   RO         9755    i.__delay_ms        timer.o
    0x08015998   0x08015998   0x0000003e   Code   RO         9756    i.__delay_us        timer.o
    0x080159d6   0x080159d6   0x0000000e   Code   RO        14836    i.__scatterload_copy  mc_w.l(handlers.o)
    0x080159e4   0x080159e4   0x00000002   Code   RO        14837    i.__scatterload_null  mc_w.l(handlers.o)
    0x080159e6   0x080159e6   0x0000000e   Code   RO        14838    i.__scatterload_zeroinit  mc_w.l(handlers.o)
    0x080159f4   0x080159f4   0x00000020   Code   RO        11107    i.calc_crc8         dvc11xx.o
    0x08015a14   0x08015a14   0x00000002   Code   RO        11062    i.delay_ms          delay.o
    0x08015a16   0x08015a16   0x00000004   Code   RO        11063    i.delay_us          delay.o
    0x08015a1a   0x08015a1a   0x000000c6   Code   RO        11324    i.i2c_master_init   i2c.o
    0x08015ae0   0x08015ae0   0x00000052   Code   RO        12414    i.main              main.o
    0x08015b32   0x08015b32   0x000000c0   Code   RO        12187    i.runtimeSOC_Get_SocWord  runtimedata_save_flash.o
    0x08015bf2   0x08015bf2   0x0000000c   Code   RO        12188    i.runtimeSOC_PageErase  runtimedata_save_flash.o
    0x08015bfe   0x08015bfe   0x00000024   Code   RO        12190    i.runtimeSOC_Read_UINT32  runtimedata_save_flash.o
    0x08015c22   0x08015c22   0x00000022   Code   RO        12191    i.runtimeSOC_Write_2Word  runtimedata_save_flash.o
    0x08015c44   0x08015c44   0x00000048   Code   RO        12192    i.runtimeSOC_Write_SocWord  runtimedata_save_flash.o
    0x08015c8c   0x08015c8c   0x00000023   Data   RO         1915    .constdata          n32h47x_48x_fdcan.o
    0x08015caf   0x08015caf   0x00000001   PAD
    0x08015cb0   0x08015cb0   0x00000020   Data   RO         4141    .constdata          n32h47x_48x_rcc.o
    0x08015cd0   0x08015cd0   0x00000070   Data   RO        10185    .constdata          adc_deal.o
    0x08015d40   0x08015d40   0x00000100   Data   RO        11109    .constdata          dvc11xx.o
    0x08015e40   0x08015e40   0x00000029   Data   RO        11405    .constdata          jiche_app.o
    0x08015e69   0x08015e69   0x00000003   PAD
    0x08015e6c   0x08015e6c   0x00000110   Data   RO        11779    .constdata          temperature.o
    0x08015f7c   0x08015f7c   0x000000f4   Data   RO        12078    .constdata          parameter_save_flash.o
    0x08016070   0x08016070   0x00000054   Data   RO        13193    .constdata          soc_user.o
    0x080160c4   0x080160c4   0x000000f4   Data   RO        13763    .constdata          uart_upper.o
    0x080161b8   0x080161b8   0x000000fc   Data   RO        14350    .constdata          lib_SOC.lib(lib_soc.o)
    0x080162b4   0x080162b4   0x00000010   Data   RO         4142    .conststring        n32h47x_48x_rcc.o
    0x080162c4   0x080162c4   0x0000002c   Data   RO        12079    .conststring        parameter_save_flash.o
    0x080162f0   0x080162f0   0x00000020   Data   RO        14834    Region$$Table       anon$$obj.o
    0x08016310   0x08016310   0x00000005   Data   RO        10803    c.App_SysTime.00000082  sys_timer.o
    0x08016315   0x08016315   0x00000012   Data   RO        14145    c.Can_ReceiveDeal.00000038  can_com.o
    0x08016327   0x08016327   0x00000005   Data   RO        12792    c.Cool_Control.00000038  heat_cool.o
    0x0801632c   0x0801632c   0x00000005   Data   RO        12793    c.Heat_Control.00000036  heat_cool.o
    0x08016331   0x08016331   0x00000007   Data   RO        14073    c.R_LCD_FillData.0000001a  uart_lcd.o
    0x08016338   0x08016338   0x00000005   Data   RO        13766    c.Sci_Deal_WrReg_0x06.0000001e  uart_upper.o
    0x0801633d   0x0801633d   0x00000047   Data   RO        13767    c.Sci_Deal_WrRegs_0x10.00000020  uart_upper.o
    0x08016384   0x08016384   0x00000011   Data   RO        13768    c.Sci_Deal_WrRegs_0x10.00000040  uart_upper.o
    0x08016395   0x08016395   0x0000000b   Data   RO        13769    c.Sci_WrReg_0x06_BMS_FunctionON.0000002a  uart_upper.o
    0x080163a0   0x080163a0   0x00000007   Data   RO        13770    c.Sci_WrReg_0x06_Reset_CalibCoef.00000036  uart_upper.o
    0x080163a7   0x080163a7   0x00000049   Data   RO        13247    c.System_ERROR_UserCallback.00000014  system_monitor.o
    0x080163f0   0x080163f0   0x0000000a   Data   RO        13248    c.System_FUNC_StartUp.00000022  system_monitor.o


    Execution Region RW_IRAM1 (Exec base: 0x20000000, Load base: 0x080163fc, Size: 0x00002b90, Max: 0x00030000, ABSOLUTE, COMPRESSED[0x00000038])

    Exec Addr    Load Addr    Size         Type   Attr      Idx    E Section Name        Object

    0x20000000   COMPRESSED   0x0000000c   Data   RW         9757    .data               timer.o
    0x2000000c   COMPRESSED   0x00000004   Data   RW        10119    .data               pwm.o
    0x20000010   COMPRESSED   0x0000001c   Data   RW        10186    .data               adc_deal.o
    0x2000002c   COMPRESSED   0x00000003   Data   RW        10682    .data               short_current.o
    0x2000002f   COMPRESSED   0x00000001   PAD
    0x20000030   COMPRESSED   0x00000014   Data   RW        10802    .data               sys_timer.o
    0x20000044   COMPRESSED   0x00000002   Data   RW        10862    .data               sys_pwr.o
    0x20000046   COMPRESSED   0x00000001   Data   RW        11111    .data               dvc11xx.o
    0x20000047   COMPRESSED   0x00000001   PAD
    0x20000048   COMPRESSED   0x00000004   Data   RW        11325    .data               i2c.o
    0x2000004c   COMPRESSED   0x00000014   Data   RW        11406    .data               jiche_app.o
    0x20000060   COMPRESSED   0x00000002   Data   RW        11780    .data               temperature.o
    0x20000062   COMPRESSED   0x00000002   PAD
    0x20000064   COMPRESSED   0x00000010   Data   RW        11828    .data               voltage.o
    0x20000074   COMPRESSED   0x00000010   Data   RW        12194    .data               runtimedata_save_flash.o
    0x20000084   COMPRESSED   0x00000004   Data   RW        12303    .data               data_deal.o
    0x20000088   COMPRESSED   0x0000000c   Data   RW        12304    .data               data_deal.o
    0x20000094   COMPRESSED   0x00000001   Data   RW        12415    .data               main.o
    0x20000095   COMPRESSED   0x00000001   PAD
    0x20000096   COMPRESSED   0x00000002   Data   RW        12416    .data               main.o
    0x20000098   COMPRESSED   0x00000062   Data   RW        12532    .data               fault.o
    0x200000fa   COMPRESSED   0x0000000a   Data   RW        12791    .data               heat_cool.o
    0x20000104   COMPRESSED   0x0000000c   Data   RW        12899    .data               log_record.o
    0x20000110   COMPRESSED   0x0000000e   Data   RW        13044    .data               sleep_user.o
    0x2000011e   COMPRESSED   0x00000002   PAD
    0x20000120   COMPRESSED   0x00000008   Data   RW        13194    .data               soc_user.o
    0x20000128   COMPRESSED   0x0000001c   Data   RW        13246    .data               system_monitor.o
    0x20000144   COMPRESSED   0x00000010   Data   RW        13297    .data               cbc.o
    0x20000154   COMPRESSED   0x00000006   Data   RW        13375    .data               charger_loader_func.o
    0x2000015a   COMPRESSED   0x00000002   PAD
    0x2000015c   COMPRESSED   0x00000020   Data   RW        13455    .data               parameter_save.o
    0x2000017c   COMPRESSED   0x00000014   Data   RW        13539    .data               drivers_ctrl.o
    0x20000190   COMPRESSED   0x00000020   Data   RW        13764    .data               uart_upper.o
    0x200001b0   COMPRESSED   0x0000000e   Data   RW        14072    .data               uart_lcd.o
    0x200001be   COMPRESSED   0x00000002   PAD
    0x200001c0   COMPRESSED   0x00000008   Data   RW        14144    .data               can_com.o
    0x200001c8   COMPRESSED   0x00000060   Data   RW        14351    .data               lib_SOC.lib(lib_soc.o)
    0x20000228   COMPRESSED   0x00000108   Data   RW        14560    .data               lib_IODrivers.lib(lib_iodrivers.o)
    0x20000330        -       0x0000000c   Zero   RW         1914    .bss                n32h47x_48x_fdcan.o
    0x2000033c        -       0x00000448   Zero   RW        10008    .bss                can.o
    0x20000784        -       0x00000100   Zero   RW        10180    .bss                adc_deal.o
    0x20000884        -       0x000001bd   Zero   RW        11108    .bss                dvc11xx.o
    0x20000a41   COMPRESSED   0x00000003   PAD
    0x20000a44        -       0x000000ac   Zero   RW        11404    .bss                jiche_app.o
    0x20000af0        -       0x0000002a   Zero   RW        11909    .bss                lib_sleepfunc.o
    0x20000b1a        -       0x00000014   Zero   RW        12077    .bss                parameter_save_flash.o
    0x20000b2e        -       0x000000fc   Zero   RW        12296    .bss                data_deal.o
    0x20000c2a        -       0x00000040   Zero   RW        12297    .bss                data_deal.o
    0x20000c6a        -       0x00000172   Zero   RW        12531    .bss                fault.o
    0x20000ddc        -       0x00000030   Zero   RW        12790    .bss                heat_cool.o
    0x20000e0c        -       0x00000655   Zero   RW        12898    .bss                log_record.o
    0x20001461   COMPRESSED   0x00000003   PAD
    0x20001464        -       0x00000078   Zero   RW        12982    .bss                productionid.o
    0x200014dc        -       0x00000054   Zero   RW        13192    .bss                soc_user.o
    0x20001530        -       0x00000018   Zero   RW        13245    .bss                system_monitor.o
    0x20001548        -       0x0000049e   Zero   RW        13762    .bss                uart_upper.o
    0x200019e6   COMPRESSED   0x00000002   PAD
    0x200019e8        -       0x0000005c   Zero   RW        14141    .bss                can_com.o
    0x20001a44        -       0x00000110   Zero   RW        14349    .bss                lib_SOC.lib(lib_soc.o)
    0x20001b54        -       0x00000038   Zero   RW        14559    .bss                lib_IODrivers.lib(lib_iodrivers.o)
    0x20001b8c   COMPRESSED   0x00000004   PAD
    0x20001b90        -       0x00001000   Zero   RW          278    STACK               startup_n32h474.o


==============================================================================

Image component sizes


      Code (inc. data)   RO Data    RW Data    ZI Data      Debug   Object Name

      1344          0        112         28        256      11822   adc_deal.o
       122          0          0          0          0       2044   balance.o
        24          0          0          0          0        521   brokenlinedetect.o
       426          0          0          0       1096       5731   can.o
      2644          0         18          8         92      21511   can_com.o
       300          0          0         16          0       6042   cbc.o
        36          0          0          0          0        577   cellbalance.o
       326          0          0          6          0       4153   charger_loader_func.o
       188          0          0          0          0       1408   current.o
      1042          0          0         16        316      13734   data_deal.o
         6          0          0          0          0       1050   delay.o
      1286          0          0         20          0      10874   drivers_ctrl.o
       392          0        256          1        445       9580   dvc11xx.o
      1038          0          0          0          0       7642   eeprom.o
      8486          0          0         98        370      38767   fault.o
       188          0          0          0          0       3519   fetcontrol.o
        94          0          4          0          0       3314   flash.o
       240          0          0          0          0       3853   gpn.o
       752          0         10         10         48      10059   heat_cool.o
       716          0          0          4          0       4300   i2c.o
       436          0          0          0          0        801   io_ctrl.o
      1520          0         41         20        172      22840   jiche_app.o
         0          0          0          0         42       3444   lib_sleepfunc.o
       106          0          0         12       1621       5247   log_record.o
       190          0          0          3          0       1905   main.o
       126          0          0          0          0       4435   misc.o
       428          0          0          0          0      60039   n32h47x_48x_adc.o
       518          0          0          0          0      18423   n32h47x_48x_dma.o
       194          0          0          0          0       2785   n32h47x_48x_exti.o
      1606          0         35          0         12      14405   n32h47x_48x_fdcan.o
       314          0          0          0          0      13159   n32h47x_48x_flash.o
       318          0          0          0          0       6241   n32h47x_48x_gpio.o
       548          0          0          0          0      23953   n32h47x_48x_i2c.o
       668          0          0          0          0     623143   n32h47x_48x_it.o
        16          0          0          0          0        585   n32h47x_48x_iwdg.o
       580          0         48          0          0       7308   n32h47x_48x_rcc.o
      2068          0          0          0          0      12950   n32h47x_48x_tim.o
       434          0          0          0          0       7763   n32h47x_48x_usart.o
         0          0          0         32          0       4240   parameter_save.o
      1800          0        288          0         20      19086   parameter_save_flash.o
         0          0          0          0        120       1078   productionid.o
       776          0          0          0          0       5853   protection.o
       384          0          0          0          0       3694   pub_func.o
       248          0          0          4          0       2087   pwm.o
        26          0          0          0          0        522   reset.o
       346          0          0         16          0       6196   runtimedata_save_flash.o
        26          0          0          0          0       1016   sci_com.o
       482          0          0          3          0       4271   short_current.o
        64          0          0         14          0       4523   sleep_user.o
       404          0         84          8         84       3693   soc_user.o
        36          8        536          0       4096        892   startup_n32h474.o
         4          0          0          0          0        573   sys_cfg.o
       166          0          0          2          0      31948   sys_pwr.o
       512          0          5         20          0       3409   sys_timer.o
      1134          0         83         28         24      10873   system_monitor.o
       392          0          0          0          0       2109   system_n32h47x_48x.o
       420          0        272          2          0       3024   temperature.o
       372          0          0         12          0       4316   timer.o
       500          0          0          0          0       2244   uart.o
      1366          0          7         14          0       8163   uart_lcd.o
      7118          0        355         32       1182      56866   uart_upper.o
       576          0          0         16          0       4574   voltage.o

    ----------------------------------------------------------------------
     46886          8       2192        456      10004    1175177   Object Totals
         0          0         32          0          0          0   (incl. Generated)
        14          0          6         11          8          0   (incl. Padding)

    ----------------------------------------------------------------------

      Code (inc. data)   RO Data    RW Data    ZI Data      Debug   Library Member Name

     10472        852          0        264         56     583891   lib_iodrivers.o
      5072        344        252         96        272      25442   lib_soc.o
        86          0          0          0          0          0   __dczerorl2.o
         0          0          0          0          0          0   entry.o
         0          0          0          0          0          0   entry10a.o
         0          0          0          0          0          0   entry11a.o
         4          0          0          0          0          0   entry12b.o
         8          4          0          0          0          0   entry2.o
         4          0          0          0          0          0   entry5.o
         0          0          0          0          0          0   entry7b.o
         0          0          0          0          0          0   entry8b.o
         8          4          0          0          0          0   entry9a.o
        30          0          0          0          0          0   handlers.o
        36          8          0          0          0         68   init.o
         0          0          0          0          0          0   iusefp.o
        30          0          0          0          0         68   llshl.o
        36          0          0          0          0         68   llsshr.o
        32          0          0          0          0         68   llushr.o
        36          0          0          0          0         68   memcpya.o
        36          0          0          0          0        108   memseta.o
        98          0          0          0          0         92   uldiv.o
        56          0          0          0          0         88   d2f.o
       334          0          0          0          0        148   dadd.o
       222          0          0          0          0        100   ddiv.o
       186          0          0          0          0        176   depilogue.o
        34          0          0          0          0         76   dflti.o
        26          0          0          0          0         76   dfltui.o
       228          0          0          0          0         96   dmul.o
        38          0          0          0          0         68   f2d.o
       110          0          0          0          0        168   fepilogue.o

    ----------------------------------------------------------------------
     17226       1212        252        360        332     610869   Library Totals
         4          0          0          0          4          0   (incl. Padding)

    ----------------------------------------------------------------------

      Code (inc. data)   RO Data    RW Data    ZI Data      Debug   Library Name

     10472        852          0        264         56     583891   lib_IODrivers.lib
      5072        344        252         96        272      25442   lib_SOC.lib
       444         16          0          0          0        540   mc_w.l
      1234          0          0          0          0        996   mf_w.l

    ----------------------------------------------------------------------
     17226       1212        252        360        332     610869   Library Totals

    ----------------------------------------------------------------------

==============================================================================


      Code (inc. data)   RO Data    RW Data    ZI Data      Debug   

     64112       1220       2444        816      10336    1736854   Grand Totals
     64112       1220       2444         56      10336    1736854   ELF Image Totals (compressed)
     64112       1220       2444         56          0          0   ROM Totals

==============================================================================

    Total RO  Size (Code + RO Data)                66556 (  65.00kB)
    Total RW  Size (RW Data + ZI Data)             11152 (  10.89kB)
    Total ROM Size (Code + RO Data + RW Data)      66612 (  65.05kB)

==============================================================================

