<html>
<body>
<pre>
<h1>µVision Build Log</h1>
<h2>Tool Versions:</h2>
IDE-Version: ¦ÌVision V5.37.0.0
Copyright (C) 2022 ARM Ltd and ARM Germany GmbH. All rights reserved.
License Information: 1 1, 1, LIC=YA39H-WB7EV-56MQ2-94JGX-A9NM6-22GQ3
 
Tool Versions:
Toolchain:       MDK-ARM Plus  Version: 5.37.0.0
Toolchain Path:  D:\Keil_v5\ARM\ARMCC\Bin
C Compiler:      Armcc.exe V5.06 update 7 (build 960)
Assembler:       Armasm.exe V5.06 update 7 (build 960)
Linker/Locator:  ArmLink.exe V5.06 update 7 (build 960)
Library Manager: ArmAr.exe V5.06 update 7 (build 960)
Hex Converter:   FromElf.exe V5.06 update 7 (build 960)
CPU DLL:         SARMCM3.DLL V5.37.0.0
Dialog DLL:      DCM.DLL V1.17.5.0
Target DLL:      Segger\JL2CM3.dll V2.99.15.0
Dialog DLL:      TCM.DLL V1.56.1.0
 
<h2>Project:</h2>
F:\Desktop\02-ComProject\CommonProject_JiChe\JiChe-APP\project\JiChe-APP.uvprojx
Project File Date:  07/28/2025

<h2>Output:</h2>
*** Using Compiler 'V5.06 update 7 (build 960)', folder: 'D:\Keil_v5\ARM\ARMCC\Bin'
Build target 'Target 1'
compiling uart.c...
compiling pwm.c...
..\Code\200_bsp\201_MCU\pwm.c(85): warning:  #550-D: variable "PrescalerValue2"  was set but never used
      uint32_t PrescalerValue2 = 0;
..\Code\200_bsp\201_MCU\pwm.c: 1 warning, 0 errors
compiling can.c...
compiling spi.c...
compiling io_ctrl.c...
compiling timer.c...
compiling adc_deal.c...
compiling n32h47x_48x_it.c...
compiling EEPROM.c...
compiling io_func.c...
compiling sys_timer.c...
compiling sys_pwr.c...
compiling MP279x_spi.c...
compiling CellBalance.c...
compiling balance.c...
compiling short_current.c...
compiling I2C.c...
compiling parameter_save_flash.c...
compiling JiChe_APP.c...
compiling Fault.c...
compiling heat_cool.c...
compiling main.c...
compiling data_deal.c...
..\Code\900_user\data_deal.c(71): warning:  #550-D: variable "t_u32temp"  was set but never used
      UINT32  t_u32temp = 0;
..\Code\900_user\data_deal.c: 1 warning, 0 errors
compiling log_record.c...
..\Code\900_user\log_record.c(39): warning:  #550-D: variable "temp"  was set but never used
  	UINT16 temp = 0;
..\Code\900_user\log_record.c(128): warning:  #167-D: argument of type "UINT8 (*)[16]" is incompatible with parameter of type "UINT32 **"
  	gu8_Reset_EventRecord = runtimeLOG_Get_LogPage(BMS_LOG_RECORD);
..\Code\900_user\log_record.c(135): warning:  #177-D: variable "su8_LogStatus"  was declared but never referenced
  	static UINT8 su8_LogStatus = 0;
..\Code\900_user\log_record.c(174): warning:  #177-D: variable "temp"  was declared but never referenced
  	UINT8 temp = 0;
..\Code\900_user\log_record.c(177): warning:  #177-D: variable "su32_Interval_S_Tcnt"  was declared but never referenced
  	static UINT32 su32_Interval_S_Tcnt = 0;
..\Code\900_user\log_record.c: 5 warnings, 0 errors
compiling ProductionID.c...
compiling sleep_user.c...
compiling CBC.c...
compiling charger_loader_func.c...
compiling soc_user.c...
compiling sci_com.c...
compiling parameter_save.c...
compiling drivers_ctrl.c...
compiling uart_lcd.c...
compiling uart_upper.c...
compiling can_com.c...
linking...
.\Output\JiChe-APP.axf: Warning: L6096W: String merge section n32h47x_48x_rcc.o(.conststring) is not null-terminated.
.\Output\JiChe-APP.axf: Warning: L6480W: Disabling string merging for parameter_save_flash.o(.conststring). Relocated MOVT referring to string .conststring has a non-zero addend, which is not supported.
Program Size: Code=64112 RO-data=2444 RW-data=816 ZI-data=10336  
Finished: 0 information, 2 warning and 0 error messages.
FromELF: creating hex file...
After Build - User command #1: fromelf.exe --bin -o "F:\Desktop\02-ComProject\CommonProject_JiChe\JiChe-APP\project\Output\JiChe-APP.bin" "F:\Desktop\02-ComProject\CommonProject_JiChe\JiChe-APP\project\Output\JiChe-APP.axf"
".\Output\JiChe-APP.axf" - 0 Error(s), 9 Warning(s).

<h2>Software Packages used:</h2>

Package Vendor: Nationstech
                http://www.keil.com/pack/Nationstech.N32H47x_DFP.0.8.0.pack
                Nationstech.N32H47x_DFP.0.8.0
                Nationstech N32H47x Series Device Support, Drivers and Examples

<h2>Collection of Component include folders:</h2>
  D:/Keil_v5/ARM/Packs/Nationstech/N32H47x_DFP/0.8.0/firmware/CMSIS/device

<h2>Collection of Component Files used:</h2>
Build Time Elapsed:  00:00:08
</pre>
</body>
</html>
