<!doctype html public "-//w3c//dtd html 4.0 transitional//en">
<html><head>
<title>Static Call Graph - [.\Output\JiChe-APP.axf]</title></head>
<body><HR>
<H1>Static Call Graph for image .\Output\JiChe-APP.axf</H1><HR>
<BR><P>#&#060CALLGRAPH&#062# ARM Linker, 5060960: Last Updated: Mon Aug 04 22:24:41 2025
<BR><P>
<H3>Maximum Stack Usage =        320 bytes + Unknown(Cycles, Untraceable Function Pointers)</H3><H3>
Call chain for Maximum Stack Depth:</H3>
main &rArr; App_Sci &rArr; App_CommonUpper &rArr; App_CommonUpperSCI3 &rArr; Sci_Deal_WrReg_0x06 &rArr; Sci_WrReg_0x06_Reset_CalibCoef &rArr; WriteEEPROM_Word_WithZone &rArr; WriteEEPROM_Word_NoZone &rArr; WriteEEPROM_Byte &rArr; IIC_Wait_Ack_SEE &rArr; IIC_Stop_SEE &rArr; __delay_us &rArr; RCC_GetClocksFreqValue &rArr; __aeabi_uldivmod
<P>
<H3>
Mutually Recursive functions
</H3> <LI><a href="#[8]">PendSV_Handler</a>&nbsp;&nbsp;&nbsp;&rArr;&nbsp;&nbsp;&nbsp;<a href="#[8]">PendSV_Handler</a><BR>
 <LI><a href="#[1c]">ADC1_2_IRQHandler</a>&nbsp;&nbsp;&nbsp;&rArr;&nbsp;&nbsp;&nbsp;<a href="#[1c]">ADC1_2_IRQHandler</a><BR>
 <LI><a href="#[4]">BusFault_Handler</a>&nbsp;&nbsp;&nbsp;&rArr;&nbsp;&nbsp;&nbsp;<a href="#[4]">BusFault_Handler</a><BR>
 <LI><a href="#[2]">HardFault_Handler</a>&nbsp;&nbsp;&nbsp;&rArr;&nbsp;&nbsp;&nbsp;<a href="#[2]">HardFault_Handler</a><BR>
 <LI><a href="#[3]">MemManage_Handler</a>&nbsp;&nbsp;&nbsp;&rArr;&nbsp;&nbsp;&nbsp;<a href="#[3]">MemManage_Handler</a><BR>
 <LI><a href="#[5]">UsageFault_Handler</a>&nbsp;&nbsp;&nbsp;&rArr;&nbsp;&nbsp;&nbsp;<a href="#[5]">UsageFault_Handler</a><BR>
</UL>
<P>
<H3>
Function Pointers
</H3><UL>
 <LI><a href="#[1c]">ADC1_2_IRQHandler</a> from startup_n32h474.o(.text) referenced from startup_n32h474.o(RESET)
 <LI><a href="#[39]">ADC3_ADC4_IRQHandler</a> from startup_n32h474.o(.text) referenced from startup_n32h474.o(RESET)
 <LI><a href="#[22]">ATIM1_BRK_IRQHandler</a> from startup_n32h474.o(.text) referenced from startup_n32h474.o(RESET)
 <LI><a href="#[25]">ATIM1_CC_IRQHandler</a> from startup_n32h474.o(.text) referenced from startup_n32h474.o(RESET)
 <LI><a href="#[24]">ATIM1_TRG_COM_IRQHandler</a> from startup_n32h474.o(.text) referenced from startup_n32h474.o(RESET)
 <LI><a href="#[23]">ATIM1_UP_IRQHandler</a> from startup_n32h474.o(.text) referenced from startup_n32h474.o(RESET)
 <LI><a href="#[35]">ATIM2_BRK_IRQHandler</a> from startup_n32h474.o(.text) referenced from startup_n32h474.o(RESET)
 <LI><a href="#[38]">ATIM2_CC_IRQHandler</a> from startup_n32h474.o(.text) referenced from startup_n32h474.o(RESET)
 <LI><a href="#[37]">ATIM2_TRG_COM_IRQHandler</a> from startup_n32h474.o(.text) referenced from startup_n32h474.o(RESET)
 <LI><a href="#[36]">ATIM2_UP_IRQHandler</a> from startup_n32h474.o(.text) referenced from startup_n32h474.o(RESET)
 <LI><a href="#[66]">ATIM3_BRK_IRQHandler</a> from startup_n32h474.o(.text) referenced from startup_n32h474.o(RESET)
 <LI><a href="#[69]">ATIM3_CC_IRQHandler</a> from startup_n32h474.o(.text) referenced from startup_n32h474.o(RESET)
 <LI><a href="#[68]">ATIM3_TRG_COM_IRQHandler</a> from startup_n32h474.o(.text) referenced from startup_n32h474.o(RESET)
 <LI><a href="#[67]">ATIM3_UP_IRQHandler</a> from startup_n32h474.o(.text) referenced from startup_n32h474.o(RESET)
 <LI><a href="#[3f]">BTIM1_IRQHandler</a> from timer.o(i.BTIM1_IRQHandler) referenced from startup_n32h474.o(RESET)
 <LI><a href="#[40]">BTIM2_IRQHandler</a> from startup_n32h474.o(.text) referenced from startup_n32h474.o(RESET)
 <LI><a href="#[4]">BusFault_Handler</a> from n32h47x_48x_it.o(i.BusFault_Handler) referenced from startup_n32h474.o(RESET)
 <LI><a href="#[59]">COMP1_2_3_IRQHandler</a> from startup_n32h474.o(.text) referenced from startup_n32h474.o(RESET)
 <LI><a href="#[47]">COMP4_5_6_IRQHandler</a> from startup_n32h474.o(.text) referenced from startup_n32h474.o(RESET)
 <LI><a href="#[5d]">COMP7_IRQHandler</a> from startup_n32h474.o(.text) referenced from startup_n32h474.o(RESET)
 <LI><a href="#[6e]">Cordic_IRQ_IRQHandler</a> from startup_n32h474.o(.text) referenced from startup_n32h474.o(RESET)
 <LI><a href="#[75]">DAC1_2_3_4_Underflow_IRQHandler</a> from startup_n32h474.o(.text) referenced from startup_n32h474.o(RESET)
 <LI><a href="#[76]">DAC5_6_7_8_Underflow_IRQHandler</a> from startup_n32h474.o(.text) referenced from startup_n32h474.o(RESET)
 <LI><a href="#[15]">DMA1_Channel1_IRQHandler</a> from startup_n32h474.o(.text) referenced from startup_n32h474.o(RESET)
 <LI><a href="#[16]">DMA1_Channel2_IRQHandler</a> from startup_n32h474.o(.text) referenced from startup_n32h474.o(RESET)
 <LI><a href="#[17]">DMA1_Channel3_IRQHandler</a> from startup_n32h474.o(.text) referenced from startup_n32h474.o(RESET)
 <LI><a href="#[18]">DMA1_Channel4_IRQHandler</a> from startup_n32h474.o(.text) referenced from startup_n32h474.o(RESET)
 <LI><a href="#[19]">DMA1_Channel5_IRQHandler</a> from startup_n32h474.o(.text) referenced from startup_n32h474.o(RESET)
 <LI><a href="#[1a]">DMA1_Channel6_IRQHandler</a> from startup_n32h474.o(.text) referenced from startup_n32h474.o(RESET)
 <LI><a href="#[1b]">DMA1_Channel7_IRQHandler</a> from startup_n32h474.o(.text) referenced from startup_n32h474.o(RESET)
 <LI><a href="#[55]">DMA1_Channel8_IRQHandler</a> from startup_n32h474.o(.text) referenced from startup_n32h474.o(RESET)
 <LI><a href="#[41]">DMA2_Channel1_IRQHandler</a> from startup_n32h474.o(.text) referenced from startup_n32h474.o(RESET)
 <LI><a href="#[42]">DMA2_Channel2_IRQHandler</a> from startup_n32h474.o(.text) referenced from startup_n32h474.o(RESET)
 <LI><a href="#[43]">DMA2_Channel3_IRQHandler</a> from startup_n32h474.o(.text) referenced from startup_n32h474.o(RESET)
 <LI><a href="#[44]">DMA2_Channel4_IRQHandler</a> from startup_n32h474.o(.text) referenced from startup_n32h474.o(RESET)
 <LI><a href="#[45]">DMA2_Channel5_IRQHandler</a> from startup_n32h474.o(.text) referenced from startup_n32h474.o(RESET)
 <LI><a href="#[4d]">DMA2_Channel6_IRQHandler</a> from startup_n32h474.o(.text) referenced from startup_n32h474.o(RESET)
 <LI><a href="#[4e]">DMA2_Channel7_IRQHandler</a> from startup_n32h474.o(.text) referenced from startup_n32h474.o(RESET)
 <LI><a href="#[56]">DMA2_Channel8_IRQHandler</a> from startup_n32h474.o(.text) referenced from startup_n32h474.o(RESET)
 <LI><a href="#[7]">DebugMon_Handler</a> from n32h47x_48x_it.o(i.DebugMon_Handler) referenced from startup_n32h474.o(RESET)
 <LI><a href="#[10]">EXTI0_IRQHandler</a> from n32h47x_48x_it.o(i.EXTI0_IRQHandler) referenced from startup_n32h474.o(RESET)
 <LI><a href="#[32]">EXTI15_10_IRQHandler</a> from n32h47x_48x_it.o(i.EXTI15_10_IRQHandler) referenced from startup_n32h474.o(RESET)
 <LI><a href="#[11]">EXTI1_IRQHandler</a> from n32h47x_48x_it.o(i.EXTI1_IRQHandler) referenced from startup_n32h474.o(RESET)
 <LI><a href="#[12]">EXTI2_IRQHandler</a> from n32h47x_48x_it.o(i.EXTI2_IRQHandler) referenced from startup_n32h474.o(RESET)
 <LI><a href="#[13]">EXTI3_IRQHandler</a> from startup_n32h474.o(.text) referenced from startup_n32h474.o(RESET)
 <LI><a href="#[14]">EXTI4_IRQHandler</a> from startup_n32h474.o(.text) referenced from startup_n32h474.o(RESET)
 <LI><a href="#[21]">EXTI9_5_IRQHandler</a> from n32h47x_48x_it.o(i.EXTI9_5_IRQHandler) referenced from startup_n32h474.o(RESET)
 <LI><a href="#[1f]">FDCAN1_INT0_IRQHandler</a> from startup_n32h474.o(.text) referenced from startup_n32h474.o(RESET)
 <LI><a href="#[20]">FDCAN1_INT1_IRQHandler</a> from startup_n32h474.o(.text) referenced from startup_n32h474.o(RESET)
 <LI><a href="#[48]">FDCAN2_INT0_IRQHandler</a> from startup_n32h474.o(.text) referenced from startup_n32h474.o(RESET)
 <LI><a href="#[49]">FDCAN2_INT1_IRQHandler</a> from startup_n32h474.o(.text) referenced from startup_n32h474.o(RESET)
 <LI><a href="#[4a]">FDCAN3_INT0_IRQHandler</a> from n32h47x_48x_it.o(i.FDCAN3_INT0_IRQHandler) referenced from startup_n32h474.o(RESET)
 <LI><a href="#[4b]">FDCAN3_INT1_IRQHandler</a> from startup_n32h474.o(.text) referenced from startup_n32h474.o(RESET)
 <LI><a href="#[77]">FEMC_IRQHandler</a> from startup_n32h474.o(.text) referenced from startup_n32h474.o(RESET)
 <LI><a href="#[e]">FLASH_IRQHandler</a> from startup_n32h474.o(.text) referenced from startup_n32h474.o(RESET)
 <LI><a href="#[6d]">FMAC_IRQ_IRQHandler</a> from startup_n32h474.o(.text) referenced from startup_n32h474.o(RESET)
 <LI><a href="#[74]">GTIM10_IRQHandler</a> from startup_n32h474.o(.text) referenced from startup_n32h474.o(RESET)
 <LI><a href="#[26]">GTIM1_IRQHandler</a> from startup_n32h474.o(.text) referenced from startup_n32h474.o(RESET)
 <LI><a href="#[27]">GTIM2_IRQHandler</a> from startup_n32h474.o(.text) referenced from startup_n32h474.o(RESET)
 <LI><a href="#[28]">GTIM3_IRQHandler</a> from startup_n32h474.o(.text) referenced from startup_n32h474.o(RESET)
 <LI><a href="#[3b]">GTIM4_IRQHandler</a> from startup_n32h474.o(.text) referenced from startup_n32h474.o(RESET)
 <LI><a href="#[5c]">GTIM5_IRQHandler</a> from startup_n32h474.o(.text) referenced from startup_n32h474.o(RESET)
 <LI><a href="#[6a]">GTIM6_IRQHandler</a> from startup_n32h474.o(.text) referenced from startup_n32h474.o(RESET)
 <LI><a href="#[71]">GTIM7_IRQHandler</a> from startup_n32h474.o(.text) referenced from startup_n32h474.o(RESET)
 <LI><a href="#[72]">GTIM8_IRQHandler</a> from startup_n32h474.o(.text) referenced from startup_n32h474.o(RESET)
 <LI><a href="#[73]">GTIM9_IRQHandler</a> from startup_n32h474.o(.text) referenced from startup_n32h474.o(RESET)
 <LI><a href="#[2]">HardFault_Handler</a> from n32h47x_48x_it.o(i.HardFault_Handler) referenced from startup_n32h474.o(RESET)
 <LI><a href="#[2a]">I2C1_ER_IRQHandler</a> from startup_n32h474.o(.text) referenced from startup_n32h474.o(RESET)
 <LI><a href="#[29]">I2C1_EV_IRQHandler</a> from startup_n32h474.o(.text) referenced from startup_n32h474.o(RESET)
 <LI><a href="#[2c]">I2C2_ER_IRQHandler</a> from startup_n32h474.o(.text) referenced from startup_n32h474.o(RESET)
 <LI><a href="#[2b]">I2C2_EV_IRQHandler</a> from startup_n32h474.o(.text) referenced from startup_n32h474.o(RESET)
 <LI><a href="#[50]">I2C3_ER_IRQHandler</a> from startup_n32h474.o(.text) referenced from startup_n32h474.o(RESET)
 <LI><a href="#[4f]">I2C3_EV_IRQHandler</a> from startup_n32h474.o(.text) referenced from startup_n32h474.o(RESET)
 <LI><a href="#[52]">I2C4_ER_IRQHandler</a> from startup_n32h474.o(.text) referenced from startup_n32h474.o(RESET)
 <LI><a href="#[51]">I2C4_EV_IRQHandler</a> from startup_n32h474.o(.text) referenced from startup_n32h474.o(RESET)
 <LI><a href="#[6b]">LPTIM1_WKUP_IRQHandler</a> from startup_n32h474.o(.text) referenced from startup_n32h474.o(RESET)
 <LI><a href="#[6c]">LPTIM2_WKUP_IRQHandler</a> from startup_n32h474.o(.text) referenced from startup_n32h474.o(RESET)
 <LI><a href="#[3]">MemManage_Handler</a> from n32h47x_48x_it.o(i.MemManage_Handler) referenced from startup_n32h474.o(RESET)
 <LI><a href="#[1]">NMI_Handler</a> from n32h47x_48x_it.o(i.NMI_Handler) referenced from startup_n32h474.o(RESET)
 <LI><a href="#[b]">PVD_IRQHandler</a> from startup_n32h474.o(.text) referenced from startup_n32h474.o(RESET)
 <LI><a href="#[8]">PendSV_Handler</a> from startup_n32h474.o(.text) referenced from startup_n32h474.o(RESET)
 <LI><a href="#[f]">RCC_IRQHandler</a> from startup_n32h474.o(.text) referenced from startup_n32h474.o(RESET)
 <LI><a href="#[33]">RTCAlarm_IRQHandler</a> from startup_n32h474.o(.text) referenced from startup_n32h474.o(RESET)
 <LI><a href="#[c]">RTC_TAMPER_IRQHandler</a> from startup_n32h474.o(.text) referenced from startup_n32h474.o(RESET)
 <LI><a href="#[d]">RTC_WKUP_IRQHandler</a> from startup_n32h474.o(.text) referenced from startup_n32h474.o(RESET)
 <LI><a href="#[0]">Reset_Handler</a> from startup_n32h474.o(.text) referenced from startup_n32h474.o(RESET)
 <LI><a href="#[57]">SAC_IRQHandler</a> from startup_n32h474.o(.text) referenced from startup_n32h474.o(RESET)
 <LI><a href="#[65]">SHRT1_FLT_IRQHandler</a> from startup_n32h474.o(.text) referenced from startup_n32h474.o(RESET)
 <LI><a href="#[5e]">SHRT1_MST_IRQHandler</a> from startup_n32h474.o(.text) referenced from startup_n32h474.o(RESET)
 <LI><a href="#[5f]">SHRT1_TIMA_IRQHandler</a> from startup_n32h474.o(.text) referenced from startup_n32h474.o(RESET)
 <LI><a href="#[60]">SHRT1_TIMB_IRQHandler</a> from startup_n32h474.o(.text) referenced from startup_n32h474.o(RESET)
 <LI><a href="#[61]">SHRT1_TIMC_IRQHandler</a> from startup_n32h474.o(.text) referenced from startup_n32h474.o(RESET)
 <LI><a href="#[62]">SHRT1_TIMD_IRQHandler</a> from startup_n32h474.o(.text) referenced from startup_n32h474.o(RESET)
 <LI><a href="#[63]">SHRT1_TIME_IRQHandler</a> from startup_n32h474.o(.text) referenced from startup_n32h474.o(RESET)
 <LI><a href="#[64]">SHRT1_TIMF_IRQHandler</a> from startup_n32h474.o(.text) referenced from startup_n32h474.o(RESET)
 <LI><a href="#[58]">SMPU_IRQHandler</a> from startup_n32h474.o(.text) referenced from startup_n32h474.o(RESET)
 <LI><a href="#[2d]">SPI1_IRQHandler</a> from startup_n32h474.o(.text) referenced from startup_n32h474.o(RESET)
 <LI><a href="#[2e]">SPI2_I2S2_IRQHandler</a> from startup_n32h474.o(.text) referenced from startup_n32h474.o(RESET)
 <LI><a href="#[3c]">SPI3_I2S3_IRQHandler</a> from startup_n32h474.o(.text) referenced from startup_n32h474.o(RESET)
 <LI><a href="#[5b]">SPI4_IRQHandler</a> from startup_n32h474.o(.text) referenced from startup_n32h474.o(RESET)
 <LI><a href="#[6f]">SPI5_IRQHandler</a> from startup_n32h474.o(.text) referenced from startup_n32h474.o(RESET)
 <LI><a href="#[70]">SPI6_IRQHandler</a> from startup_n32h474.o(.text) referenced from startup_n32h474.o(RESET)
 <LI><a href="#[46]">SRAM_ERR_IRQHandler</a> from startup_n32h474.o(.text) referenced from startup_n32h474.o(RESET)
 <LI><a href="#[6]">SVC_Handler</a> from n32h47x_48x_it.o(i.SVC_Handler) referenced from startup_n32h474.o(RESET)
 <LI><a href="#[9]">SysTick_Handler</a> from n32h47x_48x_it.o(i.SysTick_Handler) referenced from startup_n32h474.o(RESET)
 <LI><a href="#[79]">SystemInit</a> from system_n32h47x_48x.o(i.SystemInit) referenced from startup_n32h474.o(.text)
 <LI><a href="#[3e]">UART5_IRQHandler</a> from n32h47x_48x_it.o(i.UART5_IRQHandler) referenced from startup_n32h474.o(RESET)
 <LI><a href="#[53]">UART6_IRQHandler</a> from startup_n32h474.o(.text) referenced from startup_n32h474.o(RESET)
 <LI><a href="#[54]">UART7_IRQHandler</a> from n32h47x_48x_it.o(i.UART7_IRQHandler) referenced from startup_n32h474.o(RESET)
 <LI><a href="#[5a]">UART8_IRQHandler</a> from startup_n32h474.o(.text) referenced from startup_n32h474.o(RESET)
 <LI><a href="#[3a]">UCDR_IRQHandler</a> from startup_n32h474.o(.text) referenced from startup_n32h474.o(RESET)
 <LI><a href="#[2f]">USART1_IRQHandler</a> from n32h47x_48x_it.o(i.USART1_IRQHandler) referenced from startup_n32h474.o(RESET)
 <LI><a href="#[30]">USART2_IRQHandler</a> from startup_n32h474.o(.text) referenced from startup_n32h474.o(RESET)
 <LI><a href="#[31]">USART3_IRQHandler</a> from n32h47x_48x_it.o(i.USART3_IRQHandler) referenced from startup_n32h474.o(RESET)
 <LI><a href="#[3d]">USART4_IRQHandler</a> from n32h47x_48x_it.o(i.USART4_IRQHandler) referenced from startup_n32h474.o(RESET)
 <LI><a href="#[1d]">USB_FS_HP_IRQHandler</a> from startup_n32h474.o(.text) referenced from startup_n32h474.o(RESET)
 <LI><a href="#[1e]">USB_FS_LP_IRQHandler</a> from startup_n32h474.o(.text) referenced from startup_n32h474.o(RESET)
 <LI><a href="#[34]">USB_FS_WKUP_IRQHandler</a> from startup_n32h474.o(.text) referenced from startup_n32h474.o(RESET)
 <LI><a href="#[5]">UsageFault_Handler</a> from n32h47x_48x_it.o(i.UsageFault_Handler) referenced from startup_n32h474.o(RESET)
 <LI><a href="#[a]">WWDG_IRQHandler</a> from startup_n32h474.o(.text) referenced from startup_n32h474.o(RESET)
 <LI><a href="#[4c]">XSPI_IRQHandler</a> from startup_n32h474.o(.text) referenced from startup_n32h474.o(RESET)
 <LI><a href="#[7a]">__main</a> from entry.o(.ARM.Collect$$$$00000000) referenced from startup_n32h474.o(.text)
 <LI><a href="#[78]">main</a> from main.o(i.main) referenced from entry9a.o(.ARM.Collect$$$$0000000B)
</UL>
<P>
<H3>
Global Symbols
</H3>
<P><STRONG><a name="[7a]"></a>__main</STRONG> (Thumb, 0 bytes, Stack size unknown bytes, entry.o(.ARM.Collect$$$$00000000))
<BR>[Address Reference Count : 1]<UL><LI> startup_n32h474.o(.text)
</UL>
<P><STRONG><a name="[26b]"></a>_main_stk</STRONG> (Thumb, 0 bytes, Stack size unknown bytes, entry2.o(.ARM.Collect$$$$00000001))

<P><STRONG><a name="[7b]"></a>_main_scatterload</STRONG> (Thumb, 0 bytes, Stack size unknown bytes, entry5.o(.ARM.Collect$$$$00000004))
<BR><BR>[Calls]<UL><LI><a href="#[7c]">&gt;&gt;</a>&nbsp;&nbsp;&nbsp;__scatterload
</UL>

<P><STRONG><a name="[8f]"></a>__main_after_scatterload</STRONG> (Thumb, 0 bytes, Stack size unknown bytes, entry5.o(.ARM.Collect$$$$00000004))
<BR><BR>[Called By]<UL><LI><a href="#[7c]">&gt;&gt;</a>&nbsp;&nbsp;&nbsp;__scatterload
</UL>

<P><STRONG><a name="[26c]"></a>_main_clock</STRONG> (Thumb, 0 bytes, Stack size unknown bytes, entry7b.o(.ARM.Collect$$$$00000008))

<P><STRONG><a name="[26d]"></a>_main_cpp_init</STRONG> (Thumb, 0 bytes, Stack size unknown bytes, entry8b.o(.ARM.Collect$$$$0000000A))

<P><STRONG><a name="[26e]"></a>_main_init</STRONG> (Thumb, 0 bytes, Stack size unknown bytes, entry9a.o(.ARM.Collect$$$$0000000B))

<P><STRONG><a name="[26f]"></a>__rt_lib_shutdown_fini</STRONG> (Thumb, 0 bytes, Stack size unknown bytes, entry12b.o(.ARM.Collect$$$$0000000E))

<P><STRONG><a name="[270]"></a>__rt_final_cpp</STRONG> (Thumb, 0 bytes, Stack size unknown bytes, entry10a.o(.ARM.Collect$$$$0000000F))

<P><STRONG><a name="[271]"></a>__rt_final_exit</STRONG> (Thumb, 0 bytes, Stack size unknown bytes, entry11a.o(.ARM.Collect$$$$00000011))

<P><STRONG><a name="[0]"></a>Reset_Handler</STRONG> (Thumb, 8 bytes, Stack size 0 bytes, startup_n32h474.o(.text))
<BR>[Address Reference Count : 1]<UL><LI> startup_n32h474.o(RESET)
</UL>
<P><STRONG><a name="[8]"></a>PendSV_Handler</STRONG> (Thumb, 2 bytes, Stack size 0 bytes, startup_n32h474.o(.text))
<BR><BR>[Calls]<UL><LI><a href="#[8]">&gt;&gt;</a>&nbsp;&nbsp;&nbsp;PendSV_Handler
</UL>
<BR>[Called By]<UL><LI><a href="#[8]">&gt;&gt;</a>&nbsp;&nbsp;&nbsp;PendSV_Handler
</UL>
<BR>[Address Reference Count : 1]<UL><LI> startup_n32h474.o(RESET)
</UL>
<P><STRONG><a name="[1c]"></a>ADC1_2_IRQHandler</STRONG> (Thumb, 0 bytes, Stack size 0 bytes, startup_n32h474.o(.text))
<BR><BR>[Calls]<UL><LI><a href="#[1c]">&gt;&gt;</a>&nbsp;&nbsp;&nbsp;ADC1_2_IRQHandler
</UL>
<BR>[Called By]<UL><LI><a href="#[1c]">&gt;&gt;</a>&nbsp;&nbsp;&nbsp;ADC1_2_IRQHandler
</UL>
<BR>[Address Reference Count : 1]<UL><LI> startup_n32h474.o(RESET)
</UL>
<P><STRONG><a name="[39]"></a>ADC3_ADC4_IRQHandler</STRONG> (Thumb, 0 bytes, Stack size 0 bytes, startup_n32h474.o(.text))
<BR>[Address Reference Count : 1]<UL><LI> startup_n32h474.o(RESET)
</UL>
<P><STRONG><a name="[22]"></a>ATIM1_BRK_IRQHandler</STRONG> (Thumb, 0 bytes, Stack size 0 bytes, startup_n32h474.o(.text))
<BR>[Address Reference Count : 1]<UL><LI> startup_n32h474.o(RESET)
</UL>
<P><STRONG><a name="[25]"></a>ATIM1_CC_IRQHandler</STRONG> (Thumb, 0 bytes, Stack size 0 bytes, startup_n32h474.o(.text))
<BR>[Address Reference Count : 1]<UL><LI> startup_n32h474.o(RESET)
</UL>
<P><STRONG><a name="[24]"></a>ATIM1_TRG_COM_IRQHandler</STRONG> (Thumb, 0 bytes, Stack size 0 bytes, startup_n32h474.o(.text))
<BR>[Address Reference Count : 1]<UL><LI> startup_n32h474.o(RESET)
</UL>
<P><STRONG><a name="[23]"></a>ATIM1_UP_IRQHandler</STRONG> (Thumb, 0 bytes, Stack size 0 bytes, startup_n32h474.o(.text))
<BR>[Address Reference Count : 1]<UL><LI> startup_n32h474.o(RESET)
</UL>
<P><STRONG><a name="[35]"></a>ATIM2_BRK_IRQHandler</STRONG> (Thumb, 0 bytes, Stack size 0 bytes, startup_n32h474.o(.text))
<BR>[Address Reference Count : 1]<UL><LI> startup_n32h474.o(RESET)
</UL>
<P><STRONG><a name="[38]"></a>ATIM2_CC_IRQHandler</STRONG> (Thumb, 0 bytes, Stack size 0 bytes, startup_n32h474.o(.text))
<BR>[Address Reference Count : 1]<UL><LI> startup_n32h474.o(RESET)
</UL>
<P><STRONG><a name="[37]"></a>ATIM2_TRG_COM_IRQHandler</STRONG> (Thumb, 0 bytes, Stack size 0 bytes, startup_n32h474.o(.text))
<BR>[Address Reference Count : 1]<UL><LI> startup_n32h474.o(RESET)
</UL>
<P><STRONG><a name="[36]"></a>ATIM2_UP_IRQHandler</STRONG> (Thumb, 0 bytes, Stack size 0 bytes, startup_n32h474.o(.text))
<BR>[Address Reference Count : 1]<UL><LI> startup_n32h474.o(RESET)
</UL>
<P><STRONG><a name="[66]"></a>ATIM3_BRK_IRQHandler</STRONG> (Thumb, 0 bytes, Stack size 0 bytes, startup_n32h474.o(.text))
<BR>[Address Reference Count : 1]<UL><LI> startup_n32h474.o(RESET)
</UL>
<P><STRONG><a name="[69]"></a>ATIM3_CC_IRQHandler</STRONG> (Thumb, 0 bytes, Stack size 0 bytes, startup_n32h474.o(.text))
<BR>[Address Reference Count : 1]<UL><LI> startup_n32h474.o(RESET)
</UL>
<P><STRONG><a name="[68]"></a>ATIM3_TRG_COM_IRQHandler</STRONG> (Thumb, 0 bytes, Stack size 0 bytes, startup_n32h474.o(.text))
<BR>[Address Reference Count : 1]<UL><LI> startup_n32h474.o(RESET)
</UL>
<P><STRONG><a name="[67]"></a>ATIM3_UP_IRQHandler</STRONG> (Thumb, 0 bytes, Stack size 0 bytes, startup_n32h474.o(.text))
<BR>[Address Reference Count : 1]<UL><LI> startup_n32h474.o(RESET)
</UL>
<P><STRONG><a name="[40]"></a>BTIM2_IRQHandler</STRONG> (Thumb, 0 bytes, Stack size 0 bytes, startup_n32h474.o(.text))
<BR>[Address Reference Count : 1]<UL><LI> startup_n32h474.o(RESET)
</UL>
<P><STRONG><a name="[59]"></a>COMP1_2_3_IRQHandler</STRONG> (Thumb, 0 bytes, Stack size 0 bytes, startup_n32h474.o(.text))
<BR>[Address Reference Count : 1]<UL><LI> startup_n32h474.o(RESET)
</UL>
<P><STRONG><a name="[47]"></a>COMP4_5_6_IRQHandler</STRONG> (Thumb, 0 bytes, Stack size 0 bytes, startup_n32h474.o(.text))
<BR>[Address Reference Count : 1]<UL><LI> startup_n32h474.o(RESET)
</UL>
<P><STRONG><a name="[5d]"></a>COMP7_IRQHandler</STRONG> (Thumb, 0 bytes, Stack size 0 bytes, startup_n32h474.o(.text))
<BR>[Address Reference Count : 1]<UL><LI> startup_n32h474.o(RESET)
</UL>
<P><STRONG><a name="[6e]"></a>Cordic_IRQ_IRQHandler</STRONG> (Thumb, 0 bytes, Stack size 0 bytes, startup_n32h474.o(.text))
<BR>[Address Reference Count : 1]<UL><LI> startup_n32h474.o(RESET)
</UL>
<P><STRONG><a name="[75]"></a>DAC1_2_3_4_Underflow_IRQHandler</STRONG> (Thumb, 0 bytes, Stack size 0 bytes, startup_n32h474.o(.text))
<BR>[Address Reference Count : 1]<UL><LI> startup_n32h474.o(RESET)
</UL>
<P><STRONG><a name="[76]"></a>DAC5_6_7_8_Underflow_IRQHandler</STRONG> (Thumb, 0 bytes, Stack size 0 bytes, startup_n32h474.o(.text))
<BR>[Address Reference Count : 1]<UL><LI> startup_n32h474.o(RESET)
</UL>
<P><STRONG><a name="[15]"></a>DMA1_Channel1_IRQHandler</STRONG> (Thumb, 0 bytes, Stack size 0 bytes, startup_n32h474.o(.text))
<BR>[Address Reference Count : 1]<UL><LI> startup_n32h474.o(RESET)
</UL>
<P><STRONG><a name="[16]"></a>DMA1_Channel2_IRQHandler</STRONG> (Thumb, 0 bytes, Stack size 0 bytes, startup_n32h474.o(.text))
<BR>[Address Reference Count : 1]<UL><LI> startup_n32h474.o(RESET)
</UL>
<P><STRONG><a name="[17]"></a>DMA1_Channel3_IRQHandler</STRONG> (Thumb, 0 bytes, Stack size 0 bytes, startup_n32h474.o(.text))
<BR>[Address Reference Count : 1]<UL><LI> startup_n32h474.o(RESET)
</UL>
<P><STRONG><a name="[18]"></a>DMA1_Channel4_IRQHandler</STRONG> (Thumb, 0 bytes, Stack size 0 bytes, startup_n32h474.o(.text))
<BR>[Address Reference Count : 1]<UL><LI> startup_n32h474.o(RESET)
</UL>
<P><STRONG><a name="[19]"></a>DMA1_Channel5_IRQHandler</STRONG> (Thumb, 0 bytes, Stack size 0 bytes, startup_n32h474.o(.text))
<BR>[Address Reference Count : 1]<UL><LI> startup_n32h474.o(RESET)
</UL>
<P><STRONG><a name="[1a]"></a>DMA1_Channel6_IRQHandler</STRONG> (Thumb, 0 bytes, Stack size 0 bytes, startup_n32h474.o(.text))
<BR>[Address Reference Count : 1]<UL><LI> startup_n32h474.o(RESET)
</UL>
<P><STRONG><a name="[1b]"></a>DMA1_Channel7_IRQHandler</STRONG> (Thumb, 0 bytes, Stack size 0 bytes, startup_n32h474.o(.text))
<BR>[Address Reference Count : 1]<UL><LI> startup_n32h474.o(RESET)
</UL>
<P><STRONG><a name="[55]"></a>DMA1_Channel8_IRQHandler</STRONG> (Thumb, 0 bytes, Stack size 0 bytes, startup_n32h474.o(.text))
<BR>[Address Reference Count : 1]<UL><LI> startup_n32h474.o(RESET)
</UL>
<P><STRONG><a name="[41]"></a>DMA2_Channel1_IRQHandler</STRONG> (Thumb, 0 bytes, Stack size 0 bytes, startup_n32h474.o(.text))
<BR>[Address Reference Count : 1]<UL><LI> startup_n32h474.o(RESET)
</UL>
<P><STRONG><a name="[42]"></a>DMA2_Channel2_IRQHandler</STRONG> (Thumb, 0 bytes, Stack size 0 bytes, startup_n32h474.o(.text))
<BR>[Address Reference Count : 1]<UL><LI> startup_n32h474.o(RESET)
</UL>
<P><STRONG><a name="[43]"></a>DMA2_Channel3_IRQHandler</STRONG> (Thumb, 0 bytes, Stack size 0 bytes, startup_n32h474.o(.text))
<BR>[Address Reference Count : 1]<UL><LI> startup_n32h474.o(RESET)
</UL>
<P><STRONG><a name="[44]"></a>DMA2_Channel4_IRQHandler</STRONG> (Thumb, 0 bytes, Stack size 0 bytes, startup_n32h474.o(.text))
<BR>[Address Reference Count : 1]<UL><LI> startup_n32h474.o(RESET)
</UL>
<P><STRONG><a name="[45]"></a>DMA2_Channel5_IRQHandler</STRONG> (Thumb, 0 bytes, Stack size 0 bytes, startup_n32h474.o(.text))
<BR>[Address Reference Count : 1]<UL><LI> startup_n32h474.o(RESET)
</UL>
<P><STRONG><a name="[4d]"></a>DMA2_Channel6_IRQHandler</STRONG> (Thumb, 0 bytes, Stack size 0 bytes, startup_n32h474.o(.text))
<BR>[Address Reference Count : 1]<UL><LI> startup_n32h474.o(RESET)
</UL>
<P><STRONG><a name="[4e]"></a>DMA2_Channel7_IRQHandler</STRONG> (Thumb, 0 bytes, Stack size 0 bytes, startup_n32h474.o(.text))
<BR>[Address Reference Count : 1]<UL><LI> startup_n32h474.o(RESET)
</UL>
<P><STRONG><a name="[56]"></a>DMA2_Channel8_IRQHandler</STRONG> (Thumb, 0 bytes, Stack size 0 bytes, startup_n32h474.o(.text))
<BR>[Address Reference Count : 1]<UL><LI> startup_n32h474.o(RESET)
</UL>
<P><STRONG><a name="[13]"></a>EXTI3_IRQHandler</STRONG> (Thumb, 0 bytes, Stack size 0 bytes, startup_n32h474.o(.text))
<BR>[Address Reference Count : 1]<UL><LI> startup_n32h474.o(RESET)
</UL>
<P><STRONG><a name="[14]"></a>EXTI4_IRQHandler</STRONG> (Thumb, 0 bytes, Stack size 0 bytes, startup_n32h474.o(.text))
<BR>[Address Reference Count : 1]<UL><LI> startup_n32h474.o(RESET)
</UL>
<P><STRONG><a name="[1f]"></a>FDCAN1_INT0_IRQHandler</STRONG> (Thumb, 0 bytes, Stack size 0 bytes, startup_n32h474.o(.text))
<BR>[Address Reference Count : 1]<UL><LI> startup_n32h474.o(RESET)
</UL>
<P><STRONG><a name="[20]"></a>FDCAN1_INT1_IRQHandler</STRONG> (Thumb, 0 bytes, Stack size 0 bytes, startup_n32h474.o(.text))
<BR>[Address Reference Count : 1]<UL><LI> startup_n32h474.o(RESET)
</UL>
<P><STRONG><a name="[48]"></a>FDCAN2_INT0_IRQHandler</STRONG> (Thumb, 0 bytes, Stack size 0 bytes, startup_n32h474.o(.text))
<BR>[Address Reference Count : 1]<UL><LI> startup_n32h474.o(RESET)
</UL>
<P><STRONG><a name="[49]"></a>FDCAN2_INT1_IRQHandler</STRONG> (Thumb, 0 bytes, Stack size 0 bytes, startup_n32h474.o(.text))
<BR>[Address Reference Count : 1]<UL><LI> startup_n32h474.o(RESET)
</UL>
<P><STRONG><a name="[4b]"></a>FDCAN3_INT1_IRQHandler</STRONG> (Thumb, 0 bytes, Stack size 0 bytes, startup_n32h474.o(.text))
<BR>[Address Reference Count : 1]<UL><LI> startup_n32h474.o(RESET)
</UL>
<P><STRONG><a name="[77]"></a>FEMC_IRQHandler</STRONG> (Thumb, 0 bytes, Stack size 0 bytes, startup_n32h474.o(.text))
<BR>[Address Reference Count : 1]<UL><LI> startup_n32h474.o(RESET)
</UL>
<P><STRONG><a name="[e]"></a>FLASH_IRQHandler</STRONG> (Thumb, 0 bytes, Stack size 0 bytes, startup_n32h474.o(.text))
<BR>[Address Reference Count : 1]<UL><LI> startup_n32h474.o(RESET)
</UL>
<P><STRONG><a name="[6d]"></a>FMAC_IRQ_IRQHandler</STRONG> (Thumb, 0 bytes, Stack size 0 bytes, startup_n32h474.o(.text))
<BR>[Address Reference Count : 1]<UL><LI> startup_n32h474.o(RESET)
</UL>
<P><STRONG><a name="[74]"></a>GTIM10_IRQHandler</STRONG> (Thumb, 0 bytes, Stack size 0 bytes, startup_n32h474.o(.text))
<BR>[Address Reference Count : 1]<UL><LI> startup_n32h474.o(RESET)
</UL>
<P><STRONG><a name="[26]"></a>GTIM1_IRQHandler</STRONG> (Thumb, 0 bytes, Stack size 0 bytes, startup_n32h474.o(.text))
<BR>[Address Reference Count : 1]<UL><LI> startup_n32h474.o(RESET)
</UL>
<P><STRONG><a name="[27]"></a>GTIM2_IRQHandler</STRONG> (Thumb, 0 bytes, Stack size 0 bytes, startup_n32h474.o(.text))
<BR>[Address Reference Count : 1]<UL><LI> startup_n32h474.o(RESET)
</UL>
<P><STRONG><a name="[28]"></a>GTIM3_IRQHandler</STRONG> (Thumb, 0 bytes, Stack size 0 bytes, startup_n32h474.o(.text))
<BR>[Address Reference Count : 1]<UL><LI> startup_n32h474.o(RESET)
</UL>
<P><STRONG><a name="[3b]"></a>GTIM4_IRQHandler</STRONG> (Thumb, 0 bytes, Stack size 0 bytes, startup_n32h474.o(.text))
<BR>[Address Reference Count : 1]<UL><LI> startup_n32h474.o(RESET)
</UL>
<P><STRONG><a name="[5c]"></a>GTIM5_IRQHandler</STRONG> (Thumb, 0 bytes, Stack size 0 bytes, startup_n32h474.o(.text))
<BR>[Address Reference Count : 1]<UL><LI> startup_n32h474.o(RESET)
</UL>
<P><STRONG><a name="[6a]"></a>GTIM6_IRQHandler</STRONG> (Thumb, 0 bytes, Stack size 0 bytes, startup_n32h474.o(.text))
<BR>[Address Reference Count : 1]<UL><LI> startup_n32h474.o(RESET)
</UL>
<P><STRONG><a name="[71]"></a>GTIM7_IRQHandler</STRONG> (Thumb, 0 bytes, Stack size 0 bytes, startup_n32h474.o(.text))
<BR>[Address Reference Count : 1]<UL><LI> startup_n32h474.o(RESET)
</UL>
<P><STRONG><a name="[72]"></a>GTIM8_IRQHandler</STRONG> (Thumb, 0 bytes, Stack size 0 bytes, startup_n32h474.o(.text))
<BR>[Address Reference Count : 1]<UL><LI> startup_n32h474.o(RESET)
</UL>
<P><STRONG><a name="[73]"></a>GTIM9_IRQHandler</STRONG> (Thumb, 0 bytes, Stack size 0 bytes, startup_n32h474.o(.text))
<BR>[Address Reference Count : 1]<UL><LI> startup_n32h474.o(RESET)
</UL>
<P><STRONG><a name="[2a]"></a>I2C1_ER_IRQHandler</STRONG> (Thumb, 0 bytes, Stack size 0 bytes, startup_n32h474.o(.text))
<BR>[Address Reference Count : 1]<UL><LI> startup_n32h474.o(RESET)
</UL>
<P><STRONG><a name="[29]"></a>I2C1_EV_IRQHandler</STRONG> (Thumb, 0 bytes, Stack size 0 bytes, startup_n32h474.o(.text))
<BR>[Address Reference Count : 1]<UL><LI> startup_n32h474.o(RESET)
</UL>
<P><STRONG><a name="[2c]"></a>I2C2_ER_IRQHandler</STRONG> (Thumb, 0 bytes, Stack size 0 bytes, startup_n32h474.o(.text))
<BR>[Address Reference Count : 1]<UL><LI> startup_n32h474.o(RESET)
</UL>
<P><STRONG><a name="[2b]"></a>I2C2_EV_IRQHandler</STRONG> (Thumb, 0 bytes, Stack size 0 bytes, startup_n32h474.o(.text))
<BR>[Address Reference Count : 1]<UL><LI> startup_n32h474.o(RESET)
</UL>
<P><STRONG><a name="[50]"></a>I2C3_ER_IRQHandler</STRONG> (Thumb, 0 bytes, Stack size 0 bytes, startup_n32h474.o(.text))
<BR>[Address Reference Count : 1]<UL><LI> startup_n32h474.o(RESET)
</UL>
<P><STRONG><a name="[4f]"></a>I2C3_EV_IRQHandler</STRONG> (Thumb, 0 bytes, Stack size 0 bytes, startup_n32h474.o(.text))
<BR>[Address Reference Count : 1]<UL><LI> startup_n32h474.o(RESET)
</UL>
<P><STRONG><a name="[52]"></a>I2C4_ER_IRQHandler</STRONG> (Thumb, 0 bytes, Stack size 0 bytes, startup_n32h474.o(.text))
<BR>[Address Reference Count : 1]<UL><LI> startup_n32h474.o(RESET)
</UL>
<P><STRONG><a name="[51]"></a>I2C4_EV_IRQHandler</STRONG> (Thumb, 0 bytes, Stack size 0 bytes, startup_n32h474.o(.text))
<BR>[Address Reference Count : 1]<UL><LI> startup_n32h474.o(RESET)
</UL>
<P><STRONG><a name="[6b]"></a>LPTIM1_WKUP_IRQHandler</STRONG> (Thumb, 0 bytes, Stack size 0 bytes, startup_n32h474.o(.text))
<BR>[Address Reference Count : 1]<UL><LI> startup_n32h474.o(RESET)
</UL>
<P><STRONG><a name="[6c]"></a>LPTIM2_WKUP_IRQHandler</STRONG> (Thumb, 0 bytes, Stack size 0 bytes, startup_n32h474.o(.text))
<BR>[Address Reference Count : 1]<UL><LI> startup_n32h474.o(RESET)
</UL>
<P><STRONG><a name="[b]"></a>PVD_IRQHandler</STRONG> (Thumb, 0 bytes, Stack size 0 bytes, startup_n32h474.o(.text))
<BR>[Address Reference Count : 1]<UL><LI> startup_n32h474.o(RESET)
</UL>
<P><STRONG><a name="[f]"></a>RCC_IRQHandler</STRONG> (Thumb, 0 bytes, Stack size 0 bytes, startup_n32h474.o(.text))
<BR>[Address Reference Count : 1]<UL><LI> startup_n32h474.o(RESET)
</UL>
<P><STRONG><a name="[33]"></a>RTCAlarm_IRQHandler</STRONG> (Thumb, 0 bytes, Stack size 0 bytes, startup_n32h474.o(.text))
<BR>[Address Reference Count : 1]<UL><LI> startup_n32h474.o(RESET)
</UL>
<P><STRONG><a name="[c]"></a>RTC_TAMPER_IRQHandler</STRONG> (Thumb, 0 bytes, Stack size 0 bytes, startup_n32h474.o(.text))
<BR>[Address Reference Count : 1]<UL><LI> startup_n32h474.o(RESET)
</UL>
<P><STRONG><a name="[d]"></a>RTC_WKUP_IRQHandler</STRONG> (Thumb, 0 bytes, Stack size 0 bytes, startup_n32h474.o(.text))
<BR>[Address Reference Count : 1]<UL><LI> startup_n32h474.o(RESET)
</UL>
<P><STRONG><a name="[57]"></a>SAC_IRQHandler</STRONG> (Thumb, 0 bytes, Stack size 0 bytes, startup_n32h474.o(.text))
<BR>[Address Reference Count : 1]<UL><LI> startup_n32h474.o(RESET)
</UL>
<P><STRONG><a name="[65]"></a>SHRT1_FLT_IRQHandler</STRONG> (Thumb, 0 bytes, Stack size 0 bytes, startup_n32h474.o(.text))
<BR>[Address Reference Count : 1]<UL><LI> startup_n32h474.o(RESET)
</UL>
<P><STRONG><a name="[5e]"></a>SHRT1_MST_IRQHandler</STRONG> (Thumb, 0 bytes, Stack size 0 bytes, startup_n32h474.o(.text))
<BR>[Address Reference Count : 1]<UL><LI> startup_n32h474.o(RESET)
</UL>
<P><STRONG><a name="[5f]"></a>SHRT1_TIMA_IRQHandler</STRONG> (Thumb, 0 bytes, Stack size 0 bytes, startup_n32h474.o(.text))
<BR>[Address Reference Count : 1]<UL><LI> startup_n32h474.o(RESET)
</UL>
<P><STRONG><a name="[60]"></a>SHRT1_TIMB_IRQHandler</STRONG> (Thumb, 0 bytes, Stack size 0 bytes, startup_n32h474.o(.text))
<BR>[Address Reference Count : 1]<UL><LI> startup_n32h474.o(RESET)
</UL>
<P><STRONG><a name="[61]"></a>SHRT1_TIMC_IRQHandler</STRONG> (Thumb, 0 bytes, Stack size 0 bytes, startup_n32h474.o(.text))
<BR>[Address Reference Count : 1]<UL><LI> startup_n32h474.o(RESET)
</UL>
<P><STRONG><a name="[62]"></a>SHRT1_TIMD_IRQHandler</STRONG> (Thumb, 0 bytes, Stack size 0 bytes, startup_n32h474.o(.text))
<BR>[Address Reference Count : 1]<UL><LI> startup_n32h474.o(RESET)
</UL>
<P><STRONG><a name="[63]"></a>SHRT1_TIME_IRQHandler</STRONG> (Thumb, 0 bytes, Stack size 0 bytes, startup_n32h474.o(.text))
<BR>[Address Reference Count : 1]<UL><LI> startup_n32h474.o(RESET)
</UL>
<P><STRONG><a name="[64]"></a>SHRT1_TIMF_IRQHandler</STRONG> (Thumb, 0 bytes, Stack size 0 bytes, startup_n32h474.o(.text))
<BR>[Address Reference Count : 1]<UL><LI> startup_n32h474.o(RESET)
</UL>
<P><STRONG><a name="[58]"></a>SMPU_IRQHandler</STRONG> (Thumb, 0 bytes, Stack size 0 bytes, startup_n32h474.o(.text))
<BR>[Address Reference Count : 1]<UL><LI> startup_n32h474.o(RESET)
</UL>
<P><STRONG><a name="[2d]"></a>SPI1_IRQHandler</STRONG> (Thumb, 0 bytes, Stack size 0 bytes, startup_n32h474.o(.text))
<BR>[Address Reference Count : 1]<UL><LI> startup_n32h474.o(RESET)
</UL>
<P><STRONG><a name="[2e]"></a>SPI2_I2S2_IRQHandler</STRONG> (Thumb, 0 bytes, Stack size 0 bytes, startup_n32h474.o(.text))
<BR>[Address Reference Count : 1]<UL><LI> startup_n32h474.o(RESET)
</UL>
<P><STRONG><a name="[3c]"></a>SPI3_I2S3_IRQHandler</STRONG> (Thumb, 0 bytes, Stack size 0 bytes, startup_n32h474.o(.text))
<BR>[Address Reference Count : 1]<UL><LI> startup_n32h474.o(RESET)
</UL>
<P><STRONG><a name="[5b]"></a>SPI4_IRQHandler</STRONG> (Thumb, 0 bytes, Stack size 0 bytes, startup_n32h474.o(.text))
<BR>[Address Reference Count : 1]<UL><LI> startup_n32h474.o(RESET)
</UL>
<P><STRONG><a name="[6f]"></a>SPI5_IRQHandler</STRONG> (Thumb, 0 bytes, Stack size 0 bytes, startup_n32h474.o(.text))
<BR>[Address Reference Count : 1]<UL><LI> startup_n32h474.o(RESET)
</UL>
<P><STRONG><a name="[70]"></a>SPI6_IRQHandler</STRONG> (Thumb, 0 bytes, Stack size 0 bytes, startup_n32h474.o(.text))
<BR>[Address Reference Count : 1]<UL><LI> startup_n32h474.o(RESET)
</UL>
<P><STRONG><a name="[46]"></a>SRAM_ERR_IRQHandler</STRONG> (Thumb, 0 bytes, Stack size 0 bytes, startup_n32h474.o(.text))
<BR>[Address Reference Count : 1]<UL><LI> startup_n32h474.o(RESET)
</UL>
<P><STRONG><a name="[53]"></a>UART6_IRQHandler</STRONG> (Thumb, 0 bytes, Stack size 0 bytes, startup_n32h474.o(.text))
<BR>[Address Reference Count : 1]<UL><LI> startup_n32h474.o(RESET)
</UL>
<P><STRONG><a name="[5a]"></a>UART8_IRQHandler</STRONG> (Thumb, 0 bytes, Stack size 0 bytes, startup_n32h474.o(.text))
<BR>[Address Reference Count : 1]<UL><LI> startup_n32h474.o(RESET)
</UL>
<P><STRONG><a name="[3a]"></a>UCDR_IRQHandler</STRONG> (Thumb, 0 bytes, Stack size 0 bytes, startup_n32h474.o(.text))
<BR>[Address Reference Count : 1]<UL><LI> startup_n32h474.o(RESET)
</UL>
<P><STRONG><a name="[30]"></a>USART2_IRQHandler</STRONG> (Thumb, 0 bytes, Stack size 0 bytes, startup_n32h474.o(.text))
<BR>[Address Reference Count : 1]<UL><LI> startup_n32h474.o(RESET)
</UL>
<P><STRONG><a name="[1d]"></a>USB_FS_HP_IRQHandler</STRONG> (Thumb, 0 bytes, Stack size 0 bytes, startup_n32h474.o(.text))
<BR>[Address Reference Count : 1]<UL><LI> startup_n32h474.o(RESET)
</UL>
<P><STRONG><a name="[1e]"></a>USB_FS_LP_IRQHandler</STRONG> (Thumb, 0 bytes, Stack size 0 bytes, startup_n32h474.o(.text))
<BR>[Address Reference Count : 1]<UL><LI> startup_n32h474.o(RESET)
</UL>
<P><STRONG><a name="[34]"></a>USB_FS_WKUP_IRQHandler</STRONG> (Thumb, 0 bytes, Stack size 0 bytes, startup_n32h474.o(.text))
<BR>[Address Reference Count : 1]<UL><LI> startup_n32h474.o(RESET)
</UL>
<P><STRONG><a name="[a]"></a>WWDG_IRQHandler</STRONG> (Thumb, 0 bytes, Stack size 0 bytes, startup_n32h474.o(.text))
<BR>[Address Reference Count : 1]<UL><LI> startup_n32h474.o(RESET)
</UL>
<P><STRONG><a name="[4c]"></a>XSPI_IRQHandler</STRONG> (Thumb, 0 bytes, Stack size 0 bytes, startup_n32h474.o(.text))
<BR>[Address Reference Count : 1]<UL><LI> startup_n32h474.o(RESET)
</UL>
<P><STRONG><a name="[7d]"></a>__aeabi_uldivmod</STRONG> (Thumb, 98 bytes, Stack size 40 bytes, uldiv.o(.text))
<BR><BR>[Stack]<UL><LI>Max Depth = 40<LI>Call Chain = __aeabi_uldivmod
</UL>
<BR>[Calls]<UL><LI><a href="#[7e]">&gt;&gt;</a>&nbsp;&nbsp;&nbsp;__aeabi_llsr
<LI><a href="#[7f]">&gt;&gt;</a>&nbsp;&nbsp;&nbsp;__aeabi_llsl
</UL>
<BR>[Called By]<UL><LI><a href="#[182]">&gt;&gt;</a>&nbsp;&nbsp;&nbsp;RCC_GetClocksFreqValue
</UL>

<P><STRONG><a name="[7f]"></a>__aeabi_llsl</STRONG> (Thumb, 30 bytes, Stack size 0 bytes, llshl.o(.text))
<BR><BR>[Called By]<UL><LI><a href="#[85]">&gt;&gt;</a>&nbsp;&nbsp;&nbsp;_double_epilogue
<LI><a href="#[7d]">&gt;&gt;</a>&nbsp;&nbsp;&nbsp;__aeabi_uldivmod
<LI><a href="#[83]">&gt;&gt;</a>&nbsp;&nbsp;&nbsp;__aeabi_dadd
</UL>

<P><STRONG><a name="[272]"></a>_ll_shift_l</STRONG> (Thumb, 0 bytes, Stack size 0 bytes, llshl.o(.text), UNUSED)

<P><STRONG><a name="[7e]"></a>__aeabi_llsr</STRONG> (Thumb, 32 bytes, Stack size 0 bytes, llushr.o(.text))
<BR><BR>[Called By]<UL><LI><a href="#[85]">&gt;&gt;</a>&nbsp;&nbsp;&nbsp;_double_epilogue
<LI><a href="#[7d]">&gt;&gt;</a>&nbsp;&nbsp;&nbsp;__aeabi_uldivmod
</UL>

<P><STRONG><a name="[273]"></a>_ll_ushift_r</STRONG> (Thumb, 0 bytes, Stack size 0 bytes, llushr.o(.text), UNUSED)

<P><STRONG><a name="[147]"></a>__aeabi_memcpy</STRONG> (Thumb, 36 bytes, Stack size 0 bytes, memcpya.o(.text))
<BR><BR>[Called By]<UL><LI><a href="#[146]">&gt;&gt;</a>&nbsp;&nbsp;&nbsp;DVC11XX_InitRegs
</UL>

<P><STRONG><a name="[160]"></a>__aeabi_memcpy4</STRONG> (Thumb, 0 bytes, Stack size 0 bytes, memcpya.o(.text))
<BR><BR>[Called By]<UL><LI><a href="#[15f]">&gt;&gt;</a>&nbsp;&nbsp;&nbsp;FDCAN_Init
<LI><a href="#[239]">&gt;&gt;</a>&nbsp;&nbsp;&nbsp;Sci_WrReg_0x06_Reset_ProtectElement
<LI><a href="#[23a]">&gt;&gt;</a>&nbsp;&nbsp;&nbsp;Sci_WrReg_0x06_Reset_OtherCanAdd
<LI><a href="#[23b]">&gt;&gt;</a>&nbsp;&nbsp;&nbsp;Sci_WrReg_0x06_Reset_HeatCool
<LI><a href="#[215]">&gt;&gt;</a>&nbsp;&nbsp;&nbsp;Para_ResetData_AllToDefault
</UL>

<P><STRONG><a name="[274]"></a>__aeabi_memcpy8</STRONG> (Thumb, 0 bytes, Stack size 0 bytes, memcpya.o(.text), UNUSED)

<P><STRONG><a name="[81]"></a>__aeabi_memset</STRONG> (Thumb, 14 bytes, Stack size 0 bytes, memseta.o(.text), UNUSED)
<BR><BR>[Called By]<UL><LI><a href="#[82]">&gt;&gt;</a>&nbsp;&nbsp;&nbsp;_memset$wrapper
<LI><a href="#[80]">&gt;&gt;</a>&nbsp;&nbsp;&nbsp;__aeabi_memclr
</UL>

<P><STRONG><a name="[275]"></a>__aeabi_memset4</STRONG> (Thumb, 0 bytes, Stack size 0 bytes, memseta.o(.text), UNUSED)

<P><STRONG><a name="[276]"></a>__aeabi_memset8</STRONG> (Thumb, 0 bytes, Stack size 0 bytes, memseta.o(.text), UNUSED)

<P><STRONG><a name="[80]"></a>__aeabi_memclr</STRONG> (Thumb, 4 bytes, Stack size 0 bytes, memseta.o(.text), UNUSED)
<BR><BR>[Calls]<UL><LI><a href="#[81]">&gt;&gt;</a>&nbsp;&nbsp;&nbsp;__aeabi_memset
</UL>

<P><STRONG><a name="[216]"></a>__aeabi_memclr4</STRONG> (Thumb, 0 bytes, Stack size 0 bytes, memseta.o(.text))
<BR><BR>[Called By]<UL><LI><a href="#[215]">&gt;&gt;</a>&nbsp;&nbsp;&nbsp;Para_ResetData_AllToDefault
</UL>

<P><STRONG><a name="[277]"></a>__aeabi_memclr8</STRONG> (Thumb, 0 bytes, Stack size 0 bytes, memseta.o(.text), UNUSED)

<P><STRONG><a name="[82]"></a>_memset$wrapper</STRONG> (Thumb, 18 bytes, Stack size 8 bytes, memseta.o(.text), UNUSED)
<BR><BR>[Calls]<UL><LI><a href="#[81]">&gt;&gt;</a>&nbsp;&nbsp;&nbsp;__aeabi_memset
</UL>

<P><STRONG><a name="[83]"></a>__aeabi_dadd</STRONG> (Thumb, 322 bytes, Stack size 48 bytes, dadd.o(.text))
<BR><BR>[Stack]<UL><LI>Max Depth = 88<LI>Call Chain = __aeabi_dadd &rArr; _double_epilogue &rArr; _double_round
</UL>
<BR>[Calls]<UL><LI><a href="#[84]">&gt;&gt;</a>&nbsp;&nbsp;&nbsp;__aeabi_lasr
<LI><a href="#[86]">&gt;&gt;</a>&nbsp;&nbsp;&nbsp;_double_round
<LI><a href="#[85]">&gt;&gt;</a>&nbsp;&nbsp;&nbsp;_double_epilogue
<LI><a href="#[7f]">&gt;&gt;</a>&nbsp;&nbsp;&nbsp;__aeabi_llsl
</UL>
<BR>[Called By]<UL><LI><a href="#[87]">&gt;&gt;</a>&nbsp;&nbsp;&nbsp;__aeabi_dsub
<LI><a href="#[88]">&gt;&gt;</a>&nbsp;&nbsp;&nbsp;__aeabi_drsub
</UL>

<P><STRONG><a name="[87]"></a>__aeabi_dsub</STRONG> (Thumb, 6 bytes, Stack size 0 bytes, dadd.o(.text))
<BR><BR>[Stack]<UL><LI>Max Depth = 88<LI>Call Chain = __aeabi_dsub &rArr; __aeabi_dadd &rArr; _double_epilogue &rArr; _double_round
</UL>
<BR>[Calls]<UL><LI><a href="#[83]">&gt;&gt;</a>&nbsp;&nbsp;&nbsp;__aeabi_dadd
</UL>
<BR>[Called By]<UL><LI><a href="#[13d]">&gt;&gt;</a>&nbsp;&nbsp;&nbsp;DVC11XX_Calc_ChipTemp
</UL>

<P><STRONG><a name="[88]"></a>__aeabi_drsub</STRONG> (Thumb, 6 bytes, Stack size 0 bytes, dadd.o(.text), UNUSED)
<BR><BR>[Calls]<UL><LI><a href="#[83]">&gt;&gt;</a>&nbsp;&nbsp;&nbsp;__aeabi_dadd
</UL>

<P><STRONG><a name="[89]"></a>__aeabi_dmul</STRONG> (Thumb, 228 bytes, Stack size 48 bytes, dmul.o(.text))
<BR><BR>[Stack]<UL><LI>Max Depth = 88<LI>Call Chain = __aeabi_dmul &rArr; _double_epilogue &rArr; _double_round
</UL>
<BR>[Calls]<UL><LI><a href="#[85]">&gt;&gt;</a>&nbsp;&nbsp;&nbsp;_double_epilogue
</UL>
<BR>[Called By]<UL><LI><a href="#[13e]">&gt;&gt;</a>&nbsp;&nbsp;&nbsp;DVC11XX_Calc_CurrentWithCC2
<LI><a href="#[13d]">&gt;&gt;</a>&nbsp;&nbsp;&nbsp;DVC11XX_Calc_ChipTemp
<LI><a href="#[142]">&gt;&gt;</a>&nbsp;&nbsp;&nbsp;DVC11XX_Calc_VCell
<LI><a href="#[145]">&gt;&gt;</a>&nbsp;&nbsp;&nbsp;DVC11XX_Calc_VPACK
<LI><a href="#[144]">&gt;&gt;</a>&nbsp;&nbsp;&nbsp;DVC11XX_Calc_VLOAD
<LI><a href="#[141]">&gt;&gt;</a>&nbsp;&nbsp;&nbsp;DVC11XX_Calc_VBAT
<LI><a href="#[140]">&gt;&gt;</a>&nbsp;&nbsp;&nbsp;DVC11XX_Calc_V1P8
<LI><a href="#[13c]">&gt;&gt;</a>&nbsp;&nbsp;&nbsp;DVC11XX_Calc_BatTemp
</UL>

<P><STRONG><a name="[8a]"></a>__aeabi_ddiv</STRONG> (Thumb, 222 bytes, Stack size 32 bytes, ddiv.o(.text))
<BR><BR>[Stack]<UL><LI>Max Depth = 40<LI>Call Chain = __aeabi_ddiv &rArr; _double_round
</UL>
<BR>[Calls]<UL><LI><a href="#[86]">&gt;&gt;</a>&nbsp;&nbsp;&nbsp;_double_round
</UL>
<BR>[Called By]<UL><LI><a href="#[13e]">&gt;&gt;</a>&nbsp;&nbsp;&nbsp;DVC11XX_Calc_CurrentWithCC2
</UL>

<P><STRONG><a name="[8b]"></a>__aeabi_i2d</STRONG> (Thumb, 34 bytes, Stack size 16 bytes, dflti.o(.text))
<BR><BR>[Stack]<UL><LI>Max Depth = 56<LI>Call Chain = __aeabi_i2d &rArr; _double_epilogue &rArr; _double_round
</UL>
<BR>[Calls]<UL><LI><a href="#[85]">&gt;&gt;</a>&nbsp;&nbsp;&nbsp;_double_epilogue
</UL>
<BR>[Called By]<UL><LI><a href="#[13e]">&gt;&gt;</a>&nbsp;&nbsp;&nbsp;DVC11XX_Calc_CurrentWithCC2
<LI><a href="#[142]">&gt;&gt;</a>&nbsp;&nbsp;&nbsp;DVC11XX_Calc_VCell
</UL>

<P><STRONG><a name="[8c]"></a>__aeabi_ui2d</STRONG> (Thumb, 26 bytes, Stack size 16 bytes, dfltui.o(.text))
<BR><BR>[Stack]<UL><LI>Max Depth = 56<LI>Call Chain = __aeabi_ui2d &rArr; _double_epilogue &rArr; _double_round
</UL>
<BR>[Calls]<UL><LI><a href="#[85]">&gt;&gt;</a>&nbsp;&nbsp;&nbsp;_double_epilogue
</UL>
<BR>[Called By]<UL><LI><a href="#[13d]">&gt;&gt;</a>&nbsp;&nbsp;&nbsp;DVC11XX_Calc_ChipTemp
<LI><a href="#[142]">&gt;&gt;</a>&nbsp;&nbsp;&nbsp;DVC11XX_Calc_VCell
<LI><a href="#[145]">&gt;&gt;</a>&nbsp;&nbsp;&nbsp;DVC11XX_Calc_VPACK
<LI><a href="#[144]">&gt;&gt;</a>&nbsp;&nbsp;&nbsp;DVC11XX_Calc_VLOAD
<LI><a href="#[141]">&gt;&gt;</a>&nbsp;&nbsp;&nbsp;DVC11XX_Calc_VBAT
<LI><a href="#[140]">&gt;&gt;</a>&nbsp;&nbsp;&nbsp;DVC11XX_Calc_V1P8
<LI><a href="#[13c]">&gt;&gt;</a>&nbsp;&nbsp;&nbsp;DVC11XX_Calc_BatTemp
</UL>

<P><STRONG><a name="[13f]"></a>__aeabi_f2d</STRONG> (Thumb, 38 bytes, Stack size 0 bytes, f2d.o(.text))
<BR><BR>[Called By]<UL><LI><a href="#[13e]">&gt;&gt;</a>&nbsp;&nbsp;&nbsp;DVC11XX_Calc_CurrentWithCC2
</UL>

<P><STRONG><a name="[8d]"></a>__aeabi_d2f</STRONG> (Thumb, 56 bytes, Stack size 8 bytes, d2f.o(.text))
<BR><BR>[Stack]<UL><LI>Max Depth = 8<LI>Call Chain = __aeabi_d2f
</UL>
<BR>[Calls]<UL><LI><a href="#[8e]">&gt;&gt;</a>&nbsp;&nbsp;&nbsp;_float_round
</UL>
<BR>[Called By]<UL><LI><a href="#[13e]">&gt;&gt;</a>&nbsp;&nbsp;&nbsp;DVC11XX_Calc_CurrentWithCC2
<LI><a href="#[13d]">&gt;&gt;</a>&nbsp;&nbsp;&nbsp;DVC11XX_Calc_ChipTemp
<LI><a href="#[142]">&gt;&gt;</a>&nbsp;&nbsp;&nbsp;DVC11XX_Calc_VCell
<LI><a href="#[145]">&gt;&gt;</a>&nbsp;&nbsp;&nbsp;DVC11XX_Calc_VPACK
<LI><a href="#[144]">&gt;&gt;</a>&nbsp;&nbsp;&nbsp;DVC11XX_Calc_VLOAD
<LI><a href="#[141]">&gt;&gt;</a>&nbsp;&nbsp;&nbsp;DVC11XX_Calc_VBAT
<LI><a href="#[140]">&gt;&gt;</a>&nbsp;&nbsp;&nbsp;DVC11XX_Calc_V1P8
<LI><a href="#[13c]">&gt;&gt;</a>&nbsp;&nbsp;&nbsp;DVC11XX_Calc_BatTemp
</UL>

<P><STRONG><a name="[84]"></a>__aeabi_lasr</STRONG> (Thumb, 36 bytes, Stack size 0 bytes, llsshr.o(.text))
<BR><BR>[Called By]<UL><LI><a href="#[83]">&gt;&gt;</a>&nbsp;&nbsp;&nbsp;__aeabi_dadd
</UL>

<P><STRONG><a name="[278]"></a>_ll_sshift_r</STRONG> (Thumb, 0 bytes, Stack size 0 bytes, llsshr.o(.text), UNUSED)

<P><STRONG><a name="[279]"></a>__I$use$fp</STRONG> (Thumb, 0 bytes, Stack size 0 bytes, iusefp.o(.text), UNUSED)

<P><STRONG><a name="[8e]"></a>_float_round</STRONG> (Thumb, 18 bytes, Stack size 0 bytes, fepilogue.o(.text))
<BR><BR>[Called By]<UL><LI><a href="#[8d]">&gt;&gt;</a>&nbsp;&nbsp;&nbsp;__aeabi_d2f
</UL>

<P><STRONG><a name="[27a]"></a>_float_epilogue</STRONG> (Thumb, 92 bytes, Stack size 4 bytes, fepilogue.o(.text), UNUSED)

<P><STRONG><a name="[86]"></a>_double_round</STRONG> (Thumb, 30 bytes, Stack size 8 bytes, depilogue.o(.text))
<BR><BR>[Stack]<UL><LI>Max Depth = 8<LI>Call Chain = _double_round
</UL>
<BR>[Called By]<UL><LI><a href="#[8a]">&gt;&gt;</a>&nbsp;&nbsp;&nbsp;__aeabi_ddiv
<LI><a href="#[85]">&gt;&gt;</a>&nbsp;&nbsp;&nbsp;_double_epilogue
<LI><a href="#[83]">&gt;&gt;</a>&nbsp;&nbsp;&nbsp;__aeabi_dadd
</UL>

<P><STRONG><a name="[85]"></a>_double_epilogue</STRONG> (Thumb, 156 bytes, Stack size 32 bytes, depilogue.o(.text))
<BR><BR>[Stack]<UL><LI>Max Depth = 40<LI>Call Chain = _double_epilogue &rArr; _double_round
</UL>
<BR>[Calls]<UL><LI><a href="#[86]">&gt;&gt;</a>&nbsp;&nbsp;&nbsp;_double_round
<LI><a href="#[7e]">&gt;&gt;</a>&nbsp;&nbsp;&nbsp;__aeabi_llsr
<LI><a href="#[7f]">&gt;&gt;</a>&nbsp;&nbsp;&nbsp;__aeabi_llsl
</UL>
<BR>[Called By]<UL><LI><a href="#[8c]">&gt;&gt;</a>&nbsp;&nbsp;&nbsp;__aeabi_ui2d
<LI><a href="#[8b]">&gt;&gt;</a>&nbsp;&nbsp;&nbsp;__aeabi_i2d
<LI><a href="#[89]">&gt;&gt;</a>&nbsp;&nbsp;&nbsp;__aeabi_dmul
<LI><a href="#[83]">&gt;&gt;</a>&nbsp;&nbsp;&nbsp;__aeabi_dadd
</UL>

<P><STRONG><a name="[7c]"></a>__scatterload</STRONG> (Thumb, 28 bytes, Stack size 0 bytes, init.o(.text))
<BR><BR>[Calls]<UL><LI><a href="#[8f]">&gt;&gt;</a>&nbsp;&nbsp;&nbsp;__main_after_scatterload
</UL>
<BR>[Called By]<UL><LI><a href="#[7b]">&gt;&gt;</a>&nbsp;&nbsp;&nbsp;_main_scatterload
</UL>

<P><STRONG><a name="[27b]"></a>__scatterload_rt2</STRONG> (Thumb, 0 bytes, Stack size 0 bytes, init.o(.text), UNUSED)

<P><STRONG><a name="[27c]"></a>__decompress</STRONG> (Thumb, 0 bytes, Stack size unknown bytes, __dczerorl2.o(.text), UNUSED)

<P><STRONG><a name="[27d]"></a>__decompress1</STRONG> (Thumb, 86 bytes, Stack size unknown bytes, __dczerorl2.o(.text), UNUSED)

<P><STRONG><a name="[1ba]"></a>ADC_CalibrationOperation</STRONG> (Thumb, 32 bytes, Stack size 0 bytes, n32h47x_48x_adc.o(i.ADC_CalibrationOperation))
<BR><BR>[Called By]<UL><LI><a href="#[1b0]">&gt;&gt;</a>&nbsp;&nbsp;&nbsp;InitADC_ADC2
<LI><a href="#[19d]">&gt;&gt;</a>&nbsp;&nbsp;&nbsp;InitADC_ADC1
</UL>

<P><STRONG><a name="[1b4]"></a>ADC_ConfigInjectedSequencerLength</STRONG> (Thumb, 16 bytes, Stack size 0 bytes, n32h47x_48x_adc.o(i.ADC_ConfigInjectedSequencerLength))
<BR><BR>[Called By]<UL><LI><a href="#[1b0]">&gt;&gt;</a>&nbsp;&nbsp;&nbsp;InitADC_ADC2
<LI><a href="#[19d]">&gt;&gt;</a>&nbsp;&nbsp;&nbsp;InitADC_ADC1
</UL>

<P><STRONG><a name="[1b6]"></a>ADC_ConfigInt</STRONG> (Thumb, 24 bytes, Stack size 0 bytes, n32h47x_48x_adc.o(i.ADC_ConfigInt))
<BR><BR>[Called By]<UL><LI><a href="#[1b0]">&gt;&gt;</a>&nbsp;&nbsp;&nbsp;InitADC_ADC2
<LI><a href="#[19d]">&gt;&gt;</a>&nbsp;&nbsp;&nbsp;InitADC_ADC1
</UL>

<P><STRONG><a name="[1b3]"></a>ADC_ConfigRegularChannel</STRONG> (Thumb, 136 bytes, Stack size 16 bytes, n32h47x_48x_adc.o(i.ADC_ConfigRegularChannel))
<BR><BR>[Stack]<UL><LI>Max Depth = 16<LI>Call Chain = ADC_ConfigRegularChannel
</UL>
<BR>[Called By]<UL><LI><a href="#[1b0]">&gt;&gt;</a>&nbsp;&nbsp;&nbsp;InitADC_ADC2
<LI><a href="#[19d]">&gt;&gt;</a>&nbsp;&nbsp;&nbsp;InitADC_ADC1
</UL>

<P><STRONG><a name="[1b8]"></a>ADC_Enable</STRONG> (Thumb, 24 bytes, Stack size 0 bytes, n32h47x_48x_adc.o(i.ADC_Enable))
<BR><BR>[Called By]<UL><LI><a href="#[1b0]">&gt;&gt;</a>&nbsp;&nbsp;&nbsp;InitADC_ADC2
<LI><a href="#[19d]">&gt;&gt;</a>&nbsp;&nbsp;&nbsp;InitADC_ADC1
</UL>

<P><STRONG><a name="[1b5]"></a>ADC_EnableAutoInjectedConv</STRONG> (Thumb, 24 bytes, Stack size 0 bytes, n32h47x_48x_adc.o(i.ADC_EnableAutoInjectedConv))
<BR><BR>[Called By]<UL><LI><a href="#[1b0]">&gt;&gt;</a>&nbsp;&nbsp;&nbsp;InitADC_ADC2
<LI><a href="#[19d]">&gt;&gt;</a>&nbsp;&nbsp;&nbsp;InitADC_ADC1
</UL>

<P><STRONG><a name="[1bb]"></a>ADC_GetCalibrationStatus</STRONG> (Thumb, 24 bytes, Stack size 0 bytes, n32h47x_48x_adc.o(i.ADC_GetCalibrationStatus))
<BR><BR>[Called By]<UL><LI><a href="#[1b0]">&gt;&gt;</a>&nbsp;&nbsp;&nbsp;InitADC_ADC2
<LI><a href="#[19d]">&gt;&gt;</a>&nbsp;&nbsp;&nbsp;InitADC_ADC1
</UL>

<P><STRONG><a name="[1b9]"></a>ADC_GetFlagStatus</STRONG> (Thumb, 14 bytes, Stack size 0 bytes, n32h47x_48x_adc.o(i.ADC_GetFlagStatus))
<BR><BR>[Called By]<UL><LI><a href="#[1b0]">&gt;&gt;</a>&nbsp;&nbsp;&nbsp;InitADC_ADC2
<LI><a href="#[19d]">&gt;&gt;</a>&nbsp;&nbsp;&nbsp;InitADC_ADC1
</UL>

<P><STRONG><a name="[1b2]"></a>ADC_Init</STRONG> (Thumb, 108 bytes, Stack size 8 bytes, n32h47x_48x_adc.o(i.ADC_Init))
<BR><BR>[Stack]<UL><LI>Max Depth = 8<LI>Call Chain = ADC_Init
</UL>
<BR>[Called By]<UL><LI><a href="#[1b0]">&gt;&gt;</a>&nbsp;&nbsp;&nbsp;InitADC_ADC2
<LI><a href="#[19d]">&gt;&gt;</a>&nbsp;&nbsp;&nbsp;InitADC_ADC1
</UL>

<P><STRONG><a name="[1b7]"></a>ADC_SetDMATransferMode</STRONG> (Thumb, 26 bytes, Stack size 8 bytes, n32h47x_48x_adc.o(i.ADC_SetDMATransferMode))
<BR><BR>[Stack]<UL><LI>Max Depth = 8<LI>Call Chain = ADC_SetDMATransferMode
</UL>
<BR>[Called By]<UL><LI><a href="#[1b0]">&gt;&gt;</a>&nbsp;&nbsp;&nbsp;InitADC_ADC2
<LI><a href="#[19d]">&gt;&gt;</a>&nbsp;&nbsp;&nbsp;InitADC_ADC1
</UL>

<P><STRONG><a name="[a7]"></a>ADC_SmallDsgCur</STRONG> (Thumb, 152 bytes, Stack size 12 bytes, adc_deal.o(i.ADC_SmallDsgCur))
<BR><BR>[Stack]<UL><LI>Max Depth = 12<LI>Call Chain = ADC_SmallDsgCur
</UL>
<BR>[Called By]<UL><LI><a href="#[a5]">&gt;&gt;</a>&nbsp;&nbsp;&nbsp;App_ADC
</UL>

<P><STRONG><a name="[90]"></a>ADC_TTC</STRONG> (Thumb, 100 bytes, Stack size 16 bytes, adc_deal.o(i.ADC_TTC))
<BR><BR>[Stack]<UL><LI>Max Depth = 52<LI>Call Chain = ADC_TTC &rArr; GetEndValue
</UL>
<BR>[Calls]<UL><LI><a href="#[91]">&gt;&gt;</a>&nbsp;&nbsp;&nbsp;GetEndValue
</UL>
<BR>[Called By]<UL><LI><a href="#[a5]">&gt;&gt;</a>&nbsp;&nbsp;&nbsp;App_ADC
</UL>

<P><STRONG><a name="[a8]"></a>ADC_V3_3</STRONG> (Thumb, 88 bytes, Stack size 0 bytes, adc_deal.o(i.ADC_V3_3))
<BR><BR>[Called By]<UL><LI><a href="#[a5]">&gt;&gt;</a>&nbsp;&nbsp;&nbsp;App_ADC
</UL>

<P><STRONG><a name="[92]"></a>AFE_MosInit</STRONG> (Thumb, 130 bytes, Stack size 8 bytes, short_current.o(i.AFE_MosInit))
<BR><BR>[Stack]<UL><LI>Max Depth = 256<LI>Call Chain = AFE_MosInit &rArr; PDSG_FETControl &rArr; DVC11XX_WriteRegs &rArr; IIC_WriteDataWithCRC &rArr; IIC_TransferDataRaw &rArr; I2C_Configure &rArr; I2C_Init &rArr; RCC_GetClocksFreqValue &rArr; __aeabi_uldivmod
</UL>
<BR>[Calls]<UL><LI><a href="#[97]">&gt;&gt;</a>&nbsp;&nbsp;&nbsp;PDSG_FETControl
<LI><a href="#[95]">&gt;&gt;</a>&nbsp;&nbsp;&nbsp;HSFM_Control
<LI><a href="#[93]">&gt;&gt;</a>&nbsp;&nbsp;&nbsp;DVC11XX_WriteRegs
<LI><a href="#[99]">&gt;&gt;</a>&nbsp;&nbsp;&nbsp;DSG_FETControl
<LI><a href="#[94]">&gt;&gt;</a>&nbsp;&nbsp;&nbsp;DSGM_Control
<LI><a href="#[96]">&gt;&gt;</a>&nbsp;&nbsp;&nbsp;DPC_Config
<LI><a href="#[98]">&gt;&gt;</a>&nbsp;&nbsp;&nbsp;CHG_FETControl
</UL>
<BR>[Called By]<UL><LI><a href="#[104]">&gt;&gt;</a>&nbsp;&nbsp;&nbsp;InitShortCur
</UL>

<P><STRONG><a name="[9a]"></a>AFE_ProtectInit</STRONG> (Thumb, 136 bytes, Stack size 8 bytes, short_current.o(i.AFE_ProtectInit))
<BR><BR>[Stack]<UL><LI>Max Depth = 272<LI>Call Chain = AFE_ProtectInit &rArr; OCD2_Config &rArr; DVC11XX_WriteRegs &rArr; IIC_WriteDataWithCRC &rArr; IIC_TransferDataRaw &rArr; I2C_Configure &rArr; I2C_Init &rArr; RCC_GetClocksFreqValue &rArr; __aeabi_uldivmod
</UL>
<BR>[Calls]<UL><LI><a href="#[9c]">&gt;&gt;</a>&nbsp;&nbsp;&nbsp;UV_Config
<LI><a href="#[a1]">&gt;&gt;</a>&nbsp;&nbsp;&nbsp;SCD_Config
<LI><a href="#[9b]">&gt;&gt;</a>&nbsp;&nbsp;&nbsp;OV_Config
<LI><a href="#[9e]">&gt;&gt;</a>&nbsp;&nbsp;&nbsp;OCD2_Config
<LI><a href="#[9d]">&gt;&gt;</a>&nbsp;&nbsp;&nbsp;OCD1_Config
<LI><a href="#[a0]">&gt;&gt;</a>&nbsp;&nbsp;&nbsp;OCC2_Config
<LI><a href="#[9f]">&gt;&gt;</a>&nbsp;&nbsp;&nbsp;OCC1_Config
</UL>
<BR>[Called By]<UL><LI><a href="#[104]">&gt;&gt;</a>&nbsp;&nbsp;&nbsp;InitShortCur
</UL>

<P><STRONG><a name="[a2]"></a>AFE_RST</STRONG> (Thumb, 26 bytes, Stack size 0 bytes, reset.o(i.AFE_RST))
<BR><BR>[Stack]<UL><LI>Max Depth = 248<LI>Call Chain = AFE_RST &rArr; DVC11XX_WriteRegs &rArr; IIC_WriteDataWithCRC &rArr; IIC_TransferDataRaw &rArr; I2C_Configure &rArr; I2C_Init &rArr; RCC_GetClocksFreqValue &rArr; __aeabi_uldivmod
</UL>
<BR>[Calls]<UL><LI><a href="#[93]">&gt;&gt;</a>&nbsp;&nbsp;&nbsp;DVC11XX_WriteRegs
</UL>
<BR>[Called By]<UL><LI><a href="#[256]">&gt;&gt;</a>&nbsp;&nbsp;&nbsp;TASK_JiChe_InitFun
</UL>

<P><STRONG><a name="[d8]"></a>AllSeriesDeal_Charger_OFF</STRONG> (Thumb, 2 bytes, Stack size 0 bytes, charger_loader_func.o(i.AllSeriesDeal_Charger_OFF))
<BR><BR>[Called By]<UL><LI><a href="#[d6]">&gt;&gt;</a>&nbsp;&nbsp;&nbsp;App_ChargerLoad_Det
</UL>

<P><STRONG><a name="[d7]"></a>AllSeriesDeal_Charger_ON</STRONG> (Thumb, 134 bytes, Stack size 12 bytes, charger_loader_func.o(i.AllSeriesDeal_Charger_ON))
<BR><BR>[Stack]<UL><LI>Max Depth = 12<LI>Call Chain = AllSeriesDeal_Charger_ON
</UL>
<BR>[Called By]<UL><LI><a href="#[d6]">&gt;&gt;</a>&nbsp;&nbsp;&nbsp;App_ChargerLoad_Det
</UL>

<P><STRONG><a name="[a3]"></a>AllSeriesDeal_Sleep_Or_None</STRONG> (Thumb, 142 bytes, Stack size 24 bytes, charger_loader_func.o(i.AllSeriesDeal_Sleep_Or_None))
<BR><BR>[Stack]<UL><LI>Max Depth = 32<LI>Call Chain = AllSeriesDeal_Sleep_Or_None &rArr; System_ERROR_UserCallback
</UL>
<BR>[Calls]<UL><LI><a href="#[a4]">&gt;&gt;</a>&nbsp;&nbsp;&nbsp;System_ERROR_UserCallback
</UL>
<BR>[Called By]<UL><LI><a href="#[d6]">&gt;&gt;</a>&nbsp;&nbsp;&nbsp;App_ChargerLoad_Det
</UL>

<P><STRONG><a name="[a5]"></a>App_ADC</STRONG> (Thumb, 40 bytes, Stack size 8 bytes, adc_deal.o(i.App_ADC))
<BR><BR>[Stack]<UL><LI>Max Depth = 60<LI>Call Chain = App_ADC &rArr; ADC_TTC &rArr; GetEndValue
</UL>
<BR>[Calls]<UL><LI><a href="#[a6]">&gt;&gt;</a>&nbsp;&nbsp;&nbsp;System_FUNC_StartUp
<LI><a href="#[a8]">&gt;&gt;</a>&nbsp;&nbsp;&nbsp;ADC_V3_3
<LI><a href="#[90]">&gt;&gt;</a>&nbsp;&nbsp;&nbsp;ADC_TTC
<LI><a href="#[a7]">&gt;&gt;</a>&nbsp;&nbsp;&nbsp;ADC_SmallDsgCur
</UL>
<BR>[Called By]<UL><LI><a href="#[78]">&gt;&gt;</a>&nbsp;&nbsp;&nbsp;main
</UL>

<P><STRONG><a name="[a9]"></a>App_AFE_DataDeal</STRONG> (Thumb, 194 bytes, Stack size 8 bytes, data_deal.o(i.App_AFE_DataDeal))
<BR><BR>[Stack]<UL><LI>Max Depth = 48<LI>Call Chain = App_AFE_DataDeal &rArr; DataLoad_CellVolt &rArr; System_ERROR_UserCallback
</UL>
<BR>[Calls]<UL><LI><a href="#[ae]">&gt;&gt;</a>&nbsp;&nbsp;&nbsp;DataLoad_Test
<LI><a href="#[ac]">&gt;&gt;</a>&nbsp;&nbsp;&nbsp;DataLoad_TemperatureMaxMinFind
<LI><a href="#[ad]">&gt;&gt;</a>&nbsp;&nbsp;&nbsp;DataLoad_Current
<LI><a href="#[ab]">&gt;&gt;</a>&nbsp;&nbsp;&nbsp;DataLoad_CellVoltMaxMinFind
<LI><a href="#[aa]">&gt;&gt;</a>&nbsp;&nbsp;&nbsp;DataLoad_CellVolt
</UL>
<BR>[Called By]<UL><LI><a href="#[78]">&gt;&gt;</a>&nbsp;&nbsp;&nbsp;main
</UL>

<P><STRONG><a name="[af]"></a>App_BalanceProcess</STRONG> (Thumb, 120 bytes, Stack size 24 bytes, balance.o(i.App_BalanceProcess))
<BR><BR>[Stack]<UL><LI>Max Depth = 272<LI>Call Chain = App_BalanceProcess &rArr; Balance_Contrl &rArr; DVC11XX_WriteRegs &rArr; IIC_WriteDataWithCRC &rArr; IIC_TransferDataRaw &rArr; I2C_Configure &rArr; I2C_Init &rArr; RCC_GetClocksFreqValue &rArr; __aeabi_uldivmod
</UL>
<BR>[Calls]<UL><LI><a href="#[b0]">&gt;&gt;</a>&nbsp;&nbsp;&nbsp;Balance_Contrl
</UL>
<BR>[Called By]<UL><LI><a href="#[78]">&gt;&gt;</a>&nbsp;&nbsp;&nbsp;main
</UL>

<P><STRONG><a name="[b1]"></a>App_BatOvp_FirstCheck</STRONG> (Thumb, 178 bytes, Stack size 32 bytes, fault.o(i.App_BatOvp_FirstCheck))
<BR><BR>[Stack]<UL><LI>Max Depth = 44<LI>Call Chain = App_BatOvp_FirstCheck &rArr; App_PubOPUPChk
</UL>
<BR>[Calls]<UL><LI><a href="#[b2]">&gt;&gt;</a>&nbsp;&nbsp;&nbsp;App_PubOPUPChk
<LI><a href="#[b4]">&gt;&gt;</a>&nbsp;&nbsp;&nbsp;FaultWarnRecord2
<LI><a href="#[b3]">&gt;&gt;</a>&nbsp;&nbsp;&nbsp;FaultWarnRecord
</UL>
<BR>[Called By]<UL><LI><a href="#[10b]">&gt;&gt;</a>&nbsp;&nbsp;&nbsp;App_WarnCtrl
</UL>

<P><STRONG><a name="[b5]"></a>App_BatOvp_SecondCheck</STRONG> (Thumb, 178 bytes, Stack size 32 bytes, fault.o(i.App_BatOvp_SecondCheck))
<BR><BR>[Stack]<UL><LI>Max Depth = 44<LI>Call Chain = App_BatOvp_SecondCheck &rArr; App_PubOPUPChk
</UL>
<BR>[Calls]<UL><LI><a href="#[b2]">&gt;&gt;</a>&nbsp;&nbsp;&nbsp;App_PubOPUPChk
<LI><a href="#[b4]">&gt;&gt;</a>&nbsp;&nbsp;&nbsp;FaultWarnRecord2
<LI><a href="#[b3]">&gt;&gt;</a>&nbsp;&nbsp;&nbsp;FaultWarnRecord
</UL>
<BR>[Called By]<UL><LI><a href="#[10b]">&gt;&gt;</a>&nbsp;&nbsp;&nbsp;App_WarnCtrl
</UL>

<P><STRONG><a name="[b6]"></a>App_BatOvp_ThirdCheck</STRONG> (Thumb, 178 bytes, Stack size 32 bytes, fault.o(i.App_BatOvp_ThirdCheck))
<BR><BR>[Stack]<UL><LI>Max Depth = 44<LI>Call Chain = App_BatOvp_ThirdCheck &rArr; App_PubOPUPChk
</UL>
<BR>[Calls]<UL><LI><a href="#[b2]">&gt;&gt;</a>&nbsp;&nbsp;&nbsp;App_PubOPUPChk
<LI><a href="#[b4]">&gt;&gt;</a>&nbsp;&nbsp;&nbsp;FaultWarnRecord2
<LI><a href="#[b3]">&gt;&gt;</a>&nbsp;&nbsp;&nbsp;FaultWarnRecord
</UL>
<BR>[Called By]<UL><LI><a href="#[10b]">&gt;&gt;</a>&nbsp;&nbsp;&nbsp;App_WarnCtrl
</UL>

<P><STRONG><a name="[b7]"></a>App_BatUvp_FirstCheck</STRONG> (Thumb, 180 bytes, Stack size 32 bytes, fault.o(i.App_BatUvp_FirstCheck))
<BR><BR>[Stack]<UL><LI>Max Depth = 44<LI>Call Chain = App_BatUvp_FirstCheck &rArr; App_PubOPUPChk
</UL>
<BR>[Calls]<UL><LI><a href="#[b2]">&gt;&gt;</a>&nbsp;&nbsp;&nbsp;App_PubOPUPChk
<LI><a href="#[b4]">&gt;&gt;</a>&nbsp;&nbsp;&nbsp;FaultWarnRecord2
<LI><a href="#[b3]">&gt;&gt;</a>&nbsp;&nbsp;&nbsp;FaultWarnRecord
</UL>
<BR>[Called By]<UL><LI><a href="#[10b]">&gt;&gt;</a>&nbsp;&nbsp;&nbsp;App_WarnCtrl
</UL>

<P><STRONG><a name="[b8]"></a>App_BatUvp_SecondCheck</STRONG> (Thumb, 178 bytes, Stack size 32 bytes, fault.o(i.App_BatUvp_SecondCheck))
<BR><BR>[Stack]<UL><LI>Max Depth = 44<LI>Call Chain = App_BatUvp_SecondCheck &rArr; App_PubOPUPChk
</UL>
<BR>[Calls]<UL><LI><a href="#[b2]">&gt;&gt;</a>&nbsp;&nbsp;&nbsp;App_PubOPUPChk
<LI><a href="#[b4]">&gt;&gt;</a>&nbsp;&nbsp;&nbsp;FaultWarnRecord2
<LI><a href="#[b3]">&gt;&gt;</a>&nbsp;&nbsp;&nbsp;FaultWarnRecord
</UL>
<BR>[Called By]<UL><LI><a href="#[10b]">&gt;&gt;</a>&nbsp;&nbsp;&nbsp;App_WarnCtrl
</UL>

<P><STRONG><a name="[b9]"></a>App_BatUvp_ThirdCheck</STRONG> (Thumb, 178 bytes, Stack size 32 bytes, fault.o(i.App_BatUvp_ThirdCheck))
<BR><BR>[Stack]<UL><LI>Max Depth = 44<LI>Call Chain = App_BatUvp_ThirdCheck &rArr; App_PubOPUPChk
</UL>
<BR>[Calls]<UL><LI><a href="#[b2]">&gt;&gt;</a>&nbsp;&nbsp;&nbsp;App_PubOPUPChk
<LI><a href="#[b4]">&gt;&gt;</a>&nbsp;&nbsp;&nbsp;FaultWarnRecord2
<LI><a href="#[b3]">&gt;&gt;</a>&nbsp;&nbsp;&nbsp;FaultWarnRecord
</UL>
<BR>[Called By]<UL><LI><a href="#[10b]">&gt;&gt;</a>&nbsp;&nbsp;&nbsp;App_WarnCtrl
</UL>

<P><STRONG><a name="[ba]"></a>App_CBC</STRONG> (Thumb, 4 bytes, Stack size 0 bytes, cbc.o(i.App_CBC))
<BR><BR>[Stack]<UL><LI>Max Depth = 88<LI>Call Chain = App_CBC &rArr; CBC_MOS &rArr; InitCBC &rArr; GPIO_InitPeripheral
</UL>
<BR>[Calls]<UL><LI><a href="#[bb]">&gt;&gt;</a>&nbsp;&nbsp;&nbsp;CBC_MOS
</UL>
<BR>[Called By]<UL><LI><a href="#[78]">&gt;&gt;</a>&nbsp;&nbsp;&nbsp;main
</UL>

<P><STRONG><a name="[bc]"></a>App_CanCom</STRONG> (Thumb, 44 bytes, Stack size 8 bytes, can_com.o(i.App_CanCom))
<BR><BR>[Stack]<UL><LI>Max Depth = 44<LI>Call Chain = App_CanCom &rArr; Can_TransmitDeal &rArr; CAN_TX_0x11 &rArr; CAN_Tx_Data &rArr; CanSendMsg &rArr; FDCAN_AddMsgToTxFifoQ &rArr; FDCAN_CopyMsgToRAM
</UL>
<BR>[Calls]<UL><LI><a href="#[bf]">&gt;&gt;</a>&nbsp;&nbsp;&nbsp;Can_TransmitDeal
<LI><a href="#[c0]">&gt;&gt;</a>&nbsp;&nbsp;&nbsp;Can_TransmiT_0x1F0
<LI><a href="#[be]">&gt;&gt;</a>&nbsp;&nbsp;&nbsp;Can_ReceiveDeal
<LI><a href="#[bd]">&gt;&gt;</a>&nbsp;&nbsp;&nbsp;Can_BusOFF_Monitor
<LI><a href="#[a6]">&gt;&gt;</a>&nbsp;&nbsp;&nbsp;System_FUNC_StartUp
</UL>
<BR>[Called By]<UL><LI><a href="#[78]">&gt;&gt;</a>&nbsp;&nbsp;&nbsp;main
</UL>

<P><STRONG><a name="[c1]"></a>App_CellChgOtp_FirstCheck</STRONG> (Thumb, 272 bytes, Stack size 32 bytes, fault.o(i.App_CellChgOtp_FirstCheck))
<BR><BR>[Stack]<UL><LI>Max Depth = 44<LI>Call Chain = App_CellChgOtp_FirstCheck &rArr; App_PubOPUPChk
</UL>
<BR>[Calls]<UL><LI><a href="#[b2]">&gt;&gt;</a>&nbsp;&nbsp;&nbsp;App_PubOPUPChk
<LI><a href="#[b4]">&gt;&gt;</a>&nbsp;&nbsp;&nbsp;FaultWarnRecord2
<LI><a href="#[b3]">&gt;&gt;</a>&nbsp;&nbsp;&nbsp;FaultWarnRecord
</UL>
<BR>[Called By]<UL><LI><a href="#[10b]">&gt;&gt;</a>&nbsp;&nbsp;&nbsp;App_WarnCtrl
</UL>

<P><STRONG><a name="[c2]"></a>App_CellChgOtp_SecondCheck</STRONG> (Thumb, 268 bytes, Stack size 32 bytes, fault.o(i.App_CellChgOtp_SecondCheck))
<BR><BR>[Stack]<UL><LI>Max Depth = 44<LI>Call Chain = App_CellChgOtp_SecondCheck &rArr; App_PubOPUPChk
</UL>
<BR>[Calls]<UL><LI><a href="#[b2]">&gt;&gt;</a>&nbsp;&nbsp;&nbsp;App_PubOPUPChk
<LI><a href="#[b4]">&gt;&gt;</a>&nbsp;&nbsp;&nbsp;FaultWarnRecord2
<LI><a href="#[b3]">&gt;&gt;</a>&nbsp;&nbsp;&nbsp;FaultWarnRecord
</UL>
<BR>[Called By]<UL><LI><a href="#[10b]">&gt;&gt;</a>&nbsp;&nbsp;&nbsp;App_WarnCtrl
</UL>

<P><STRONG><a name="[c3]"></a>App_CellChgOtp_ThirdCheck</STRONG> (Thumb, 266 bytes, Stack size 32 bytes, fault.o(i.App_CellChgOtp_ThirdCheck))
<BR><BR>[Stack]<UL><LI>Max Depth = 44<LI>Call Chain = App_CellChgOtp_ThirdCheck &rArr; App_PubOPUPChk
</UL>
<BR>[Calls]<UL><LI><a href="#[b2]">&gt;&gt;</a>&nbsp;&nbsp;&nbsp;App_PubOPUPChk
<LI><a href="#[b4]">&gt;&gt;</a>&nbsp;&nbsp;&nbsp;FaultWarnRecord2
<LI><a href="#[b3]">&gt;&gt;</a>&nbsp;&nbsp;&nbsp;FaultWarnRecord
</UL>
<BR>[Called By]<UL><LI><a href="#[10b]">&gt;&gt;</a>&nbsp;&nbsp;&nbsp;App_WarnCtrl
</UL>

<P><STRONG><a name="[c4]"></a>App_CellChgUtp_FirstCheck</STRONG> (Thumb, 272 bytes, Stack size 32 bytes, fault.o(i.App_CellChgUtp_FirstCheck))
<BR><BR>[Stack]<UL><LI>Max Depth = 44<LI>Call Chain = App_CellChgUtp_FirstCheck &rArr; App_PubOPUPChk
</UL>
<BR>[Calls]<UL><LI><a href="#[b2]">&gt;&gt;</a>&nbsp;&nbsp;&nbsp;App_PubOPUPChk
<LI><a href="#[b4]">&gt;&gt;</a>&nbsp;&nbsp;&nbsp;FaultWarnRecord2
<LI><a href="#[b3]">&gt;&gt;</a>&nbsp;&nbsp;&nbsp;FaultWarnRecord
</UL>
<BR>[Called By]<UL><LI><a href="#[10b]">&gt;&gt;</a>&nbsp;&nbsp;&nbsp;App_WarnCtrl
</UL>

<P><STRONG><a name="[c5]"></a>App_CellChgUtp_SecondCheck</STRONG> (Thumb, 266 bytes, Stack size 32 bytes, fault.o(i.App_CellChgUtp_SecondCheck))
<BR><BR>[Stack]<UL><LI>Max Depth = 44<LI>Call Chain = App_CellChgUtp_SecondCheck &rArr; App_PubOPUPChk
</UL>
<BR>[Calls]<UL><LI><a href="#[b2]">&gt;&gt;</a>&nbsp;&nbsp;&nbsp;App_PubOPUPChk
<LI><a href="#[b4]">&gt;&gt;</a>&nbsp;&nbsp;&nbsp;FaultWarnRecord2
<LI><a href="#[b3]">&gt;&gt;</a>&nbsp;&nbsp;&nbsp;FaultWarnRecord
</UL>
<BR>[Called By]<UL><LI><a href="#[10b]">&gt;&gt;</a>&nbsp;&nbsp;&nbsp;App_WarnCtrl
</UL>

<P><STRONG><a name="[c6]"></a>App_CellChgUtp_ThirdCheck</STRONG> (Thumb, 266 bytes, Stack size 32 bytes, fault.o(i.App_CellChgUtp_ThirdCheck))
<BR><BR>[Stack]<UL><LI>Max Depth = 44<LI>Call Chain = App_CellChgUtp_ThirdCheck &rArr; App_PubOPUPChk
</UL>
<BR>[Calls]<UL><LI><a href="#[b2]">&gt;&gt;</a>&nbsp;&nbsp;&nbsp;App_PubOPUPChk
<LI><a href="#[b4]">&gt;&gt;</a>&nbsp;&nbsp;&nbsp;FaultWarnRecord2
<LI><a href="#[b3]">&gt;&gt;</a>&nbsp;&nbsp;&nbsp;FaultWarnRecord
</UL>
<BR>[Called By]<UL><LI><a href="#[10b]">&gt;&gt;</a>&nbsp;&nbsp;&nbsp;App_WarnCtrl
</UL>

<P><STRONG><a name="[c7]"></a>App_CellDisChgOtp_FirstCheck</STRONG> (Thumb, 268 bytes, Stack size 32 bytes, fault.o(i.App_CellDisChgOtp_FirstCheck))
<BR><BR>[Stack]<UL><LI>Max Depth = 44<LI>Call Chain = App_CellDisChgOtp_FirstCheck &rArr; App_PubOPUPChk
</UL>
<BR>[Calls]<UL><LI><a href="#[b2]">&gt;&gt;</a>&nbsp;&nbsp;&nbsp;App_PubOPUPChk
<LI><a href="#[b4]">&gt;&gt;</a>&nbsp;&nbsp;&nbsp;FaultWarnRecord2
<LI><a href="#[b3]">&gt;&gt;</a>&nbsp;&nbsp;&nbsp;FaultWarnRecord
</UL>
<BR>[Called By]<UL><LI><a href="#[10b]">&gt;&gt;</a>&nbsp;&nbsp;&nbsp;App_WarnCtrl
</UL>

<P><STRONG><a name="[c8]"></a>App_CellDisChgOtp_SecondCheck</STRONG> (Thumb, 264 bytes, Stack size 32 bytes, fault.o(i.App_CellDisChgOtp_SecondCheck))
<BR><BR>[Stack]<UL><LI>Max Depth = 44<LI>Call Chain = App_CellDisChgOtp_SecondCheck &rArr; App_PubOPUPChk
</UL>
<BR>[Calls]<UL><LI><a href="#[b2]">&gt;&gt;</a>&nbsp;&nbsp;&nbsp;App_PubOPUPChk
<LI><a href="#[b4]">&gt;&gt;</a>&nbsp;&nbsp;&nbsp;FaultWarnRecord2
<LI><a href="#[b3]">&gt;&gt;</a>&nbsp;&nbsp;&nbsp;FaultWarnRecord
</UL>
<BR>[Called By]<UL><LI><a href="#[10b]">&gt;&gt;</a>&nbsp;&nbsp;&nbsp;App_WarnCtrl
</UL>

<P><STRONG><a name="[c9]"></a>App_CellDisChgOtp_ThirdCheck</STRONG> (Thumb, 264 bytes, Stack size 32 bytes, fault.o(i.App_CellDisChgOtp_ThirdCheck))
<BR><BR>[Stack]<UL><LI>Max Depth = 44<LI>Call Chain = App_CellDisChgOtp_ThirdCheck &rArr; App_PubOPUPChk
</UL>
<BR>[Calls]<UL><LI><a href="#[b2]">&gt;&gt;</a>&nbsp;&nbsp;&nbsp;App_PubOPUPChk
<LI><a href="#[b4]">&gt;&gt;</a>&nbsp;&nbsp;&nbsp;FaultWarnRecord2
<LI><a href="#[b3]">&gt;&gt;</a>&nbsp;&nbsp;&nbsp;FaultWarnRecord
</UL>
<BR>[Called By]<UL><LI><a href="#[10b]">&gt;&gt;</a>&nbsp;&nbsp;&nbsp;App_WarnCtrl
</UL>

<P><STRONG><a name="[ca]"></a>App_CellDischgUtp_FirstCheck</STRONG> (Thumb, 272 bytes, Stack size 32 bytes, fault.o(i.App_CellDischgUtp_FirstCheck))
<BR><BR>[Stack]<UL><LI>Max Depth = 44<LI>Call Chain = App_CellDischgUtp_FirstCheck &rArr; App_PubOPUPChk
</UL>
<BR>[Calls]<UL><LI><a href="#[b2]">&gt;&gt;</a>&nbsp;&nbsp;&nbsp;App_PubOPUPChk
<LI><a href="#[b4]">&gt;&gt;</a>&nbsp;&nbsp;&nbsp;FaultWarnRecord2
<LI><a href="#[b3]">&gt;&gt;</a>&nbsp;&nbsp;&nbsp;FaultWarnRecord
</UL>
<BR>[Called By]<UL><LI><a href="#[10b]">&gt;&gt;</a>&nbsp;&nbsp;&nbsp;App_WarnCtrl
</UL>

<P><STRONG><a name="[cb]"></a>App_CellDischgUtp_SecondCheck</STRONG> (Thumb, 266 bytes, Stack size 32 bytes, fault.o(i.App_CellDischgUtp_SecondCheck))
<BR><BR>[Stack]<UL><LI>Max Depth = 44<LI>Call Chain = App_CellDischgUtp_SecondCheck &rArr; App_PubOPUPChk
</UL>
<BR>[Calls]<UL><LI><a href="#[b2]">&gt;&gt;</a>&nbsp;&nbsp;&nbsp;App_PubOPUPChk
<LI><a href="#[b4]">&gt;&gt;</a>&nbsp;&nbsp;&nbsp;FaultWarnRecord2
<LI><a href="#[b3]">&gt;&gt;</a>&nbsp;&nbsp;&nbsp;FaultWarnRecord
</UL>
<BR>[Called By]<UL><LI><a href="#[10b]">&gt;&gt;</a>&nbsp;&nbsp;&nbsp;App_WarnCtrl
</UL>

<P><STRONG><a name="[cc]"></a>App_CellDischgUtp_ThirdCheck</STRONG> (Thumb, 266 bytes, Stack size 32 bytes, fault.o(i.App_CellDischgUtp_ThirdCheck))
<BR><BR>[Stack]<UL><LI>Max Depth = 44<LI>Call Chain = App_CellDischgUtp_ThirdCheck &rArr; App_PubOPUPChk
</UL>
<BR>[Calls]<UL><LI><a href="#[b2]">&gt;&gt;</a>&nbsp;&nbsp;&nbsp;App_PubOPUPChk
<LI><a href="#[b4]">&gt;&gt;</a>&nbsp;&nbsp;&nbsp;FaultWarnRecord2
<LI><a href="#[b3]">&gt;&gt;</a>&nbsp;&nbsp;&nbsp;FaultWarnRecord
</UL>
<BR>[Called By]<UL><LI><a href="#[10b]">&gt;&gt;</a>&nbsp;&nbsp;&nbsp;App_WarnCtrl
</UL>

<P><STRONG><a name="[cd]"></a>App_CellOvp_FirstCheck</STRONG> (Thumb, 178 bytes, Stack size 32 bytes, fault.o(i.App_CellOvp_FirstCheck))
<BR><BR>[Stack]<UL><LI>Max Depth = 44<LI>Call Chain = App_CellOvp_FirstCheck &rArr; App_PubOPUPChk
</UL>
<BR>[Calls]<UL><LI><a href="#[b2]">&gt;&gt;</a>&nbsp;&nbsp;&nbsp;App_PubOPUPChk
<LI><a href="#[b4]">&gt;&gt;</a>&nbsp;&nbsp;&nbsp;FaultWarnRecord2
<LI><a href="#[b3]">&gt;&gt;</a>&nbsp;&nbsp;&nbsp;FaultWarnRecord
</UL>
<BR>[Called By]<UL><LI><a href="#[10b]">&gt;&gt;</a>&nbsp;&nbsp;&nbsp;App_WarnCtrl
</UL>

<P><STRONG><a name="[ce]"></a>App_CellOvp_SecondCheck</STRONG> (Thumb, 178 bytes, Stack size 32 bytes, fault.o(i.App_CellOvp_SecondCheck))
<BR><BR>[Stack]<UL><LI>Max Depth = 44<LI>Call Chain = App_CellOvp_SecondCheck &rArr; App_PubOPUPChk
</UL>
<BR>[Calls]<UL><LI><a href="#[b2]">&gt;&gt;</a>&nbsp;&nbsp;&nbsp;App_PubOPUPChk
<LI><a href="#[b4]">&gt;&gt;</a>&nbsp;&nbsp;&nbsp;FaultWarnRecord2
<LI><a href="#[b3]">&gt;&gt;</a>&nbsp;&nbsp;&nbsp;FaultWarnRecord
</UL>
<BR>[Called By]<UL><LI><a href="#[10b]">&gt;&gt;</a>&nbsp;&nbsp;&nbsp;App_WarnCtrl
</UL>

<P><STRONG><a name="[cf]"></a>App_CellOvp_ThirdCheck</STRONG> (Thumb, 178 bytes, Stack size 32 bytes, fault.o(i.App_CellOvp_ThirdCheck))
<BR><BR>[Stack]<UL><LI>Max Depth = 44<LI>Call Chain = App_CellOvp_ThirdCheck &rArr; App_PubOPUPChk
</UL>
<BR>[Calls]<UL><LI><a href="#[b2]">&gt;&gt;</a>&nbsp;&nbsp;&nbsp;App_PubOPUPChk
<LI><a href="#[b4]">&gt;&gt;</a>&nbsp;&nbsp;&nbsp;FaultWarnRecord2
<LI><a href="#[b3]">&gt;&gt;</a>&nbsp;&nbsp;&nbsp;FaultWarnRecord
</UL>
<BR>[Called By]<UL><LI><a href="#[10b]">&gt;&gt;</a>&nbsp;&nbsp;&nbsp;App_WarnCtrl
</UL>

<P><STRONG><a name="[d0]"></a>App_CellSocUp_FirstCheck</STRONG> (Thumb, 178 bytes, Stack size 32 bytes, fault.o(i.App_CellSocUp_FirstCheck))
<BR><BR>[Stack]<UL><LI>Max Depth = 44<LI>Call Chain = App_CellSocUp_FirstCheck &rArr; App_PubOPUPChk
</UL>
<BR>[Calls]<UL><LI><a href="#[b2]">&gt;&gt;</a>&nbsp;&nbsp;&nbsp;App_PubOPUPChk
<LI><a href="#[b4]">&gt;&gt;</a>&nbsp;&nbsp;&nbsp;FaultWarnRecord2
<LI><a href="#[b3]">&gt;&gt;</a>&nbsp;&nbsp;&nbsp;FaultWarnRecord
</UL>
<BR>[Called By]<UL><LI><a href="#[10b]">&gt;&gt;</a>&nbsp;&nbsp;&nbsp;App_WarnCtrl
</UL>

<P><STRONG><a name="[d1]"></a>App_CellSocUp_SecondCheck</STRONG> (Thumb, 178 bytes, Stack size 32 bytes, fault.o(i.App_CellSocUp_SecondCheck))
<BR><BR>[Stack]<UL><LI>Max Depth = 44<LI>Call Chain = App_CellSocUp_SecondCheck &rArr; App_PubOPUPChk
</UL>
<BR>[Calls]<UL><LI><a href="#[b2]">&gt;&gt;</a>&nbsp;&nbsp;&nbsp;App_PubOPUPChk
<LI><a href="#[b4]">&gt;&gt;</a>&nbsp;&nbsp;&nbsp;FaultWarnRecord2
<LI><a href="#[b3]">&gt;&gt;</a>&nbsp;&nbsp;&nbsp;FaultWarnRecord
</UL>
<BR>[Called By]<UL><LI><a href="#[10b]">&gt;&gt;</a>&nbsp;&nbsp;&nbsp;App_WarnCtrl
</UL>

<P><STRONG><a name="[d2]"></a>App_CellSocUp_ThirdCheck</STRONG> (Thumb, 178 bytes, Stack size 32 bytes, fault.o(i.App_CellSocUp_ThirdCheck))
<BR><BR>[Stack]<UL><LI>Max Depth = 44<LI>Call Chain = App_CellSocUp_ThirdCheck &rArr; App_PubOPUPChk
</UL>
<BR>[Calls]<UL><LI><a href="#[b2]">&gt;&gt;</a>&nbsp;&nbsp;&nbsp;App_PubOPUPChk
<LI><a href="#[b4]">&gt;&gt;</a>&nbsp;&nbsp;&nbsp;FaultWarnRecord2
<LI><a href="#[b3]">&gt;&gt;</a>&nbsp;&nbsp;&nbsp;FaultWarnRecord
</UL>
<BR>[Called By]<UL><LI><a href="#[10b]">&gt;&gt;</a>&nbsp;&nbsp;&nbsp;App_WarnCtrl
</UL>

<P><STRONG><a name="[d3]"></a>App_CellUvp_FirstCheck</STRONG> (Thumb, 180 bytes, Stack size 32 bytes, fault.o(i.App_CellUvp_FirstCheck))
<BR><BR>[Stack]<UL><LI>Max Depth = 44<LI>Call Chain = App_CellUvp_FirstCheck &rArr; App_PubOPUPChk
</UL>
<BR>[Calls]<UL><LI><a href="#[b2]">&gt;&gt;</a>&nbsp;&nbsp;&nbsp;App_PubOPUPChk
<LI><a href="#[b4]">&gt;&gt;</a>&nbsp;&nbsp;&nbsp;FaultWarnRecord2
<LI><a href="#[b3]">&gt;&gt;</a>&nbsp;&nbsp;&nbsp;FaultWarnRecord
</UL>
<BR>[Called By]<UL><LI><a href="#[10b]">&gt;&gt;</a>&nbsp;&nbsp;&nbsp;App_WarnCtrl
</UL>

<P><STRONG><a name="[d4]"></a>App_CellUvp_SecondCheck</STRONG> (Thumb, 178 bytes, Stack size 32 bytes, fault.o(i.App_CellUvp_SecondCheck))
<BR><BR>[Stack]<UL><LI>Max Depth = 44<LI>Call Chain = App_CellUvp_SecondCheck &rArr; App_PubOPUPChk
</UL>
<BR>[Calls]<UL><LI><a href="#[b2]">&gt;&gt;</a>&nbsp;&nbsp;&nbsp;App_PubOPUPChk
<LI><a href="#[b4]">&gt;&gt;</a>&nbsp;&nbsp;&nbsp;FaultWarnRecord2
<LI><a href="#[b3]">&gt;&gt;</a>&nbsp;&nbsp;&nbsp;FaultWarnRecord
</UL>
<BR>[Called By]<UL><LI><a href="#[10b]">&gt;&gt;</a>&nbsp;&nbsp;&nbsp;App_WarnCtrl
</UL>

<P><STRONG><a name="[d5]"></a>App_CellUvp_ThirdCheck</STRONG> (Thumb, 178 bytes, Stack size 32 bytes, fault.o(i.App_CellUvp_ThirdCheck))
<BR><BR>[Stack]<UL><LI>Max Depth = 44<LI>Call Chain = App_CellUvp_ThirdCheck &rArr; App_PubOPUPChk
</UL>
<BR>[Calls]<UL><LI><a href="#[b2]">&gt;&gt;</a>&nbsp;&nbsp;&nbsp;App_PubOPUPChk
<LI><a href="#[b4]">&gt;&gt;</a>&nbsp;&nbsp;&nbsp;FaultWarnRecord2
<LI><a href="#[b3]">&gt;&gt;</a>&nbsp;&nbsp;&nbsp;FaultWarnRecord
</UL>
<BR>[Called By]<UL><LI><a href="#[10b]">&gt;&gt;</a>&nbsp;&nbsp;&nbsp;App_WarnCtrl
</UL>

<P><STRONG><a name="[d6]"></a>App_ChargerLoad_Det</STRONG> (Thumb, 34 bytes, Stack size 8 bytes, charger_loader_func.o(i.App_ChargerLoad_Det))
<BR><BR>[Stack]<UL><LI>Max Depth = 40<LI>Call Chain = App_ChargerLoad_Det &rArr; AllSeriesDeal_Sleep_Or_None &rArr; System_ERROR_UserCallback
</UL>
<BR>[Calls]<UL><LI><a href="#[a3]">&gt;&gt;</a>&nbsp;&nbsp;&nbsp;AllSeriesDeal_Sleep_Or_None
<LI><a href="#[d7]">&gt;&gt;</a>&nbsp;&nbsp;&nbsp;AllSeriesDeal_Charger_ON
<LI><a href="#[d8]">&gt;&gt;</a>&nbsp;&nbsp;&nbsp;AllSeriesDeal_Charger_OFF
</UL>
<BR>[Called By]<UL><LI><a href="#[78]">&gt;&gt;</a>&nbsp;&nbsp;&nbsp;main
</UL>

<P><STRONG><a name="[d9]"></a>App_CommonUpper</STRONG> (Thumb, 42 bytes, Stack size 8 bytes, uart_upper.o(i.App_CommonUpper))
<BR><BR>[Stack]<UL><LI>Max Depth = 320<LI>Call Chain = App_CommonUpper &rArr; App_CommonUpperSCI3 &rArr; Sci_Deal_WrReg_0x06 &rArr; Sci_WrReg_0x06_Reset_CalibCoef &rArr; WriteEEPROM_Word_WithZone &rArr; WriteEEPROM_Word_NoZone &rArr; WriteEEPROM_Byte &rArr; IIC_Wait_Ack_SEE &rArr; IIC_Stop_SEE &rArr; __delay_us &rArr; RCC_GetClocksFreqValue &rArr; __aeabi_uldivmod
</UL>
<BR>[Calls]<UL><LI><a href="#[dc]">&gt;&gt;</a>&nbsp;&nbsp;&nbsp;App_CommonUpperSCI3
<LI><a href="#[db]">&gt;&gt;</a>&nbsp;&nbsp;&nbsp;App_CommonUpperSCI2
<LI><a href="#[da]">&gt;&gt;</a>&nbsp;&nbsp;&nbsp;App_CommonUpperSCI1
</UL>
<BR>[Called By]<UL><LI><a href="#[102]">&gt;&gt;</a>&nbsp;&nbsp;&nbsp;App_Sci
</UL>

<P><STRONG><a name="[da]"></a>App_CommonUpperSCI1</STRONG> (Thumb, 254 bytes, Stack size 32 bytes, uart_upper.o(i.App_CommonUpperSCI1))
<BR><BR>[Stack]<UL><LI>Max Depth = 312<LI>Call Chain = App_CommonUpperSCI1 &rArr; Sci_Deal_WrReg_0x06 &rArr; Sci_WrReg_0x06_Reset_CalibCoef &rArr; WriteEEPROM_Word_WithZone &rArr; WriteEEPROM_Word_NoZone &rArr; WriteEEPROM_Byte &rArr; IIC_Wait_Ack_SEE &rArr; IIC_Stop_SEE &rArr; __delay_us &rArr; RCC_GetClocksFreqValue &rArr; __aeabi_uldivmod
</UL>
<BR>[Calls]<UL><LI><a href="#[e1]">&gt;&gt;</a>&nbsp;&nbsp;&nbsp;Sci_Deal_WrRegs_0x10
<LI><a href="#[e0]">&gt;&gt;</a>&nbsp;&nbsp;&nbsp;Sci_Deal_WrReg_0x06
<LI><a href="#[df]">&gt;&gt;</a>&nbsp;&nbsp;&nbsp;Sci_Deal_ReadRegs_0x03
<LI><a href="#[e3]">&gt;&gt;</a>&nbsp;&nbsp;&nbsp;Sci_ACK_0x06_0x10
<LI><a href="#[e2]">&gt;&gt;</a>&nbsp;&nbsp;&nbsp;Sci_ACK_0x03
<LI><a href="#[dd]">&gt;&gt;</a>&nbsp;&nbsp;&nbsp;Sci1_CommonUpper_Tx_Deal
<LI><a href="#[de]">&gt;&gt;</a>&nbsp;&nbsp;&nbsp;CRC_verify
</UL>
<BR>[Called By]<UL><LI><a href="#[d9]">&gt;&gt;</a>&nbsp;&nbsp;&nbsp;App_CommonUpper
</UL>

<P><STRONG><a name="[db]"></a>App_CommonUpperSCI2</STRONG> (Thumb, 254 bytes, Stack size 32 bytes, uart_upper.o(i.App_CommonUpperSCI2))
<BR><BR>[Stack]<UL><LI>Max Depth = 312<LI>Call Chain = App_CommonUpperSCI2 &rArr; Sci_Deal_WrReg_0x06 &rArr; Sci_WrReg_0x06_Reset_CalibCoef &rArr; WriteEEPROM_Word_WithZone &rArr; WriteEEPROM_Word_NoZone &rArr; WriteEEPROM_Byte &rArr; IIC_Wait_Ack_SEE &rArr; IIC_Stop_SEE &rArr; __delay_us &rArr; RCC_GetClocksFreqValue &rArr; __aeabi_uldivmod
</UL>
<BR>[Calls]<UL><LI><a href="#[e1]">&gt;&gt;</a>&nbsp;&nbsp;&nbsp;Sci_Deal_WrRegs_0x10
<LI><a href="#[e0]">&gt;&gt;</a>&nbsp;&nbsp;&nbsp;Sci_Deal_WrReg_0x06
<LI><a href="#[df]">&gt;&gt;</a>&nbsp;&nbsp;&nbsp;Sci_Deal_ReadRegs_0x03
<LI><a href="#[e3]">&gt;&gt;</a>&nbsp;&nbsp;&nbsp;Sci_ACK_0x06_0x10
<LI><a href="#[e2]">&gt;&gt;</a>&nbsp;&nbsp;&nbsp;Sci_ACK_0x03
<LI><a href="#[e4]">&gt;&gt;</a>&nbsp;&nbsp;&nbsp;Sci2_CommonUpper_Tx_Deal
<LI><a href="#[de]">&gt;&gt;</a>&nbsp;&nbsp;&nbsp;CRC_verify
</UL>
<BR>[Called By]<UL><LI><a href="#[d9]">&gt;&gt;</a>&nbsp;&nbsp;&nbsp;App_CommonUpper
</UL>

<P><STRONG><a name="[dc]"></a>App_CommonUpperSCI3</STRONG> (Thumb, 266 bytes, Stack size 32 bytes, uart_upper.o(i.App_CommonUpperSCI3))
<BR><BR>[Stack]<UL><LI>Max Depth = 312<LI>Call Chain = App_CommonUpperSCI3 &rArr; Sci_Deal_WrReg_0x06 &rArr; Sci_WrReg_0x06_Reset_CalibCoef &rArr; WriteEEPROM_Word_WithZone &rArr; WriteEEPROM_Word_NoZone &rArr; WriteEEPROM_Byte &rArr; IIC_Wait_Ack_SEE &rArr; IIC_Stop_SEE &rArr; __delay_us &rArr; RCC_GetClocksFreqValue &rArr; __aeabi_uldivmod
</UL>
<BR>[Calls]<UL><LI><a href="#[e6]">&gt;&gt;</a>&nbsp;&nbsp;&nbsp;Sci3_CommonUpper_FaultChk
<LI><a href="#[e1]">&gt;&gt;</a>&nbsp;&nbsp;&nbsp;Sci_Deal_WrRegs_0x10
<LI><a href="#[e0]">&gt;&gt;</a>&nbsp;&nbsp;&nbsp;Sci_Deal_WrReg_0x06
<LI><a href="#[df]">&gt;&gt;</a>&nbsp;&nbsp;&nbsp;Sci_Deal_ReadRegs_0x03
<LI><a href="#[e3]">&gt;&gt;</a>&nbsp;&nbsp;&nbsp;Sci_ACK_0x06_0x10
<LI><a href="#[e2]">&gt;&gt;</a>&nbsp;&nbsp;&nbsp;Sci_ACK_0x03
<LI><a href="#[e5]">&gt;&gt;</a>&nbsp;&nbsp;&nbsp;Sci3_CommonUpper_Tx_Deal
<LI><a href="#[de]">&gt;&gt;</a>&nbsp;&nbsp;&nbsp;CRC_verify
</UL>
<BR>[Called By]<UL><LI><a href="#[d9]">&gt;&gt;</a>&nbsp;&nbsp;&nbsp;App_CommonUpper
</UL>

<P><STRONG><a name="[f2]"></a>App_DI1_Switch</STRONG> (Thumb, 2 bytes, Stack size 0 bytes, drivers_ctrl.o(i.App_DI1_Switch))
<BR><BR>[Called By]<UL><LI><a href="#[f0]">&gt;&gt;</a>&nbsp;&nbsp;&nbsp;App_MOS_Relay_Ctrl
</UL>

<P><STRONG><a name="[e7]"></a>App_Heat_Cool_Ctrl</STRONG> (Thumb, 14 bytes, Stack size 8 bytes, heat_cool.o(i.App_Heat_Cool_Ctrl))
<BR><BR>[Stack]<UL><LI>Max Depth = 36<LI>Call Chain = App_Heat_Cool_Ctrl &rArr; Heat_Control &rArr; System_FUNC_StartUp
</UL>
<BR>[Calls]<UL><LI><a href="#[e8]">&gt;&gt;</a>&nbsp;&nbsp;&nbsp;Heat_Control
<LI><a href="#[e9]">&gt;&gt;</a>&nbsp;&nbsp;&nbsp;Cool_Control
</UL>
<BR>[Called By]<UL><LI><a href="#[78]">&gt;&gt;</a>&nbsp;&nbsp;&nbsp;main
</UL>

<P><STRONG><a name="[ea]"></a>App_IchgOcp_FirstCheck</STRONG> (Thumb, 182 bytes, Stack size 32 bytes, fault.o(i.App_IchgOcp_FirstCheck))
<BR><BR>[Stack]<UL><LI>Max Depth = 44<LI>Call Chain = App_IchgOcp_FirstCheck &rArr; App_PubOPUPChk
</UL>
<BR>[Calls]<UL><LI><a href="#[b2]">&gt;&gt;</a>&nbsp;&nbsp;&nbsp;App_PubOPUPChk
[...]
</UL>
<BR>[Calls]<UL><LI><a href="#[25b]">&gt;&gt;</a>&nbsp;&nbsp;&nbsp;USART_GetIntStatus
<LI><a href="#[25a]">&gt;&gt;</a>&nbsp;&nbsp;&nbsp;USART_GetFlagStatus
<LI><a href="#[25c]">&gt;&gt;</a>&nbsp;&nbsp;&nbsp;Sci3_CommonUpper_Rx_Deal
<LI><a href="#[e6]">&gt;&gt;</a>&nbsp;&nbsp;&nbsp;Sci3_CommonUpper_FaultChk
</UL>
<BR>[Address Reference Count : 1]<UL><LI> startup_n32h474.o(RESET)
</UL>
<P><STRONG><a name="[3d]"></a>USART4_IRQHandler</STRONG> (Thumb, 64 bytes, Stack size 8 bytes, n32h47x_48x_it.o(i.USART4_IRQHandler))
<BR><BR>[Stack]<UL><LI>Max Depth = 24<LI>Call Chain = USART4_IRQHandler &rArr; Sci1_CommonUpper_Rx_Deal
</UL>
<BR>[Calls]<UL><LI><a href="#[25b]">&gt;&gt;</a>&nbsp;&nbsp;&nbsp;USART_GetIntStatus
<LI><a href="#[25a]">&gt;&gt;</a>&nbsp;&nbsp;&nbsp;USART_GetFlagStatus
<LI><a href="#[260]">&gt;&gt;</a>&nbsp;&nbsp;&nbsp;Sci1_CommonUpper_Rx_Deal
<LI><a href="#[25f]">&gt;&gt;</a>&nbsp;&nbsp;&nbsp;Sci1_CommonUpper_FaultChk
</UL>
<BR>[Address Reference Count : 1]<UL><LI> startup_n32h474.o(RESET)
</UL>
<P><STRONG><a name="[1f2]"></a>USART_CfgDriverAssertTime</STRONG> (Thumb, 18 bytes, Stack size 0 bytes, n32h47x_48x_usart.o(i.USART_CfgDriverAssertTime))
<BR><BR>[Called By]<UL><LI><a href="#[1ec]">&gt;&gt;</a>&nbsp;&nbsp;&nbsp;InitUART_CommonUpper1
</UL>

<P><STRONG><a name="[1f3]"></a>USART_CfgDriverdeassertTime</STRONG> (Thumb, 18 bytes, Stack size 0 bytes, n32h47x_48x_usart.o(i.USART_CfgDriverdeassertTime))
<BR><BR>[Called By]<UL><LI><a href="#[1ec]">&gt;&gt;</a>&nbsp;&nbsp;&nbsp;InitUART_CommonUpper1
</UL>

<P><STRONG><a name="[1f6]"></a>USART_ConfigInt</STRONG> (Thumb, 46 bytes, Stack size 8 bytes, n32h47x_48x_usart.o(i.USART_ConfigInt))
<BR><BR>[Stack]<UL><LI>Max Depth = 8<LI>Call Chain = USART_ConfigInt
</UL>
<BR>[Called By]<UL><LI><a href="#[1ee]">&gt;&gt;</a>&nbsp;&nbsp;&nbsp;InitUART_CommonUpper3
<LI><a href="#[1ed]">&gt;&gt;</a>&nbsp;&nbsp;&nbsp;InitUART_CommonUpper2
<LI><a href="#[1ec]">&gt;&gt;</a>&nbsp;&nbsp;&nbsp;InitUART_CommonUpper1
</UL>

<P><STRONG><a name="[1f5]"></a>USART_DriverModeSet</STRONG> (Thumb, 24 bytes, Stack size 0 bytes, n32h47x_48x_usart.o(i.USART_DriverModeSet))
<BR><BR>[Called By]<UL><LI><a href="#[1ec]">&gt;&gt;</a>&nbsp;&nbsp;&nbsp;InitUART_CommonUpper1
</UL>

<P><STRONG><a name="[1f4]"></a>USART_DriverPolaritySet</STRONG> (Thumb, 24 bytes, Stack size 0 bytes, n32h47x_48x_usart.o(i.USART_DriverPolaritySet))
<BR><BR>[Called By]<UL><LI><a href="#[1ec]">&gt;&gt;</a>&nbsp;&nbsp;&nbsp;InitUART_CommonUpper1
</UL>

<P><STRONG><a name="[1f7]"></a>USART_Enable</STRONG> (Thumb, 24 bytes, Stack size 0 bytes, n32h47x_48x_usart.o(i.USART_Enable))
<BR><BR>[Called By]<UL><LI><a href="#[1ee]">&gt;&gt;</a>&nbsp;&nbsp;&nbsp;InitUART_CommonUpper3
<LI><a href="#[1ed]">&gt;&gt;</a>&nbsp;&nbsp;&nbsp;InitUART_CommonUpper2
<LI><a href="#[1ec]">&gt;&gt;</a>&nbsp;&nbsp;&nbsp;InitUART_CommonUpper1
</UL>

<P><STRONG><a name="[25a]"></a>USART_GetFlagStatus</STRONG> (Thumb, 14 bytes, Stack size 0 bytes, n32h47x_48x_usart.o(i.USART_GetFlagStatus))
<BR><BR>[Called By]<UL><LI><a href="#[3d]">&gt;&gt;</a>&nbsp;&nbsp;&nbsp;USART4_IRQHandler
<LI><a href="#[31]">&gt;&gt;</a>&nbsp;&nbsp;&nbsp;USART3_IRQHandler
<LI><a href="#[2f]">&gt;&gt;</a>&nbsp;&nbsp;&nbsp;USART1_IRQHandler
<LI><a href="#[54]">&gt;&gt;</a>&nbsp;&nbsp;&nbsp;UART7_IRQHandler
<LI><a href="#[3e]">&gt;&gt;</a>&nbsp;&nbsp;&nbsp;UART5_IRQHandler
</UL>

<P><STRONG><a name="[25b]"></a>USART_GetIntStatus</STRONG> (Thumb, 48 bytes, Stack size 0 bytes, n32h47x_48x_usart.o(i.USART_GetIntStatus))
<BR><BR>[Called By]<UL><LI><a href="#[3d]">&gt;&gt;</a>&nbsp;&nbsp;&nbsp;USART4_IRQHandler
<LI><a href="#[31]">&gt;&gt;</a>&nbsp;&nbsp;&nbsp;USART3_IRQHandler
<LI><a href="#[2f]">&gt;&gt;</a>&nbsp;&nbsp;&nbsp;USART1_IRQHandler
<LI><a href="#[54]">&gt;&gt;</a>&nbsp;&nbsp;&nbsp;UART7_IRQHandler
<LI><a href="#[3e]">&gt;&gt;</a>&nbsp;&nbsp;&nbsp;UART5_IRQHandler
</UL>

<P><STRONG><a name="[1f1]"></a>USART_Init</STRONG> (Thumb, 218 bytes, Stack size 40 bytes, n32h47x_48x_usart.o(i.USART_Init))
<BR><BR>[Stack]<UL><LI>Max Depth = 152<LI>Call Chain = USART_Init &rArr; RCC_GetClocksFreqValue &rArr; __aeabi_uldivmod
</UL>
<BR>[Calls]<UL><LI><a href="#[182]">&gt;&gt;</a>&nbsp;&nbsp;&nbsp;RCC_GetClocksFreqValue
</UL>
<BR>[Called By]<UL><LI><a href="#[1ee]">&gt;&gt;</a>&nbsp;&nbsp;&nbsp;InitUART_CommonUpper3
<LI><a href="#[1ed]">&gt;&gt;</a>&nbsp;&nbsp;&nbsp;InitUART_CommonUpper2
<LI><a href="#[1ec]">&gt;&gt;</a>&nbsp;&nbsp;&nbsp;InitUART_CommonUpper1
</UL>

<P><STRONG><a name="[9c]"></a>UV_Config</STRONG> (Thumb, 130 bytes, Stack size 8 bytes, protection.o(i.UV_Config))
<BR><BR>[Stack]<UL><LI>Max Depth = 256<LI>Call Chain = UV_Config &rArr; DVC11XX_WriteRegs &rArr; IIC_WriteDataWithCRC &rArr; IIC_TransferDataRaw &rArr; I2C_Configure &rArr; I2C_Init &rArr; RCC_GetClocksFreqValue &rArr; __aeabi_uldivmod
</UL>
<BR>[Calls]<UL><LI><a href="#[93]">&gt;&gt;</a>&nbsp;&nbsp;&nbsp;DVC11XX_WriteRegs
</UL>
<BR>[Called By]<UL><LI><a href="#[9a]">&gt;&gt;</a>&nbsp;&nbsp;&nbsp;AFE_ProtectInit
<LI><a href="#[21c]">&gt;&gt;</a>&nbsp;&nbsp;&nbsp;Protection_Config
</UL>

<P><STRONG><a name="[214]"></a>Uart_R_PC_LCD_ACK_0x03</STRONG> (Thumb, 736 bytes, Stack size 24 bytes, uart_lcd.o(i.Uart_R_PC_LCD_ACK_0x03))
<BR><BR>[Stack]<UL><LI>Max Depth = 48<LI>Call Chain = Uart_R_PC_LCD_ACK_0x03 &rArr; R_LCD_FillData &rArr; System_ERROR_UserCallback
</UL>
<BR>[Calls]<UL><LI><a href="#[21d]">&gt;&gt;</a>&nbsp;&nbsp;&nbsp;R_LCD_FillData
</UL>
<BR>[Called By]<UL><LI><a href="#[213]">&gt;&gt;</a>&nbsp;&nbsp;&nbsp;Sci_ACK_0x03_R_PC_LCD
</UL>

<P><STRONG><a name="[5]"></a>UsageFault_Handler</STRONG> (Thumb, 2 bytes, Stack size 0 bytes, n32h47x_48x_it.o(i.UsageFault_Handler))
<BR><BR>[Calls]<UL><LI><a href="#[5]">&gt;&gt;</a>&nbsp;&nbsp;&nbsp;UsageFault_Handler
</UL>
<BR>[Called By]<UL><LI><a href="#[5]">&gt;&gt;</a>&nbsp;&nbsp;&nbsp;UsageFault_Handler
</UL>
<BR>[Address Reference Count : 1]<UL><LI> startup_n32h474.o(RESET)
</UL>
<P><STRONG><a name="[261]"></a>WriteEEPROM_Byte</STRONG> (Thumb, 128 bytes, Stack size 16 bytes, eeprom.o(i.WriteEEPROM_Byte))
<BR><BR>[Stack]<UL><LI>Max Depth = 192<LI>Call Chain = WriteEEPROM_Byte &rArr; IIC_Wait_Ack_SEE &rArr; IIC_Stop_SEE &rArr; __delay_us &rArr; RCC_GetClocksFreqValue &rArr; __aeabi_uldivmod
</UL>
<BR>[Calls]<UL><LI><a href="#[21f]">&gt;&gt;</a>&nbsp;&nbsp;&nbsp;IWDG_ReloadKey
<LI><a href="#[107]">&gt;&gt;</a>&nbsp;&nbsp;&nbsp;__delay_ms
<LI><a href="#[196]">&gt;&gt;</a>&nbsp;&nbsp;&nbsp;IIC_Wait_Ack_SEE
<LI><a href="#[18d]">&gt;&gt;</a>&nbsp;&nbsp;&nbsp;IIC_Stop_SEE
<LI><a href="#[18c]">&gt;&gt;</a>&nbsp;&nbsp;&nbsp;IIC_Start_SEE
<LI><a href="#[18b]">&gt;&gt;</a>&nbsp;&nbsp;&nbsp;IIC_Send_Byte_SEE
</UL>
<BR>[Called By]<UL><LI><a href="#[262]">&gt;&gt;</a>&nbsp;&nbsp;&nbsp;WriteEEPROM_Word_NoZone
</UL>

<P><STRONG><a name="[262]"></a>WriteEEPROM_Word_NoZone</STRONG> (Thumb, 86 bytes, Stack size 32 bytes, eeprom.o(i.WriteEEPROM_Word_NoZone))
<BR><BR>[Stack]<UL><LI>Max Depth = 224<LI>Call Chain = WriteEEPROM_Word_NoZone &rArr; WriteEEPROM_Byte &rArr; IIC_Wait_Ack_SEE &rArr; IIC_Stop_SEE &rArr; __delay_us &rArr; RCC_GetClocksFreqValue &rArr; __aeabi_uldivmod
</UL>
<BR>[Calls]<UL><LI><a href="#[261]">&gt;&gt;</a>&nbsp;&nbsp;&nbsp;WriteEEPROM_Byte
<LI><a href="#[21e]">&gt;&gt;</a>&nbsp;&nbsp;&nbsp;ReadEEPROM_Byte
</UL>
<BR>[Called By]<UL><LI><a href="#[24f]">&gt;&gt;</a>&nbsp;&nbsp;&nbsp;WriteEEPROM_Word_WithZone
</UL>

<P><STRONG><a name="[24f]"></a>WriteEEPROM_Word_WithZone</STRONG> (Thumb, 62 bytes, Stack size 16 bytes, eeprom.o(i.WriteEEPROM_Word_WithZone))
<BR><BR>[Stack]<UL><LI>Max Depth = 240<LI>Call Chain = WriteEEPROM_Word_WithZone &rArr; WriteEEPROM_Word_NoZone &rArr; WriteEEPROM_Byte &rArr; IIC_Wait_Ack_SEE &rArr; IIC_Stop_SEE &rArr; __delay_us &rArr; RCC_GetClocksFreqValue &rArr; __aeabi_uldivmod
</UL>
<BR>[Calls]<UL><LI><a href="#[a4]">&gt;&gt;</a>&nbsp;&nbsp;&nbsp;System_ERROR_UserCallback
<LI><a href="#[262]">&gt;&gt;</a>&nbsp;&nbsp;&nbsp;WriteEEPROM_Word_NoZone
</UL>
<BR>[Called By]<UL><LI><a href="#[237]">&gt;&gt;</a>&nbsp;&nbsp;&nbsp;Sci_WrReg_0x06_Reset_CalibCoef
</UL>

<P><STRONG><a name="[107]"></a>__delay_ms</STRONG> (Thumb, 58 bytes, Stack size 40 bytes, timer.o(i.__delay_ms))
<BR><BR>[Stack]<UL><LI>Max Depth = 152<LI>Call Chain = __delay_ms &rArr; RCC_GetClocksFreqValue &rArr; __aeabi_uldivmod
</UL>
<BR>[Calls]<UL><LI><a href="#[182]">&gt;&gt;</a>&nbsp;&nbsp;&nbsp;RCC_GetClocksFreqValue
<LI><a href="#[263]">&gt;&gt;</a>&nbsp;&nbsp;&nbsp;DBG_SysTick_Config
</UL>
<BR>[Called By]<UL><LI><a href="#[261]">&gt;&gt;</a>&nbsp;&nbsp;&nbsp;WriteEEPROM_Byte
<LI><a href="#[106]">&gt;&gt;</a>&nbsp;&nbsp;&nbsp;App_Sys_FlashUpdate
</UL>

<P><STRONG><a name="[184]"></a>__delay_us</STRONG> (Thumb, 62 bytes, Stack size 40 bytes, timer.o(i.__delay_us))
<BR><BR>[Stack]<UL><LI>Max Depth = 152<LI>Call Chain = __delay_us &rArr; RCC_GetClocksFreqValue &rArr; __aeabi_uldivmod
</UL>
<BR>[Calls]<UL><LI><a href="#[182]">&gt;&gt;</a>&nbsp;&nbsp;&nbsp;RCC_GetClocksFreqValue
<LI><a href="#[263]">&gt;&gt;</a>&nbsp;&nbsp;&nbsp;DBG_SysTick_Config
</UL>
<BR>[Called By]<UL><LI><a href="#[196]">&gt;&gt;</a>&nbsp;&nbsp;&nbsp;IIC_Wait_Ack_SEE
<LI><a href="#[18d]">&gt;&gt;</a>&nbsp;&nbsp;&nbsp;IIC_Stop_SEE
<LI><a href="#[18c]">&gt;&gt;</a>&nbsp;&nbsp;&nbsp;IIC_Start_SEE
<LI><a href="#[18b]">&gt;&gt;</a>&nbsp;&nbsp;&nbsp;IIC_Send_Byte_SEE
<LI><a href="#[18a]">&gt;&gt;</a>&nbsp;&nbsp;&nbsp;IIC_Read_Byte_SEE
<LI><a href="#[187]">&gt;&gt;</a>&nbsp;&nbsp;&nbsp;IIC_NAck_SEE
<LI><a href="#[183]">&gt;&gt;</a>&nbsp;&nbsp;&nbsp;IIC_Ack_SEE
<LI><a href="#[14a]">&gt;&gt;</a>&nbsp;&nbsp;&nbsp;delay_us
</UL>

<P><STRONG><a name="[281]"></a>__scatterload_copy</STRONG> (Thumb, 14 bytes, Stack size unknown bytes, handlers.o(i.__scatterload_copy), UNUSED)

<P><STRONG><a name="[282]"></a>__scatterload_null</STRONG> (Thumb, 2 bytes, Stack size unknown bytes, handlers.o(i.__scatterload_null), UNUSED)

<P><STRONG><a name="[283]"></a>__scatterload_zeroinit</STRONG> (Thumb, 14 bytes, Stack size unknown bytes, handlers.o(i.__scatterload_zeroinit), UNUSED)

<P><STRONG><a name="[189]"></a>calc_crc8</STRONG> (Thumb, 32 bytes, Stack size 8 bytes, dvc11xx.o(i.calc_crc8))
<BR><BR>[Stack]<UL><LI>Max Depth = 8<LI>Call Chain = calc_crc8
</UL>
<BR>[Called By]<UL><LI><a href="#[14b]">&gt;&gt;</a>&nbsp;&nbsp;&nbsp;IIC_WriteDataWithCRC
<LI><a href="#[149]">&gt;&gt;</a>&nbsp;&nbsp;&nbsp;IIC_ReadDataWithCRC
</UL>

<P><STRONG><a name="[20d]"></a>delay_ms</STRONG> (Thumb, 2 bytes, Stack size 0 bytes, delay.o(i.delay_ms))
<BR><BR>[Called By]<UL><LI><a href="#[256]">&gt;&gt;</a>&nbsp;&nbsp;&nbsp;TASK_JiChe_InitFun
<LI><a href="#[20b]">&gt;&gt;</a>&nbsp;&nbsp;&nbsp;OnJiChe_Current
</UL>

<P><STRONG><a name="[14a]"></a>delay_us</STRONG> (Thumb, 4 bytes, Stack size 0 bytes, delay.o(i.delay_us))
<BR><BR>[Stack]<UL><LI>Max Depth = 152<LI>Call Chain = delay_us &rArr; __delay_us &rArr; RCC_GetClocksFreqValue &rArr; __aeabi_uldivmod
</UL>
<BR>[Calls]<UL><LI><a href="#[184]">&gt;&gt;</a>&nbsp;&nbsp;&nbsp;__delay_us
</UL>
<BR>[Called By]<UL><LI><a href="#[148]">&gt;&gt;</a>&nbsp;&nbsp;&nbsp;DVC11XX_ReadRegs
<LI><a href="#[93]">&gt;&gt;</a>&nbsp;&nbsp;&nbsp;DVC11XX_WriteRegs
</UL>

<P><STRONG><a name="[186]"></a>i2c_master_init</STRONG> (Thumb, 198 bytes, Stack size 64 bytes, i2c.o(i.i2c_master_init))
<BR><BR>[Stack]<UL><LI>Max Depth = 224<LI>Call Chain = i2c_master_init &rArr; I2C_Init &rArr; RCC_GetClocksFreqValue &rArr; __aeabi_uldivmod
</UL>
<BR>[Calls]<UL><LI><a href="#[1a3]">&gt;&gt;</a>&nbsp;&nbsp;&nbsp;GPIO_InitStruct
<LI><a href="#[1a4]">&gt;&gt;</a>&nbsp;&nbsp;&nbsp;GPIO_InitPeripheral
<LI><a href="#[264]">&gt;&gt;</a>&nbsp;&nbsp;&nbsp;I2C_InitStruct
<LI><a href="#[17e]">&gt;&gt;</a>&nbsp;&nbsp;&nbsp;I2C_Init
<LI><a href="#[17f]">&gt;&gt;</a>&nbsp;&nbsp;&nbsp;I2C_Enable
<LI><a href="#[180]">&gt;&gt;</a>&nbsp;&nbsp;&nbsp;I2C_DeInit
<LI><a href="#[1d5]">&gt;&gt;</a>&nbsp;&nbsp;&nbsp;RCC_EnableAPB2PeriphClk
<LI><a href="#[1a5]">&gt;&gt;</a>&nbsp;&nbsp;&nbsp;RCC_EnableAPB1PeriphClk
<LI><a href="#[1b1]">&gt;&gt;</a>&nbsp;&nbsp;&nbsp;RCC_EnableAHB1PeriphClk
</UL>
<BR>[Called By]<UL><LI><a href="#[185]">&gt;&gt;</a>&nbsp;&nbsp;&nbsp;IIC_Init
</UL>

<P><STRONG><a name="[78]"></a>main</STRONG> (Thumb, 82 bytes, Stack size 0 bytes, main.o(i.main))
<BR><BR>[Stack]<UL><LI>Max Depth = 320<LI>Call Chain = main &rArr; App_Sci &rArr; App_CommonUpper &rArr; App_CommonUpperSCI3 &rArr; Sci_Deal_WrReg_0x06 &rArr; Sci_WrReg_0x06_Reset_CalibCoef &rArr; WriteEEPROM_Word_WithZone &rArr; WriteEEPROM_Word_NoZone &rArr; WriteEEPROM_Byte &rArr; IIC_Wait_Ack_SEE &rArr; IIC_Stop_SEE &rArr; __delay_us &rArr; RCC_GetClocksFreqValue &rArr; __aeabi_uldivmod
</UL>
<BR>[Calls]<UL><LI><a href="#[21f]">&gt;&gt;</a>&nbsp;&nbsp;&nbsp;IWDG_ReloadKey
<LI><a href="#[af]">&gt;&gt;</a>&nbsp;&nbsp;&nbsp;App_BalanceProcess
<LI><a href="#[a5]">&gt;&gt;</a>&nbsp;&nbsp;&nbsp;App_ADC
<LI><a href="#[106]">&gt;&gt;</a>&nbsp;&nbsp;&nbsp;App_Sys_FlashUpdate
<LI><a href="#[266]">&gt;&gt;</a>&nbsp;&nbsp;&nbsp;App_SysPower
<LI><a href="#[265]">&gt;&gt;</a>&nbsp;&nbsp;&nbsp;App_SysTime
<LI><a href="#[103]">&gt;&gt;</a>&nbsp;&nbsp;&nbsp;App_ShortCurDeal_AFE
<LI><a href="#[255]">&gt;&gt;</a>&nbsp;&nbsp;&nbsp;TASK_JiChe_APP
<LI><a href="#[10b]">&gt;&gt;</a>&nbsp;&nbsp;&nbsp;App_WarnCtrl
<LI><a href="#[102]">&gt;&gt;</a>&nbsp;&nbsp;&nbsp;App_Sci
<LI><a href="#[fd]">&gt;&gt;</a>&nbsp;&nbsp;&nbsp;App_SOC
<LI><a href="#[f0]">&gt;&gt;</a>&nbsp;&nbsp;&nbsp;App_MOS_Relay_Ctrl
<LI><a href="#[e7]">&gt;&gt;</a>&nbsp;&nbsp;&nbsp;App_Heat_Cool_Ctrl
<LI><a href="#[d6]">&gt;&gt;</a>&nbsp;&nbsp;&nbsp;App_ChargerLoad_Det
<LI><a href="#[bc]">&gt;&gt;</a>&nbsp;&nbsp;&nbsp;App_CanCom
<LI><a href="#[ba]">&gt;&gt;</a>&nbsp;&nbsp;&nbsp;App_CBC
<LI><a href="#[1f8]">&gt;&gt;</a>&nbsp;&nbsp;&nbsp;InitVar
<LI><a href="#[1c7]">&gt;&gt;</a>&nbsp;&nbsp;&nbsp;InitDevice
<LI><a href="#[a9]">&gt;&gt;</a>&nbsp;&nbsp;&nbsp;App_AFE_DataDeal
<LI><a href="#[fa]">&gt;&gt;</a>&nbsp;&nbsp;&nbsp;App_ParaSave_Flash
</UL>
<BR>[Address Reference Count : 1]<UL><LI> entry9a.o(.ARM.Collect$$$$0000000B)
</UL>
<P><STRONG><a name="[1eb]"></a>runtimeSOC_Get_SocWord</STRONG> (Thumb, 192 bytes, Stack size 24 bytes, runtimedata_save_flash.o(i.runtimeSOC_Get_SocWord))
<BR><BR>[Stack]<UL><LI>Max Depth = 24<LI>Call Chain = runtimeSOC_Get_SocWord
</UL>
<BR>[Calls]<UL><LI><a href="#[267]">&gt;&gt;</a>&nbsp;&nbsp;&nbsp;runtimeSOC_Read_UINT32
</UL>
<BR>[Called By]<UL><LI><a href="#[129]">&gt;&gt;</a>&nbsp;&nbsp;&nbsp;SOC_DealEEPROM_Data
<LI><a href="#[1ea]">&gt;&gt;</a>&nbsp;&nbsp;&nbsp;InitSOC_IntEnhance
</UL>

<P><STRONG><a name="[268]"></a>runtimeSOC_PageErase</STRONG> (Thumb, 12 bytes, Stack size 0 bytes, runtimedata_save_flash.o(i.runtimeSOC_PageErase))
<BR><BR>[Stack]<UL><LI>Max Depth = 24<LI>Call Chain = runtimeSOC_PageErase &rArr; FlashErase_OnePage &rArr; FLASH_EraseOnePage &rArr; FLASH_WaitForLastOpt
</UL>
<BR>[Calls]<UL><LI><a href="#[168]">&gt;&gt;</a>&nbsp;&nbsp;&nbsp;FlashErase_OnePage
</UL>
<BR>[Called By]<UL><LI><a href="#[22a]">&gt;&gt;</a>&nbsp;&nbsp;&nbsp;runtimeSOC_Write_SocWord
</UL>

<P><STRONG><a name="[267]"></a>runtimeSOC_Read_UINT32</STRONG> (Thumb, 36 bytes, Stack size 0 bytes, runtimedata_save_flash.o(i.runtimeSOC_Read_UINT32))
<BR><BR>[Calls]<UL><LI><a href="#[269]">&gt;&gt;</a>&nbsp;&nbsp;&nbsp;FlashRead_OneWord
</UL>
<BR>[Called By]<UL><LI><a href="#[1eb]">&gt;&gt;</a>&nbsp;&nbsp;&nbsp;runtimeSOC_Get_SocWord
</UL>

<P><STRONG><a name="[26a]"></a>runtimeSOC_Write_2Word</STRONG> (Thumb, 34 bytes, Stack size 0 bytes, runtimedata_save_flash.o(i.runtimeSOC_Write_2Word))
<BR><BR>[Stack]<UL><LI>Max Depth = 40<LI>Call Chain = runtimeSOC_Write_2Word &rArr; FlashWrite_DoubleWord_NoErase &rArr; FLASH_ProgramdoubleWord &rArr; FLASH_WaitForLastOpt
</UL>
<BR>[Calls]<UL><LI><a href="#[16d]">&gt;&gt;</a>&nbsp;&nbsp;&nbsp;FlashWrite_DoubleWord_NoErase
</UL>
<BR>[Called By]<UL><LI><a href="#[22a]">&gt;&gt;</a>&nbsp;&nbsp;&nbsp;runtimeSOC_Write_SocWord
</UL>

<P><STRONG><a name="[22a]"></a>runtimeSOC_Write_SocWord</STRONG> (Thumb, 72 bytes, Stack size 16 bytes, runtimedata_save_flash.o(i.runtimeSOC_Write_SocWord))
<BR><BR>[Stack]<UL><LI>Max Depth = 56<LI>Call Chain = runtimeSOC_Write_SocWord &rArr; runtimeSOC_Write_2Word &rArr; FlashWrite_DoubleWord_NoErase &rArr; FLASH_ProgramdoubleWord &rArr; FLASH_WaitForLastOpt
</UL>
<BR>[Calls]<UL><LI><a href="#[26a]">&gt;&gt;</a>&nbsp;&nbsp;&nbsp;runtimeSOC_Write_2Word
<LI><a href="#[268]">&gt;&gt;</a>&nbsp;&nbsp;&nbsp;runtimeSOC_PageErase
</UL>
<BR>[Called By]<UL><LI><a href="#[22c]">&gt;&gt;</a>&nbsp;&nbsp;&nbsp;SOC_Update_StartUp
<LI><a href="#[22b]">&gt;&gt;</a>&nbsp;&nbsp;&nbsp;SOC_EEPROM_Deal_Monitor
<LI><a href="#[129]">&gt;&gt;</a>&nbsp;&nbsp;&nbsp;SOC_DealEEPROM_Data
</UL>
<P>
<H3>
Local Symbols
</H3>
<P><STRONG><a name="[253]"></a>SetStartupVolt</STRONG> (Thumb, 114 bytes, Stack size 0 bytes, system_n32h47x_48x.o(i.SetStartupVolt))
<BR><BR>[Called By]<UL><LI><a href="#[79]">&gt;&gt;</a>&nbsp;&nbsp;&nbsp;SystemInit
</UL>

<P><STRONG><a name="[252]"></a>SetSysClock</STRONG> (Thumb, 140 bytes, Stack size 0 bytes, system_n32h47x_48x.o(i.SetSysClock))
<BR><BR>[Called By]<UL><LI><a href="#[79]">&gt;&gt;</a>&nbsp;&nbsp;&nbsp;SystemInit
</UL>

<P><STRONG><a name="[15e]"></a>FDCAN_CopyMsgToRAM</STRONG> (Thumb, 122 bytes, Stack size 12 bytes, n32h47x_48x_fdcan.o(i.FDCAN_CopyMsgToRAM))
<BR><BR>[Stack]<UL><LI>Max Depth = 12<LI>Call Chain = FDCAN_CopyMsgToRAM
</UL>
<BR>[Called By]<UL><LI><a href="#[12c]">&gt;&gt;</a>&nbsp;&nbsp;&nbsp;FDCAN_AddMsgToTxFifoQ
</UL>

<P><STRONG><a name="[161]"></a>FDCAN_InitMsgRam</STRONG> (Thumb, 340 bytes, Stack size 20 bytes, n32h47x_48x_fdcan.o(i.FDCAN_InitMsgRam))
<BR><BR>[Stack]<UL><LI>Max Depth = 20<LI>Call Chain = FDCAN_InitMsgRam
</UL>
<BR>[Called By]<UL><LI><a href="#[15f]">&gt;&gt;</a>&nbsp;&nbsp;&nbsp;FDCAN_Init
</UL>

<P><STRONG><a name="[263]"></a>DBG_SysTick_Config</STRONG> (Thumb, 42 bytes, Stack size 0 bytes, timer.o(i.DBG_SysTick_Config))
<BR><BR>[Called By]<UL><LI><a href="#[184]">&gt;&gt;</a>&nbsp;&nbsp;&nbsp;__delay_us
<LI><a href="#[107]">&gt;&gt;</a>&nbsp;&nbsp;&nbsp;__delay_ms
</UL>

<P><STRONG><a name="[17d]"></a>I2C_Configure</STRONG> (Thumb, 70 bytes, Stack size 24 bytes, i2c.o(i.I2C_Configure))
<BR><BR>[Stack]<UL><LI>Max Depth = 184<LI>Call Chain = I2C_Configure &rArr; I2C_Init &rArr; RCC_GetClocksFreqValue &rArr; __aeabi_uldivmod
</UL>
<BR>[Calls]<UL><LI><a href="#[17e]">&gt;&gt;</a>&nbsp;&nbsp;&nbsp;I2C_Init
<LI><a href="#[17f]">&gt;&gt;</a>&nbsp;&nbsp;&nbsp;I2C_Enable
</UL>
<BR>[Called By]<UL><LI><a href="#[188]">&gt;&gt;</a>&nbsp;&nbsp;&nbsp;IIC_TransferDataRaw
</UL>

<P><STRONG><a name="[146]"></a>DVC11XX_InitRegs</STRONG> (Thumb, 36 bytes, Stack size 8 bytes, jiche_app.o(i.DVC11XX_InitRegs))
<BR><BR>[Stack]<UL><LI>Max Depth = 256<LI>Call Chain = DVC11XX_InitRegs &rArr; DVC11XX_WriteRegs &rArr; IIC_WriteDataWithCRC &rArr; IIC_TransferDataRaw &rArr; I2C_Configure &rArr; I2C_Init &rArr; RCC_GetClocksFreqValue &rArr; __aeabi_uldivmod
</UL>
<BR>[Calls]<UL><LI><a href="#[93]">&gt;&gt;</a>&nbsp;&nbsp;&nbsp;DVC11XX_WriteRegs
<LI><a href="#[147]">&gt;&gt;</a>&nbsp;&nbsp;&nbsp;__aeabi_memcpy
</UL>
<BR>[Called By]<UL><LI><a href="#[256]">&gt;&gt;</a>&nbsp;&nbsp;&nbsp;TASK_JiChe_InitFun
</UL>

<P><STRONG><a name="[143]"></a>CellVolSecondaryCalibrate</STRONG> (Thumb, 76 bytes, Stack size 0 bytes, voltage.o(i.CellVolSecondaryCalibrate))
<BR><BR>[Called By]<UL><LI><a href="#[142]">&gt;&gt;</a>&nbsp;&nbsp;&nbsp;DVC11XX_Calc_VCell
</UL>

<P><STRONG><a name="[21d]"></a>R_LCD_FillData</STRONG> (Thumb, 630 bytes, Stack size 16 bytes, uart_lcd.o(i.R_LCD_FillData))
<BR><BR>[Stack]<UL><LI>Max Depth = 24<LI>Call Chain = R_LCD_FillData &rArr; System_ERROR_UserCallback
</UL>
<BR>[Calls]<UL><LI><a href="#[a4]">&gt;&gt;</a>&nbsp;&nbsp;&nbsp;System_ERROR_UserCallback
</UL>
<BR>[Called By]<UL><LI><a href="#[214]">&gt;&gt;</a>&nbsp;&nbsp;&nbsp;Uart_R_PC_LCD_ACK_0x03
</UL>
<P>
<H3>
Undefined Global Symbols
</H3><HR></body></html>
